******************************************************************************
                  TI ARM Linker PC v20.2.7                     
******************************************************************************
>> Linked Tue Mar 31 19:16:59 2026

OUTPUT FILE NAME:   <Lab8.out>
ENTRY POINT SYMBOL: "_c_int00_noargs"  address: 00004e5d


MEMORY CONFIGURATION

         name            origin    length      used     unused   attr    fill
----------------------  --------  ---------  --------  --------  ----  --------
  FLASH                 00000000   00040000  0000527f  0003ad81  R  X
  SRAM                  20000000   00008000  0000260a  000059f6  RW X


SEGMENT ALLOCATION MAP

run origin  load origin   length   init length attrs members
----------  ----------- ---------- ----------- ----- -------
00000000    00000000    00005280   00005280    r-x
  00000000    00000000    0000026c   0000026c    r-- .intvecs
  0000026c    0000026c    00004e88   00004e88    r-x .text
  000050f4    000050f4    00000133   00000133    r-- .const
  00005228    00005228    00000058   00000058    r-- .cinit
20000000    20000000    00002611   00000000    rw-
  20000000    20000000    0000026c   00000000    rw- .vtable
  20000270    20000270    00001000   00000000    rw- .stack
  20001270    20001270    00001000   00000000    rw- .sysmem
  20002270    20002270    00000359   00000000    rw- .bss
  200025cc    200025cc    00000045   00000000    rw- .data


SECTION ALLOCATION MAP

 output                                  attributes/
section   page    origin      length       input sections
--------  ----  ----------  ----------   ----------------
.intvecs   0    00000000    0000026c     
                  00000000    0000026c     tm4c1231h6pm_startup_ccs.obj (.intvecs)

.text      0    0000026c    00004e88     
                  0000026c    00000c20     open_interface.obj (.text)
                  00000e8c    00000a4e     rtsv7M4_T_le_v4SPD16_eabi.lib : _printfi.c.obj (.text:__TI_printfi)
                  000018da    00000002                                   : _lock.c.obj (.text:_nop)
                  000018dc    000006a8     lab8.obj (.text)
                  00001f84    0000058c     rtsv7M4_T_le_v4SPD16_eabi.lib : e_powf.c.obj (.text:powf)
                  00002510    00000328     lcd.obj (.text)
                  00002838    00000270     rtsv7M4_T_le_v4SPD16_eabi.lib : _printfi.c.obj (.text:_pconv_a)
                  00002aa8    00000260     libcybotScan.lib : cyBot_Scan.obj (.text)
                  00002d08    00000248     Timer.obj (.text)
                  00002f50    00000208     uart-interrupt.obj (.text)
                  00003158    000001ec     libcybotScan.lib : ping.obj (.text)
                  00003344    000001d0     rtsv7M4_T_le_v4SPD16_eabi.lib : _printfi.c.obj (.text:_pconv_g)
                  00003514    000001b6                                   : fd_add_t2.asm.obj (.text)
                  000036ca    00000002                                   : div0.asm.obj (.text)
                  000036cc    00000158     libcybotScan.lib : servo.obj (.text)
                  00003824    0000014c     rtsv7M4_T_le_v4SPD16_eabi.lib : vla_alloc.c.obj (.text:__vla_alloc)
                  00003970    0000013c                                   : _printfi.c.obj (.text:_pconv_e)
                  00003aac    00000136                                   : fd_div_t2.asm.obj (.text)
                  00003be2    00000002     --HOLE-- [fill = 0]
                  00003be4    00000124                                   : _printfi.c.obj (.text:fcvt)
                  00003d08    00000118     libcybotScan.lib : ir.obj (.text)
                  00003e20    00000110     rtsv7M4_T_le_v4SPD16_eabi.lib : s_scalbn.c.obj (.text:scalbn)
                  00003f30    00000100                                   : memory.c.obj (.text:aligned_alloc)
                  00004030    000000fc                                   : fd_mul_t2.asm.obj (.text)
                  0000412c    000000f4     adc.obj (.text)
                  00004220    000000e4     rtsv7M4_T_le_v4SPD16_eabi.lib : memory.c.obj (.text:free)
                  00004304    000000e4                                   : memory.c.obj (.text:realloc)
                  000043e8    000000d0                                   : s_scalbnf.c.obj (.text:scalbnf)
                  000044b8    000000b1                                   : _printfi.c.obj (.text:_ltostr)
                  00004569    00000001     --HOLE-- [fill = 0]
                  0000456a    0000009c                                   : memcpy_t2.asm.obj (.text)
                  00004606    00000096                                   : ull_div_t2.asm.obj (.text)
                  0000469c    00000086                                   : fd_cmp_t2.asm.obj (.text:__aeabi_cdcmple)
                  00004722    00000086                                   : fd_cmp_t2.asm.obj (.text:__aeabi_cdrcmple)
                  000047a8    0000007a                                   : memset_t2.asm.obj (.text)
                  00004822    00000002     --HOLE-- [fill = 0]
                  00004824    00000078                                   : vla_alloc.c.obj (.text:_ZN33_INTERNAL_11_vla_alloc_c_be8bd49b21free_dead_allocationsEPv)
                  0000489c    00000070                                   : vla_alloc.c.obj (.text:__vla_dealloc)
                  0000490c    00000070                                   : memory.c.obj (.text:split)
                  0000497c    0000006e                                   : _printfi.c.obj (.text:_mcpy)
                  000049ea    0000006e                                   : fd_tos_t2.asm.obj (.text)
                  00004a58    00000068                                   : copy_decompress_lzss.c.obj (.text:decompress:lzss:__TI_decompress_lzss)
                  00004ac0    00000064                                   : s_frexp.c.obj (.text:frexp)
                  00004b24    00000056                                   : _printfi.c.obj (.text:_pconv_f)
                  00004b7a    00000054                                   : _ltoa.c.obj (.text:__TI_ltoa)
                  00004bce    00000052                                   : _printfi.c.obj (.text:_ecpy)
                  00004c20    0000004c                                   : atoi.c.obj (.text:atoi)
                  00004c6c    00000048                                   : fd_toi_t2.asm.obj (.text)
                  00004cb4    00000044                                   : autoinit.c.obj (.text:__TI_auto_init_nobinit_nopinit:__TI_auto_init_nobinit_nopinit)
                  00004cf8    00000040                                   : sprintf.c.obj (.text:sprintf)
                  00004d38    00000040                                   : vsnprintf.c.obj (.text:vsnprintf)
                  00004d78    0000003e                                   : _printfi.c.obj (.text:_fcpy)
                  00004db6    00000002     --HOLE-- [fill = 0]
                  00004db8    00000038                                   : memory.c.obj (.text:calloc)
                  00004df0    00000038                                   : fs_tod_t2.asm.obj (.text)
                  00004e28    00000034     driverlib.lib : interrupt.obj (.text:IntRegister)
                  00004e5c    00000034     rtsv7M4_T_le_v4SPD16_eabi.lib : boot_cortex_m.c.obj (.text:_c_int00_noargs:_c_int00_noargs)
                  00004e90    00000030                                   : vsnprintf.c.obj (.text:_outs)
                  00004ec0    0000002e                                   : i_tofd_t2.asm.obj (.text)
                  00004eee    00000002     --HOLE-- [fill = 0]
                  00004ef0    00000028                                   : memory.c.obj (.text:free_list_insert)
                  00004f18    00000028                                   : e_sqrtf.c.obj (.text:sqrtf)
                  00004f40    00000020                                   : u_tofd_t2.asm.obj (.text)
                  00004f60    0000001c                                   : memory.c.obj (.text:free_list_remove)
                  00004f7c    0000001c                                   : memccpy.c.obj (.text:memccpy)
                  00004f98    0000001a                                   : s_copysign.c.obj (.text:copysign)
                  00004fb2    00000018                                   : vsnprintf.c.obj (.text:_outc)
                  00004fca    00000018                                   : sprintf.c.obj (.text:_outs)
                  00004fe2    00000018                                   : s_copysignf.c.obj (.text:copysignf)
                  00004ffa    00000018     open_interface.obj (.text:oi_parseInt)
                  00005012    00000018     rtsv7M4_T_le_v4SPD16_eabi.lib : strcmp.c.obj (.text:strcmp)
                  0000502a    00000016                                   : strchr.c.obj (.text:strchr)
                  00005040    00000014                                   : strcpy.c.obj (.text:strcpy)
                  00005054    00000014                                   : strlen.c.obj (.text:strlen)
                  00005068    00000012                                   : wcslen.c.obj (.text:wcslen)
                  0000507a    00000010     driverlib.lib : interrupt.obj (.text:IntMasterEnable)
                  0000508a    00000010     lcd.obj (.text:lcd_clear)
                  0000509a    0000000e     rtsv7M4_T_le_v4SPD16_eabi.lib : copy_decompress_none.c.obj (.text:decompress:none:__TI_decompress_none)
                  000050a8    0000000c     driverlib.lib : cpu.obj (.text:CPUcpsie)
                  000050b4    0000000c     rtsv7M4_T_le_v4SPD16_eabi.lib : copy_zero_init.c.obj (.text:decompress:ZI:__TI_zero_init)
                  000050c0    0000000c     tm4c1231h6pm_startup_ccs.obj (.text)
                  000050cc    0000000a     rtsv7M4_T_le_v4SPD16_eabi.lib : sprintf.c.obj (.text:_outc)
                  000050d6    00000002     --HOLE-- [fill = 0]
                  000050d8    00000008                                   : errno.c.obj (.text:__aeabi_errno_addr)
                  000050e0    00000008                                   : memory.c.obj (.text:malloc)
                  000050e8    00000004                                   : error.c.obj (.text:__abort_execution)
                  000050ec    00000004                                   : pre_init.c.obj (.text:_system_pre_init)
                  000050f0    00000004                                   : exit.c.obj (.text:abort:abort)

.const     0    000050f4    00000133     
                  000050f4    00000101     rtsv7M4_T_le_v4SPD16_eabi.lib : ctype.c.obj (.const:.string:_ctypes_)
                  000051f5    00000003     --HOLE-- [fill = 0]
                  000051f8    00000018                                   : e_powf.c.obj (.const:$O1$$)
                  00005210    0000000f     open_interface.obj (.const:.string:$P$T0$3)
                  0000521f    00000004     lcd.obj (.const:.string:lineAddress$1)
                  00005223    00000004     lcd.obj (.const:.string:lineAddresses$2)

.cinit     0    00005228    00000058     
                  00005228    0000001f     (.cinit..data.load) [load image, compression = lzss]
                  00005247    00000001     --HOLE-- [fill = 0]
                  00005248    0000000c     (__TI_handler_table)
                  00005254    00000004     --HOLE-- [fill = 0]
                  00005258    00000008     (.cinit..bss.load) [load image, compression = zero_init]
                  00005260    00000008     (.cinit..vtable.load) [load image, compression = zero_init]
                  00005268    00000018     (__TI_cinit_table)

.init_array 
*          0    00000000    00000000     UNINITIALIZED

.vtable    0    20000000    0000026c     UNINITIALIZED
                  20000000    0000026c     driverlib.lib : interrupt.obj (.vtable)

.stack     0    20000270    00001000     UNINITIALIZED
                  20000270    00000004     rtsv7M4_T_le_v4SPD16_eabi.lib : boot_cortex_m.c.obj (.stack)
                  20000274    00000ffc     --HOLE--

.sysmem    0    20001270    00001000     UNINITIALIZED
                  20001270    00000010     rtsv7M4_T_le_v4SPD16_eabi.lib : memory.c.obj (.sysmem)
                  20001280    00000ff0     --HOLE--

.bss       0    20002270    00000359     UNINITIALIZED
                  20002270    00000168     (.common:angle_array)
                  200023d8    00000168     (.common:dist_array)
                  20002540    00000054     lcd.obj (.bss:lastbuffer$3)
                  20002594    00000018     open_interface.obj (.bss:firmware$2)
                  200025ac    00000004     (.common:_timeout_ticks)
                  200025b0    00000004     (.common:fallingEdge)
                  200025b4    00000004     (.common:isr_int_value)
                  200025b8    00000004     (.common:left_calibration_value)
                  200025bc    00000004     (.common:pulseLength)
                  200025c0    00000004     (.common:right_calibration_value)
                  200025c4    00000004     (.common:risingEdge)
                  200025c8    00000001     (.common:isRisingEdge)

.data      0    200025cc    00000045     UNINITIALIZED
                  200025cc    00000020     open_interface.obj (.data)
                  200025ec    00000008     rtsv7M4_T_le_v4SPD16_eabi.lib : _lock.c.obj (.data:$O1$$)
                  200025f4    00000008                                   : memory.c.obj (.data:$O1$$)
                  200025fc    00000008     uart-interrupt.obj (.data)
                  20002604    00000004     libcybotScan.lib : cyBot_Scan.obj (.data)
                  20002608    00000004     rtsv7M4_T_le_v4SPD16_eabi.lib : errno.c.obj (.data)
                  2000260c    00000004                                   : vla_alloc.c.obj (.data)
                  20002610    00000001     Timer.obj (.data)

__llvm_prf_cnts 
*          0    20000000    00000000     UNINITIALIZED

MODULE SUMMARY

       Module                         code    ro data   rw data
       ------                         ----    -------   -------
    .\
       open_interface.obj             3128    15        56     
       lab8.obj                       1704    0         728    
       lcd.obj                        824     8         84     
       tm4c1231h6pm_startup_ccs.obj   12      620       0      
       Timer.obj                      584     0         5      
       uart-interrupt.obj             520     0         8      
       adc.obj                        244     0         0      
    +--+------------------------------+-------+---------+---------+
       Total:                         7016    643       881    
                                                               
    ../libcybotScan.lib
       cyBot_Scan.obj                 608     0         4      
       ping.obj                       492     0         13     
       servo.obj                      344     0         0      
       ir.obj                         280     0         4      
    +--+------------------------------+-------+---------+---------+
       Total:                         1724    0         21     
                                                               
    C:/ti/TivaWare_C_Series-2.2.0.295/driverlib/ccs/Debug/driverlib.lib
       interrupt.obj                  68      0         620    
       cpu.obj                        12      0         0      
    +--+------------------------------+-------+---------+---------+
       Total:                         80      0         620    
                                                               
    C:\ti\ccs1271\ccs\tools\compiler\ti-cgt-arm_20.2.7.LTS\lib\rtsv7M4_T_le_v4SPD16_eabi.lib
       _printfi.c.obj                 4851    0         0      
       e_powf.c.obj                   1420    24        0      
       memory.c.obj                   956     0         8      
       vla_alloc.c.obj                564     0         4      
       fd_add_t2.asm.obj              438     0         0      
       fd_div_t2.asm.obj              310     0         0      
       s_scalbn.c.obj                 272     0         0      
       fd_cmp_t2.asm.obj              268     0         0      
       ctype.c.obj                    0       257       0      
       fd_mul_t2.asm.obj              252     0         0      
       s_scalbnf.c.obj                208     0         0      
       memcpy_t2.asm.obj              156     0         0      
       ull_div_t2.asm.obj             150     0         0      
       vsnprintf.c.obj                136     0         0      
       memset_t2.asm.obj              122     0         0      
       fd_tos_t2.asm.obj              110     0         0      
       copy_decompress_lzss.c.obj     104     0         0      
       s_frexp.c.obj                  100     0         0      
       sprintf.c.obj                  98      0         0      
       _ltoa.c.obj                    84      0         0      
       atoi.c.obj                     76      0         0      
       fd_toi_t2.asm.obj              72      0         0      
       autoinit.c.obj                 68      0         0      
       fs_tod_t2.asm.obj              56      0         0      
       boot_cortex_m.c.obj            52      0         0      
       i_tofd_t2.asm.obj              46      0         0      
       e_sqrtf.c.obj                  40      0         0      
       u_tofd_t2.asm.obj              32      0         0      
       memccpy.c.obj                  28      0         0      
       s_copysign.c.obj               26      0         0      
       s_copysignf.c.obj              24      0         0      
       strcmp.c.obj                   24      0         0      
       strchr.c.obj                   22      0         0      
       strcpy.c.obj                   20      0         0      
       strlen.c.obj                   20      0         0      
       wcslen.c.obj                   18      0         0      
       copy_decompress_none.c.obj     14      0         0      
       copy_zero_init.c.obj           12      0         0      
       errno.c.obj                    8       0         4      
       _lock.c.obj                    2       0         8      
       error.c.obj                    4       0         0      
       exit.c.obj                     4       0         0      
       pre_init.c.obj                 4       0         0      
       div0.asm.obj                   2       0         0      
    +--+------------------------------+-------+---------+---------+
       Total:                         11273   281       24     
                                                               
       Heap:                          0       0         4096   
       Stack:                         0       0         4096   
       Linker Generated:              0       83        0      
    +--+------------------------------+-------+---------+---------+
       Grand Total:                   20093   1007      9738   


LINKER GENERATED COPY TABLES

__TI_cinit_table @ 00005268 records: 3, size/record: 8, table size: 24
	.data: load addr=00005228, load size=0000001f bytes, run addr=200025cc, run size=00000045 bytes, compression=lzss
	.bss: load addr=00005258, load size=00000008 bytes, run addr=20002270, run size=00000359 bytes, compression=zero_init
	.vtable: load addr=00005260, load size=00000008 bytes, run addr=20000000, run size=0000026c bytes, compression=zero_init


LINKER GENERATED HANDLER TABLE

__TI_handler_table @ 00005248 records: 3, size/record: 4, table size: 12
	index: 0, handler: __TI_zero_init
	index: 1, handler: __TI_decompress_lzss
	index: 2, handler: __TI_decompress_none


GLOBAL SYMBOLS: SORTED ALPHABETICALLY BY Name 

address   name                          
-------   ----                          
00003da1  ADC0SS0_Handler               
000050f1  C$$EXIT                       
000050a9  CPUcpsie                      
00000bc3  GPIOF_Handler                 
0000507b  IntMasterEnable               
00004e29  IntRegister                   
000050c1  ResetISR                      
00003249  TIMER3B_Handler               
000030a1  UART1_Handler                 
20001270  __STACK_END                   
00001000  __STACK_SIZE                  
20000470  __STACK_TOP                   
00001000  __SYSMEM_SIZE                 
00005268  __TI_CINIT_Base               
00005280  __TI_CINIT_Limit              
00005248  __TI_Handler_Table_Base       
00005254  __TI_Handler_Table_Limit      
00004cb5  __TI_auto_init_nobinit_nopinit
00004a59  __TI_decompress_lzss          
0000509b  __TI_decompress_none          
00004b7b  __TI_ltoa                     
ffffffff  __TI_pprof_out_hndl           
00000e8d  __TI_printfi                  
ffffffff  __TI_prof_data_size           
ffffffff  __TI_prof_data_start          
00000000  __TI_static_base__            
000050b5  __TI_zero_init                
000050e9  __abort_execution             
0000469d  __aeabi_cdcmpeq               
0000469d  __aeabi_cdcmple               
00004723  __aeabi_cdrcmple              
000049eb  __aeabi_d2f                   
00004c6d  __aeabi_d2iz                  
0000351f  __aeabi_dadd                  
00003aad  __aeabi_ddiv                  
00004031  __aeabi_dmul                  
00003515  __aeabi_dsub                  
000050d9  __aeabi_errno_addr            
00004df1  __aeabi_f2d                   
00004ec1  __aeabi_i2d                   
000036cb  __aeabi_idiv0                 
000036cb  __aeabi_ldiv0                 
000047a9  __aeabi_memclr                
000047a9  __aeabi_memclr4               
000047a9  __aeabi_memclr8               
0000456b  __aeabi_memcpy                
0000456b  __aeabi_memcpy4               
0000456b  __aeabi_memcpy8               
000047ab  __aeabi_memset                
000047ab  __aeabi_memset4               
000047ab  __aeabi_memset8               
00004f41  __aeabi_ui2d                  
00004607  __aeabi_uldivmod              
ffffffff  __binit__                     
ffffffff  __c_args__                    
UNDEFED   __mpu_init                    
20000270  __stack                       
20000000  __start___llvm_prf_cnts       
20000000  __stop___llvm_prf_cnts        
00003825  __vla_alloc                   
0000489d  __vla_dealloc                 
00004e5d  _c_int00_noargs               
000050f4  _ctypes_                      
200025ec  _lock                         
000018db  _nop                          
20002610  _running                      
20001270  _sys_memory                   
UNDEFED   _system_post_cinit            
000050ed  _system_pre_init              
200025ac  _timeout_ticks                
200025f0  _unlock                       
000050f1  abort                         
0000412d  adc_init                      
000041b3  adc_read                      
00003f31  aligned_alloc                 
20002270  angle_array                   
00004c21  atoi                          
ffffffff  binit                         
00004db9  calloc                        
200025fc  command_byte                  
20002600  command_flag                  
00001ccd  convertADCtoCM                
00004f99  copysign                      
00004fe3  copysignf                     
00004f99  copysignl                     
00002b81  cyBOT_SERVO_cal               
00002b0f  cyBOT_Scan                    
00002ab7  cyBOT_init_Scan               
20002604  cyBOT_scan_features           
00002aa9  cyBOT_scan_version            
200023d8  dist_array                    
20002608  errno                         
200025b0  fallingEdge                   
00001991  findActualWidth               
00004221  free                          
00004ac1  frexp                         
00004ac1  frexpl                        
20000000  g_pfnRAMVectors               
00000000  g_pfnVectors                  
000018dd  getScan                       
0000097f  go_charge                     
00003db7  ir_enableInterrupt            
00003d99  ir_getDistance                
00003d71  ir_getValue                   
00003d09  ir_init                       
200025c8  isRisingEdge                  
200025b4  isr_int_value                 
0000508b  lcd_clear                     
000026e5  lcd_gotoLine                  
0000254d  lcd_init                      
0000274b  lcd_printf                    
0000260d  lcd_putc                      
00002645  lcd_puts                      
00002511  lcd_reverseNibble             
00002663  lcd_sendCommand               
000026a1  lcd_sendNibble                
0000270d  lcd_setCursorPos              
00003e21  ldexp                         
000043e9  ldexpf                        
00003e21  ldexpl                        
200025b8  left_calibration_value        
00001cfd  logMessage                    
00001d49  main                          
000050e1  malloc                        
00003f31  memalign                      
00004f7d  memccpy                       
0000456b  memcpy                        
000047b1  memset                        
200025cc  motor_cal_factor_L            
200025d0  motor_cal_factor_R            
000019d9  objectInfo                    
0000026d  oi_alloc                      
00000aa9  oi_checkFirmware              
000002c7  oi_close                      
00000279  oi_free                       
00000ded  oi_getMotorCalibrationLeft    
00000e01  oi_getMotorCalibrationRight   
000002b1  oi_init                       
00000289  oi_init_noupdate              
00000915  oi_loadSong                   
00004ffb  oi_parseInt                   
0000032b  oi_parsePacket                
0000096b  oi_play_song                  
0000084b  oi_setLeds                    
00000db1  oi_setMotorCalibration        
0000088f  oi_setWheels                  
00000b51  oi_shutoff_init               
0000098d  oi_uartInit                   
00000a31  oi_uartReceive                
00000a77  oi_uartSendBuff               
00000a15  oi_uartSendChar               
00000a59  oi_uartSendStr                
000002d9  oi_update                     
0000329b  ping_getDistance              
00003159  ping_init                     
000031df  ping_trigger                  
00001c9f  pointPING                     
00001f85  powf                          
00001b89  printObjectInfo               
200025bc  pulseLength                   
00004305  realloc                       
200025c0  right_calibration_value       
200025c4  risingEdge                    
00003e21  scalbn                        
000043e9  scalbnf                       
00003e21  scalbnl                       
000036cd  servo_init                    
0000375d  servo_move                    
000037bd  servo_setPWM                  
00003751  servo_stop                    
00001c39  smallestObjectDegrees         
00004cf9  sprintf                       
00004f19  sqrtf                         
0000502b  strchr                        
00005013  strcmp                        
00005041  strcpy                        
00005055  strlen                        
00002e27  timer_getMicros               
00002dcf  timer_getMillis               
00002d09  timer_init                    
00002dab  timer_pause                   
00002dbd  timer_resume                  
00002d81  timer_stop                    
00002e81  timer_waitMicros              
00002eb3  timer_waitMillis              
00002f51  uart_interrupt_init           
00003053  uart_receive                  
00003037  uart_sendChar                 
00003079  uart_sendStr                  
00004d39  vsnprintf                     
00005069  wcslen                        


GLOBAL SYMBOLS: SORTED BY Symbol Address 

address   name                          
-------   ----                          
00000000  __TI_static_base__            
00000000  g_pfnVectors                  
0000026d  oi_alloc                      
00000279  oi_free                       
00000289  oi_init_noupdate              
000002b1  oi_init                       
000002c7  oi_close                      
000002d9  oi_update                     
0000032b  oi_parsePacket                
0000084b  oi_setLeds                    
0000088f  oi_setWheels                  
00000915  oi_loadSong                   
0000096b  oi_play_song                  
0000097f  go_charge                     
0000098d  oi_uartInit                   
00000a15  oi_uartSendChar               
00000a31  oi_uartReceive                
00000a59  oi_uartSendStr                
00000a77  oi_uartSendBuff               
00000aa9  oi_checkFirmware              
00000b51  oi_shutoff_init               
00000bc3  GPIOF_Handler                 
00000db1  oi_setMotorCalibration        
00000ded  oi_getMotorCalibrationLeft    
00000e01  oi_getMotorCalibrationRight   
00000e8d  __TI_printfi                  
00001000  __STACK_SIZE                  
00001000  __SYSMEM_SIZE                 
000018db  _nop                          
000018dd  getScan                       
00001991  findActualWidth               
000019d9  objectInfo                    
00001b89  printObjectInfo               
00001c39  smallestObjectDegrees         
00001c9f  pointPING                     
00001ccd  convertADCtoCM                
00001cfd  logMessage                    
00001d49  main                          
00001f85  powf                          
00002511  lcd_reverseNibble             
0000254d  lcd_init                      
0000260d  lcd_putc                      
00002645  lcd_puts                      
00002663  lcd_sendCommand               
000026a1  lcd_sendNibble                
000026e5  lcd_gotoLine                  
0000270d  lcd_setCursorPos              
0000274b  lcd_printf                    
00002aa9  cyBOT_scan_version            
00002ab7  cyBOT_init_Scan               
00002b0f  cyBOT_Scan                    
00002b81  cyBOT_SERVO_cal               
00002d09  timer_init                    
00002d81  timer_stop                    
00002dab  timer_pause                   
00002dbd  timer_resume                  
00002dcf  timer_getMillis               
00002e27  timer_getMicros               
00002e81  timer_waitMicros              
00002eb3  timer_waitMillis              
00002f51  uart_interrupt_init           
00003037  uart_sendChar                 
00003053  uart_receive                  
00003079  uart_sendStr                  
000030a1  UART1_Handler                 
00003159  ping_init                     
000031df  ping_trigger                  
00003249  TIMER3B_Handler               
0000329b  ping_getDistance              
00003515  __aeabi_dsub                  
0000351f  __aeabi_dadd                  
000036cb  __aeabi_idiv0                 
000036cb  __aeabi_ldiv0                 
000036cd  servo_init                    
00003751  servo_stop                    
0000375d  servo_move                    
000037bd  servo_setPWM                  
00003825  __vla_alloc                   
00003aad  __aeabi_ddiv                  
00003d09  ir_init                       
00003d71  ir_getValue                   
00003d99  ir_getDistance                
00003da1  ADC0SS0_Handler               
00003db7  ir_enableInterrupt            
00003e21  ldexp                         
00003e21  ldexpl                        
00003e21  scalbn                        
00003e21  scalbnl                       
00003f31  aligned_alloc                 
00003f31  memalign                      
00004031  __aeabi_dmul                  
0000412d  adc_init                      
000041b3  adc_read                      
00004221  free                          
00004305  realloc                       
000043e9  ldexpf                        
000043e9  scalbnf                       
0000456b  __aeabi_memcpy                
0000456b  __aeabi_memcpy4               
0000456b  __aeabi_memcpy8               
0000456b  memcpy                        
00004607  __aeabi_uldivmod              
0000469d  __aeabi_cdcmpeq               
0000469d  __aeabi_cdcmple               
00004723  __aeabi_cdrcmple              
000047a9  __aeabi_memclr                
000047a9  __aeabi_memclr4               
000047a9  __aeabi_memclr8               
000047ab  __aeabi_memset                
000047ab  __aeabi_memset4               
000047ab  __aeabi_memset8               
000047b1  memset                        
0000489d  __vla_dealloc                 
000049eb  __aeabi_d2f                   
00004a59  __TI_decompress_lzss          
00004ac1  frexp                         
00004ac1  frexpl                        
00004b7b  __TI_ltoa                     
00004c21  atoi                          
00004c6d  __aeabi_d2iz                  
00004cb5  __TI_auto_init_nobinit_nopinit
00004cf9  sprintf                       
00004d39  vsnprintf                     
00004db9  calloc                        
00004df1  __aeabi_f2d                   
00004e29  IntRegister                   
00004e5d  _c_int00_noargs               
00004ec1  __aeabi_i2d                   
00004f19  sqrtf                         
00004f41  __aeabi_ui2d                  
00004f7d  memccpy                       
00004f99  copysign                      
00004f99  copysignl                     
00004fe3  copysignf                     
00004ffb  oi_parseInt                   
00005013  strcmp                        
0000502b  strchr                        
00005041  strcpy                        
00005055  strlen                        
00005069  wcslen                        
0000507b  IntMasterEnable               
0000508b  lcd_clear                     
0000509b  __TI_decompress_none          
000050a9  CPUcpsie                      
000050b5  __TI_zero_init                
000050c1  ResetISR                      
000050d9  __aeabi_errno_addr            
000050e1  malloc                        
000050e9  __abort_execution             
000050ed  _system_pre_init              
000050f1  C$$EXIT                       
000050f1  abort                         
000050f4  _ctypes_                      
00005248  __TI_Handler_Table_Base       
00005254  __TI_Handler_Table_Limit      
00005268  __TI_CINIT_Base               
00005280  __TI_CINIT_Limit              
20000000  __start___llvm_prf_cnts       
20000000  __stop___llvm_prf_cnts        
20000000  g_pfnRAMVectors               
20000270  __stack                       
20000470  __STACK_TOP                   
20001270  __STACK_END                   
20001270  _sys_memory                   
20002270  angle_array                   
200023d8  dist_array                    
200025ac  _timeout_ticks                
200025b0  fallingEdge                   
200025b4  isr_int_value                 
200025b8  left_calibration_value        
200025bc  pulseLength                   
200025c0  right_calibration_value       
200025c4  risingEdge                    
200025c8  isRisingEdge                  
200025cc  motor_cal_factor_L            
200025d0  motor_cal_factor_R            
200025ec  _lock                         
200025f0  _unlock                       
200025fc  command_byte                  
20002600  command_flag                  
20002604  cyBOT_scan_features           
20002608  errno                         
20002610  _running                      
ffffffff  __TI_pprof_out_hndl           
ffffffff  __TI_prof_data_size           
ffffffff  __TI_prof_data_start          
ffffffff  __binit__                     
ffffffff  __c_args__                    
ffffffff  binit                         
UNDEFED   __mpu_init                    
UNDEFED   _system_post_cinit            

[191 symbols]
