<?xml version="1.0" encoding="ISO-8859-1" ?>
<link_info>
   <banner>TI ARM Linker PC v20.2.7.LTS</banner>
   <copyright>Copyright (c) 1996-2018 Texas Instruments Incorporated</copyright>
   <link_time>0x69fb84cc</link_time>
   <link_errors>0x0</link_errors>
   <output_file>Lab11.out</output_file>
   <entry_point>
      <name>_c_int00_noargs</name>
      <address>0x7881</address>
   </entry_point>
   <input_file_list>
      <input_file id="fl-2">
         <path>.\</path>
         <kind>object</kind>
         <file>Timer.obj</file>
         <name>Timer.obj</name>
      </input_file>
      <input_file id="fl-3">
         <path>.\</path>
         <kind>object</kind>
         <file>adc.obj</file>
         <name>adc.obj</name>
      </input_file>
      <input_file id="fl-4">
         <path>.\</path>
         <kind>object</kind>
         <file>boundary.obj</file>
         <name>boundary.obj</name>
      </input_file>
      <input_file id="fl-5">
         <path>.\</path>
         <kind>object</kind>
         <file>button.obj</file>
         <name>button.obj</name>
      </input_file>
      <input_file id="fl-6">
         <path>.\</path>
         <kind>object</kind>
         <file>i2c.obj</file>
         <name>i2c.obj</name>
      </input_file>
      <input_file id="fl-7">
         <path>.\</path>
         <kind>object</kind>
         <file>imu.obj</file>
         <name>imu.obj</name>
      </input_file>
      <input_file id="fl-8">
         <path>.\</path>
         <kind>object</kind>
         <file>lcd.obj</file>
         <name>lcd.obj</name>
      </input_file>
      <input_file id="fl-9">
         <path>.\</path>
         <kind>object</kind>
         <file>logMessage.obj</file>
         <name>logMessage.obj</name>
      </input_file>
      <input_file id="fl-a">
         <path>.\</path>
         <kind>object</kind>
         <file>main.obj</file>
         <name>main.obj</name>
      </input_file>
      <input_file id="fl-b">
         <path>.\</path>
         <kind>object</kind>
         <file>manual.obj</file>
         <name>manual.obj</name>
      </input_file>
      <input_file id="fl-c">
         <path>.\</path>
         <kind>object</kind>
         <file>map.obj</file>
         <name>map.obj</name>
      </input_file>
      <input_file id="fl-d">
         <path>.\</path>
         <kind>object</kind>
         <file>movement.obj</file>
         <name>movement.obj</name>
      </input_file>
      <input_file id="fl-e">
         <path>.\</path>
         <kind>object</kind>
         <file>open_interface.obj</file>
         <name>open_interface.obj</name>
      </input_file>
      <input_file id="fl-f">
         <path>.\</path>
         <kind>object</kind>
         <file>path.obj</file>
         <name>path.obj</name>
      </input_file>
      <input_file id="fl-10">
         <path>.\</path>
         <kind>object</kind>
         <file>ping.obj</file>
         <name>ping.obj</name>
      </input_file>
      <input_file id="fl-11">
         <path>.\</path>
         <kind>object</kind>
         <file>servo.obj</file>
         <name>servo.obj</name>
      </input_file>
      <input_file id="fl-12">
         <path>.\</path>
         <kind>object</kind>
         <file>song.obj</file>
         <name>song.obj</name>
      </input_file>
      <input_file id="fl-13">
         <path>.\</path>
         <kind>object</kind>
         <file>tm4c1231h6pm_startup_ccs.obj</file>
         <name>tm4c1231h6pm_startup_ccs.obj</name>
      </input_file>
      <input_file id="fl-14">
         <path>.\</path>
         <kind>object</kind>
         <file>uart-interrupt.obj</file>
         <name>uart-interrupt.obj</name>
      </input_file>
      <input_file id="fl-15">
         <path>.\</path>
         <kind>object</kind>
         <file>utility.obj</file>
         <name>utility.obj</name>
      </input_file>
      <input_file id="fl-1a">
         <kind>object</kind>
         <file>&lt;internal&gt;</file>
         <name>&lt;internal&gt;</name>
      </input_file>
      <input_file id="fl-d0">
         <path>C:\ti\ccs1271\ccs\tools\compiler\ti-cgt-arm_20.2.7.LTS\lib\</path>
         <kind>archive</kind>
         <file>rtsv7M4_T_le_v4SPD16_eabi.lib</file>
         <name>vla_alloc.c.obj</name>
      </input_file>
      <input_file id="fl-d1">
         <path>C:\ti\ccs1271\ccs\tools\compiler\ti-cgt-arm_20.2.7.LTS\lib\</path>
         <kind>archive</kind>
         <file>rtsv7M4_T_le_v4SPD16_eabi.lib</file>
         <name>e_pow.c.obj</name>
      </input_file>
      <input_file id="fl-d2">
         <path>C:\ti\ccs1271\ccs\tools\compiler\ti-cgt-arm_20.2.7.LTS\lib\</path>
         <kind>archive</kind>
         <file>rtsv7M4_T_le_v4SPD16_eabi.lib</file>
         <name>e_sqrt.c.obj</name>
      </input_file>
      <input_file id="fl-d3">
         <path>C:\ti\ccs1271\ccs\tools\compiler\ti-cgt-arm_20.2.7.LTS\lib\</path>
         <kind>archive</kind>
         <file>rtsv7M4_T_le_v4SPD16_eabi.lib</file>
         <name>s_cos.c.obj</name>
      </input_file>
      <input_file id="fl-d4">
         <path>C:\ti\ccs1271\ccs\tools\compiler\ti-cgt-arm_20.2.7.LTS\lib\</path>
         <kind>archive</kind>
         <file>rtsv7M4_T_le_v4SPD16_eabi.lib</file>
         <name>s_scalbn.c.obj</name>
      </input_file>
      <input_file id="fl-d5">
         <path>C:\ti\ccs1271\ccs\tools\compiler\ti-cgt-arm_20.2.7.LTS\lib\</path>
         <kind>archive</kind>
         <file>rtsv7M4_T_le_v4SPD16_eabi.lib</file>
         <name>s_sin.c.obj</name>
      </input_file>
      <input_file id="fl-d6">
         <path>C:\ti\ccs1271\ccs\tools\compiler\ti-cgt-arm_20.2.7.LTS\lib\</path>
         <kind>archive</kind>
         <file>rtsv7M4_T_le_v4SPD16_eabi.lib</file>
         <name>sprintf.c.obj</name>
      </input_file>
      <input_file id="fl-d7">
         <path>C:\ti\ccs1271\ccs\tools\compiler\ti-cgt-arm_20.2.7.LTS\lib\</path>
         <kind>archive</kind>
         <file>rtsv7M4_T_le_v4SPD16_eabi.lib</file>
         <name>vsnprintf.c.obj</name>
      </input_file>
      <input_file id="fl-d8">
         <path>C:\ti\ccs1271\ccs\tools\compiler\ti-cgt-arm_20.2.7.LTS\lib\</path>
         <kind>archive</kind>
         <file>rtsv7M4_T_le_v4SPD16_eabi.lib</file>
         <name>fd_add_t2.asm.obj</name>
      </input_file>
      <input_file id="fl-d9">
         <path>C:\ti\ccs1271\ccs\tools\compiler\ti-cgt-arm_20.2.7.LTS\lib\</path>
         <kind>archive</kind>
         <file>rtsv7M4_T_le_v4SPD16_eabi.lib</file>
         <name>fd_cmp_t2.asm.obj</name>
      </input_file>
      <input_file id="fl-da">
         <path>C:\ti\ccs1271\ccs\tools\compiler\ti-cgt-arm_20.2.7.LTS\lib\</path>
         <kind>archive</kind>
         <file>rtsv7M4_T_le_v4SPD16_eabi.lib</file>
         <name>fd_div_t2.asm.obj</name>
      </input_file>
      <input_file id="fl-db">
         <path>C:\ti\ccs1271\ccs\tools\compiler\ti-cgt-arm_20.2.7.LTS\lib\</path>
         <kind>archive</kind>
         <file>rtsv7M4_T_le_v4SPD16_eabi.lib</file>
         <name>fd_mul_t2.asm.obj</name>
      </input_file>
      <input_file id="fl-dc">
         <path>C:\ti\ccs1271\ccs\tools\compiler\ti-cgt-arm_20.2.7.LTS\lib\</path>
         <kind>archive</kind>
         <file>rtsv7M4_T_le_v4SPD16_eabi.lib</file>
         <name>fd_toi_t2.asm.obj</name>
      </input_file>
      <input_file id="fl-dd">
         <path>C:\ti\ccs1271\ccs\tools\compiler\ti-cgt-arm_20.2.7.LTS\lib\</path>
         <kind>archive</kind>
         <file>rtsv7M4_T_le_v4SPD16_eabi.lib</file>
         <name>fd_tos_t2.asm.obj</name>
      </input_file>
      <input_file id="fl-de">
         <path>C:\ti\ccs1271\ccs\tools\compiler\ti-cgt-arm_20.2.7.LTS\lib\</path>
         <kind>archive</kind>
         <file>rtsv7M4_T_le_v4SPD16_eabi.lib</file>
         <name>fs_tod_t2.asm.obj</name>
      </input_file>
      <input_file id="fl-df">
         <path>C:\ti\ccs1271\ccs\tools\compiler\ti-cgt-arm_20.2.7.LTS\lib\</path>
         <kind>archive</kind>
         <file>rtsv7M4_T_le_v4SPD16_eabi.lib</file>
         <name>i_tofd_t2.asm.obj</name>
      </input_file>
      <input_file id="fl-e0">
         <path>C:\ti\ccs1271\ccs\tools\compiler\ti-cgt-arm_20.2.7.LTS\lib\</path>
         <kind>archive</kind>
         <file>rtsv7M4_T_le_v4SPD16_eabi.lib</file>
         <name>memcpy_t2.asm.obj</name>
      </input_file>
      <input_file id="fl-e1">
         <path>C:\ti\ccs1271\ccs\tools\compiler\ti-cgt-arm_20.2.7.LTS\lib\</path>
         <kind>archive</kind>
         <file>rtsv7M4_T_le_v4SPD16_eabi.lib</file>
         <name>u_tofd_t2.asm.obj</name>
      </input_file>
      <input_file id="fl-e2">
         <path>C:\ti\ccs1271\ccs\tools\compiler\ti-cgt-arm_20.2.7.LTS\lib\</path>
         <kind>archive</kind>
         <file>rtsv7M4_T_le_v4SPD16_eabi.lib</file>
         <name>copy_zero_init.c.obj</name>
      </input_file>
      <input_file id="fl-e3">
         <path>C:\ti\ccs1271\ccs\tools\compiler\ti-cgt-arm_20.2.7.LTS\lib\</path>
         <kind>archive</kind>
         <file>rtsv7M4_T_le_v4SPD16_eabi.lib</file>
         <name>copy_decompress_none.c.obj</name>
      </input_file>
      <input_file id="fl-e4">
         <path>C:\ti\ccs1271\ccs\tools\compiler\ti-cgt-arm_20.2.7.LTS\lib\</path>
         <kind>archive</kind>
         <file>rtsv7M4_T_le_v4SPD16_eabi.lib</file>
         <name>copy_decompress_lzss.c.obj</name>
      </input_file>
      <input_file id="fl-e5">
         <path>C:\ti\ccs1271\ccs\tools\compiler\ti-cgt-arm_20.2.7.LTS\lib\</path>
         <kind>archive</kind>
         <file>rtsv7M4_T_le_v4SPD16_eabi.lib</file>
         <name>memory.c.obj</name>
      </input_file>
      <input_file id="fl-e6">
         <path>C:\ti\ccs1271\ccs\tools\compiler\ti-cgt-arm_20.2.7.LTS\lib\</path>
         <kind>archive</kind>
         <file>rtsv7M4_T_le_v4SPD16_eabi.lib</file>
         <name>strcmp.c.obj</name>
      </input_file>
      <input_file id="fl-e7">
         <path>C:\ti\ccs1271\ccs\tools\compiler\ti-cgt-arm_20.2.7.LTS\lib\</path>
         <kind>archive</kind>
         <file>rtsv7M4_T_le_v4SPD16_eabi.lib</file>
         <name>strcpy.c.obj</name>
      </input_file>
      <input_file id="fl-e8">
         <path>C:\ti\ccs1271\ccs\tools\compiler\ti-cgt-arm_20.2.7.LTS\lib\</path>
         <kind>archive</kind>
         <file>rtsv7M4_T_le_v4SPD16_eabi.lib</file>
         <name>strlen.c.obj</name>
      </input_file>
      <input_file id="fl-e9">
         <path>C:\ti\ccs1271\ccs\tools\compiler\ti-cgt-arm_20.2.7.LTS\lib\</path>
         <kind>archive</kind>
         <file>rtsv7M4_T_le_v4SPD16_eabi.lib</file>
         <name>k_rem_pio2.c.obj</name>
      </input_file>
      <input_file id="fl-ea">
         <path>C:\ti\ccs1271\ccs\tools\compiler\ti-cgt-arm_20.2.7.LTS\lib\</path>
         <kind>archive</kind>
         <file>rtsv7M4_T_le_v4SPD16_eabi.lib</file>
         <name>boot_cortex_m.c.obj</name>
      </input_file>
      <input_file id="fl-eb">
         <path>C:\ti\ccs1271\ccs\tools\compiler\ti-cgt-arm_20.2.7.LTS\lib\</path>
         <kind>archive</kind>
         <file>rtsv7M4_T_le_v4SPD16_eabi.lib</file>
         <name>errno.c.obj</name>
      </input_file>
      <input_file id="fl-ec">
         <path>C:\ti\ccs1271\ccs\tools\compiler\ti-cgt-arm_20.2.7.LTS\lib\</path>
         <kind>archive</kind>
         <file>rtsv7M4_T_le_v4SPD16_eabi.lib</file>
         <name>error.c.obj</name>
      </input_file>
      <input_file id="fl-ed">
         <path>C:\ti\ccs1271\ccs\tools\compiler\ti-cgt-arm_20.2.7.LTS\lib\</path>
         <kind>archive</kind>
         <file>rtsv7M4_T_le_v4SPD16_eabi.lib</file>
         <name>s_copysign.c.obj</name>
      </input_file>
      <input_file id="fl-ee">
         <path>C:\ti\ccs1271\ccs\tools\compiler\ti-cgt-arm_20.2.7.LTS\lib\</path>
         <kind>archive</kind>
         <file>rtsv7M4_T_le_v4SPD16_eabi.lib</file>
         <name>k_cos.c.obj</name>
      </input_file>
      <input_file id="fl-ef">
         <path>C:\ti\ccs1271\ccs\tools\compiler\ti-cgt-arm_20.2.7.LTS\lib\</path>
         <kind>archive</kind>
         <file>rtsv7M4_T_le_v4SPD16_eabi.lib</file>
         <name>k_sin.c.obj</name>
      </input_file>
      <input_file id="fl-f0">
         <path>C:\ti\ccs1271\ccs\tools\compiler\ti-cgt-arm_20.2.7.LTS\lib\</path>
         <kind>archive</kind>
         <file>rtsv7M4_T_le_v4SPD16_eabi.lib</file>
         <name>s_floor.c.obj</name>
      </input_file>
      <input_file id="fl-f1">
         <path>C:\ti\ccs1271\ccs\tools\compiler\ti-cgt-arm_20.2.7.LTS\lib\</path>
         <kind>archive</kind>
         <file>rtsv7M4_T_le_v4SPD16_eabi.lib</file>
         <name>_printfi.c.obj</name>
      </input_file>
      <input_file id="fl-f2">
         <path>C:\ti\ccs1271\ccs\tools\compiler\ti-cgt-arm_20.2.7.LTS\lib\</path>
         <kind>archive</kind>
         <file>rtsv7M4_T_le_v4SPD16_eabi.lib</file>
         <name>memset_t2.asm.obj</name>
      </input_file>
      <input_file id="fl-f3">
         <path>C:\ti\ccs1271\ccs\tools\compiler\ti-cgt-arm_20.2.7.LTS\lib\</path>
         <kind>archive</kind>
         <file>rtsv7M4_T_le_v4SPD16_eabi.lib</file>
         <name>ull_div_t2.asm.obj</name>
      </input_file>
      <input_file id="fl-f4">
         <path>C:\ti\ccs1271\ccs\tools\compiler\ti-cgt-arm_20.2.7.LTS\lib\</path>
         <kind>archive</kind>
         <file>rtsv7M4_T_le_v4SPD16_eabi.lib</file>
         <name>autoinit.c.obj</name>
      </input_file>
      <input_file id="fl-f5">
         <path>C:\ti\ccs1271\ccs\tools\compiler\ti-cgt-arm_20.2.7.LTS\lib\</path>
         <kind>archive</kind>
         <file>rtsv7M4_T_le_v4SPD16_eabi.lib</file>
         <name>pre_init.c.obj</name>
      </input_file>
      <input_file id="fl-f6">
         <path>C:\ti\ccs1271\ccs\tools\compiler\ti-cgt-arm_20.2.7.LTS\lib\</path>
         <kind>archive</kind>
         <file>rtsv7M4_T_le_v4SPD16_eabi.lib</file>
         <name>cpy_tbl.c.obj</name>
      </input_file>
      <input_file id="fl-f7">
         <path>C:\ti\ccs1271\ccs\tools\compiler\ti-cgt-arm_20.2.7.LTS\lib\</path>
         <kind>archive</kind>
         <file>rtsv7M4_T_le_v4SPD16_eabi.lib</file>
         <name>exit.c.obj</name>
      </input_file>
      <input_file id="fl-f8">
         <path>C:\ti\ccs1271\ccs\tools\compiler\ti-cgt-arm_20.2.7.LTS\lib\</path>
         <kind>archive</kind>
         <file>rtsv7M4_T_le_v4SPD16_eabi.lib</file>
         <name>_lock.c.obj</name>
      </input_file>
      <input_file id="fl-f9">
         <path>C:\ti\ccs1271\ccs\tools\compiler\ti-cgt-arm_20.2.7.LTS\lib\</path>
         <kind>archive</kind>
         <file>rtsv7M4_T_le_v4SPD16_eabi.lib</file>
         <name>_ltoa.c.obj</name>
      </input_file>
      <input_file id="fl-fa">
         <path>C:\ti\ccs1271\ccs\tools\compiler\ti-cgt-arm_20.2.7.LTS\lib\</path>
         <kind>archive</kind>
         <file>rtsv7M4_T_le_v4SPD16_eabi.lib</file>
         <name>args_main.c.obj</name>
      </input_file>
      <input_file id="fl-fb">
         <path>C:\ti\ccs1271\ccs\tools\compiler\ti-cgt-arm_20.2.7.LTS\lib\</path>
         <kind>archive</kind>
         <file>rtsv7M4_T_le_v4SPD16_eabi.lib</file>
         <name>atoi.c.obj</name>
      </input_file>
      <input_file id="fl-fc">
         <path>C:\ti\ccs1271\ccs\tools\compiler\ti-cgt-arm_20.2.7.LTS\lib\</path>
         <kind>archive</kind>
         <file>rtsv7M4_T_le_v4SPD16_eabi.lib</file>
         <name>ctype.c.obj</name>
      </input_file>
      <input_file id="fl-fd">
         <path>C:\ti\ccs1271\ccs\tools\compiler\ti-cgt-arm_20.2.7.LTS\lib\</path>
         <kind>archive</kind>
         <file>rtsv7M4_T_le_v4SPD16_eabi.lib</file>
         <name>memccpy.c.obj</name>
      </input_file>
      <input_file id="fl-fe">
         <path>C:\ti\ccs1271\ccs\tools\compiler\ti-cgt-arm_20.2.7.LTS\lib\</path>
         <kind>archive</kind>
         <file>rtsv7M4_T_le_v4SPD16_eabi.lib</file>
         <name>strchr.c.obj</name>
      </input_file>
      <input_file id="fl-ff">
         <path>C:\ti\ccs1271\ccs\tools\compiler\ti-cgt-arm_20.2.7.LTS\lib\</path>
         <kind>archive</kind>
         <file>rtsv7M4_T_le_v4SPD16_eabi.lib</file>
         <name>wcslen.c.obj</name>
      </input_file>
      <input_file id="fl-100">
         <path>C:\ti\ccs1271\ccs\tools\compiler\ti-cgt-arm_20.2.7.LTS\lib\</path>
         <kind>archive</kind>
         <file>rtsv7M4_T_le_v4SPD16_eabi.lib</file>
         <name>s_frexp.c.obj</name>
      </input_file>
      <input_file id="fl-101">
         <path>C:\ti\ccs1271\ccs\tools\compiler\ti-cgt-arm_20.2.7.LTS\lib\</path>
         <kind>archive</kind>
         <file>rtsv7M4_T_le_v4SPD16_eabi.lib</file>
         <name>div0.asm.obj</name>
      </input_file>
      <input_file id="fl-102">
         <path>C:\ti\TivaWare_C_Series-2.2.0.295\driverlib\ccs\Debug\</path>
         <kind>archive</kind>
         <file>driverlib.lib</file>
         <name>interrupt.obj</name>
      </input_file>
      <input_file id="fl-103">
         <path>C:\ti\TivaWare_C_Series-2.2.0.295\driverlib\ccs\Debug\</path>
         <kind>archive</kind>
         <file>driverlib.lib</file>
         <name>cpu.obj</name>
      </input_file>
   </input_file_list>
   <object_component_list>
      <object_component id="oc-12">
         <name>.intvecs</name>
         <load_address>0x0</load_address>
         <run_address>0x0</run_address>
         <size>0x26c</size>
         <input_file_ref idref="fl-13"/>
      </object_component>
      <object_component id="oc-107">
         <name>.text</name>
         <load_address>0x26c</load_address>
         <run_address>0x26c</run_address>
         <size>0xc20</size>
         <input_file_ref idref="fl-e"/>
      </object_component>
      <object_component id="oc-25a">
         <name>.text:__TI_printfi</name>
         <load_address>0xe8c</load_address>
         <run_address>0xe8c</run_address>
         <size>0xa4e</size>
         <input_file_ref idref="fl-f1"/>
      </object_component>
      <object_component id="oc-312">
         <name>.text:_nop</name>
         <load_address>0x18da</load_address>
         <run_address>0x18da</run_address>
         <size>0x2</size>
         <input_file_ref idref="fl-f8"/>
      </object_component>
      <object_component id="oc-19d">
         <name>.text:pow</name>
         <load_address>0x18dc</load_address>
         <run_address>0x18dc</run_address>
         <size>0x9d0</size>
         <input_file_ref idref="fl-d1"/>
      </object_component>
      <object_component id="oc-20f">
         <name>.text</name>
         <load_address>0x22ac</load_address>
         <run_address>0x22ac</run_address>
         <size>0x874</size>
         <input_file_ref idref="fl-15"/>
      </object_component>
      <object_component id="oc-3c9">
         <name>.text:__kernel_rem_pio2</name>
         <load_address>0x2b20</load_address>
         <run_address>0x2b20</run_address>
         <size>0x738</size>
         <input_file_ref idref="fl-e9"/>
      </object_component>
      <object_component id="oc-2eb">
         <name>.text:sin</name>
         <load_address>0x3258</load_address>
         <run_address>0x3258</run_address>
         <size>0x5e0</size>
         <input_file_ref idref="fl-d5"/>
      </object_component>
      <object_component id="oc-1da">
         <name>.text</name>
         <load_address>0x3838</load_address>
         <run_address>0x3838</run_address>
         <size>0x430</size>
         <input_file_ref idref="fl-6"/>
      </object_component>
      <object_component id="oc-101">
         <name>.text</name>
         <load_address>0x3c68</load_address>
         <run_address>0x3c68</run_address>
         <size>0x408</size>
         <input_file_ref idref="fl-7"/>
      </object_component>
      <object_component id="oc-209">
         <name>.text</name>
         <load_address>0x4070</load_address>
         <run_address>0x4070</run_address>
         <size>0x3e8</size>
         <input_file_ref idref="fl-d"/>
      </object_component>
      <object_component id="oc-fb">
         <name>.text</name>
         <load_address>0x4458</load_address>
         <run_address>0x4458</run_address>
         <size>0x3ba</size>
         <input_file_ref idref="fl-11"/>
      </object_component>
      <object_component id="oc-4b2">
         <name>.text</name>
         <load_address>0x4812</load_address>
         <run_address>0x4812</run_address>
         <size>0x2</size>
         <input_file_ref idref="fl-101"/>
      </object_component>
      <object_component id="oc-dd">
         <name>.text</name>
         <load_address>0x4814</load_address>
         <run_address>0x4814</run_address>
         <size>0x328</size>
         <input_file_ref idref="fl-8"/>
      </object_component>
      <object_component id="oc-11a">
         <name>.text</name>
         <load_address>0x4b3c</load_address>
         <run_address>0x4b3c</run_address>
         <size>0x2b4</size>
         <input_file_ref idref="fl-b"/>
      </object_component>
      <object_component id="oc-f5">
         <name>.text</name>
         <load_address>0x4df0</load_address>
         <run_address>0x4df0</run_address>
         <size>0x294</size>
         <input_file_ref idref="fl-10"/>
      </object_component>
      <object_component id="oc-35d">
         <name>.text:_pconv_a</name>
         <load_address>0x5084</load_address>
         <run_address>0x5084</run_address>
         <size>0x270</size>
         <input_file_ref idref="fl-f1"/>
      </object_component>
      <object_component id="oc-d7">
         <name>.text</name>
         <load_address>0x52f4</load_address>
         <run_address>0x52f4</run_address>
         <size>0x248</size>
         <input_file_ref idref="fl-2"/>
      </object_component>
      <object_component id="oc-ef">
         <name>.text</name>
         <load_address>0x553c</load_address>
         <run_address>0x553c</run_address>
         <size>0x208</size>
         <input_file_ref idref="fl-14"/>
      </object_component>
      <object_component id="oc-34b">
         <name>.text:_pconv_g</name>
         <load_address>0x5744</load_address>
         <run_address>0x5744</run_address>
         <size>0x1d0</size>
         <input_file_ref idref="fl-f1"/>
      </object_component>
      <object_component id="oc-1ae">
         <name>.text</name>
         <load_address>0x5914</load_address>
         <run_address>0x5914</run_address>
         <size>0x1b6</size>
         <input_file_ref idref="fl-d8"/>
      </object_component>
      <object_component id="oc-2e2">
         <name>.text</name>
         <load_address>0x5acc</load_address>
         <run_address>0x5acc</run_address>
         <size>0x1a0</size>
         <input_file_ref idref="fl-4"/>
      </object_component>
      <object_component id="oc-e9">
         <name>.text</name>
         <load_address>0x5c6c</load_address>
         <run_address>0x5c6c</run_address>
         <size>0x184</size>
         <input_file_ref idref="fl-3"/>
      </object_component>
      <object_component id="oc-3c3">
         <name>.text:__kernel_sin</name>
         <load_address>0x5df0</load_address>
         <run_address>0x5df0</run_address>
         <size>0x174</size>
         <input_file_ref idref="fl-ef"/>
      </object_component>
      <object_component id="oc-3cf">
         <name>.text:__kernel_cos</name>
         <load_address>0x5f64</load_address>
         <run_address>0x5f64</run_address>
         <size>0x170</size>
         <input_file_ref idref="fl-ee"/>
      </object_component>
      <object_component id="oc-285">
         <name>.text:sqrt</name>
         <load_address>0x60d4</load_address>
         <run_address>0x60d4</run_address>
         <size>0x158</size>
         <input_file_ref idref="fl-d2"/>
      </object_component>
      <object_component id="oc-2f8">
         <name>.text:__vla_alloc</name>
         <load_address>0x622c</load_address>
         <run_address>0x622c</run_address>
         <size>0x14c</size>
         <input_file_ref idref="fl-d0"/>
      </object_component>
      <object_component id="oc-357">
         <name>.text:_pconv_e</name>
         <load_address>0x6378</load_address>
         <run_address>0x6378</run_address>
         <size>0x13c</size>
         <input_file_ref idref="fl-f1"/>
      </object_component>
      <object_component id="oc-1c5">
         <name>.text</name>
         <load_address>0x64b4</load_address>
         <run_address>0x64b4</run_address>
         <size>0x136</size>
         <input_file_ref idref="fl-da"/>
      </object_component>
      <object_component id="oc-438">
         <name>.text:fcvt</name>
         <load_address>0x65ec</load_address>
         <run_address>0x65ec</run_address>
         <size>0x124</size>
         <input_file_ref idref="fl-f1"/>
      </object_component>
      <object_component id="oc-29e">
         <name>.text:scalbn</name>
         <load_address>0x6710</load_address>
         <run_address>0x6710</run_address>
         <size>0x110</size>
         <input_file_ref idref="fl-d4"/>
      </object_component>
      <object_component id="oc-3ac">
         <name>.text:aligned_alloc</name>
         <load_address>0x6820</load_address>
         <run_address>0x6820</run_address>
         <size>0x100</size>
         <input_file_ref idref="fl-e5"/>
      </object_component>
      <object_component id="oc-1b3">
         <name>.text</name>
         <load_address>0x6920</load_address>
         <run_address>0x6920</run_address>
         <size>0xfc</size>
         <input_file_ref idref="fl-db"/>
      </object_component>
      <object_component id="oc-483">
         <name>.text:floor</name>
         <load_address>0x6a1c</load_address>
         <run_address>0x6a1c</run_address>
         <size>0xf8</size>
         <input_file_ref idref="fl-f0"/>
      </object_component>
      <object_component id="oc-1eb">
         <name>.text:free</name>
         <load_address>0x6b14</load_address>
         <run_address>0x6b14</run_address>
         <size>0xe4</size>
         <input_file_ref idref="fl-e5"/>
      </object_component>
      <object_component id="oc-3f1">
         <name>.text:realloc</name>
         <load_address>0x6bf8</load_address>
         <run_address>0x6bf8</run_address>
         <size>0xe4</size>
         <input_file_ref idref="fl-e5"/>
      </object_component>
      <object_component id="oc-345">
         <name>.text:_ltostr</name>
         <load_address>0x6cdc</load_address>
         <run_address>0x6cdc</run_address>
         <size>0xb1</size>
         <input_file_ref idref="fl-f1"/>
      </object_component>
      <object_component id="oc-114">
         <name>.text</name>
         <load_address>0x6d90</load_address>
         <run_address>0x6d90</run_address>
         <size>0xa4</size>
         <input_file_ref idref="fl-12"/>
      </object_component>
      <object_component id="oc-3e">
         <name>.text</name>
         <load_address>0x6e34</load_address>
         <run_address>0x6e34</run_address>
         <size>0x9c</size>
         <input_file_ref idref="fl-e0"/>
      </object_component>
      <object_component id="oc-41f">
         <name>.text</name>
         <load_address>0x6ed0</load_address>
         <run_address>0x6ed0</run_address>
         <size>0x96</size>
         <input_file_ref idref="fl-f3"/>
      </object_component>
      <object_component id="oc-1d3">
         <name>.text</name>
         <load_address>0x6f68</load_address>
         <run_address>0x6f68</run_address>
         <size>0x88</size>
         <input_file_ref idref="fl-5"/>
      </object_component>
      <object_component id="oc-294">
         <name>.text:__aeabi_cdcmple</name>
         <load_address>0x6ff0</load_address>
         <run_address>0x6ff0</run_address>
         <size>0x86</size>
         <input_file_ref idref="fl-d9"/>
      </object_component>
      <object_component id="oc-299">
         <name>.text:__aeabi_cdrcmple</name>
         <load_address>0x7076</load_address>
         <run_address>0x7076</run_address>
         <size>0x86</size>
         <input_file_ref idref="fl-d9"/>
      </object_component>
      <object_component id="oc-a2">
         <name>.text</name>
         <load_address>0x70fc</load_address>
         <run_address>0x70fc</run_address>
         <size>0x80</size>
         <input_file_ref idref="fl-a"/>
      </object_component>
      <object_component id="oc-96">
         <name>.text</name>
         <load_address>0x717c</load_address>
         <run_address>0x717c</run_address>
         <size>0x7a</size>
         <input_file_ref idref="fl-f2"/>
      </object_component>
      <object_component id="oc-3eb">
         <name>.text:_ZN33_INTERNAL_11_vla_alloc_c_be8bd49b21free_dead_allocationsEPv</name>
         <load_address>0x71f8</load_address>
         <run_address>0x71f8</run_address>
         <size>0x78</size>
         <input_file_ref idref="fl-d0"/>
      </object_component>
      <object_component id="oc-2fe">
         <name>.text:__vla_dealloc</name>
         <load_address>0x7270</load_address>
         <run_address>0x7270</run_address>
         <size>0x70</size>
         <input_file_ref idref="fl-d0"/>
      </object_component>
      <object_component id="oc-476">
         <name>.text:split</name>
         <load_address>0x72e0</load_address>
         <run_address>0x72e0</run_address>
         <size>0x70</size>
         <input_file_ref idref="fl-e5"/>
      </object_component>
      <object_component id="oc-431">
         <name>.text:_mcpy</name>
         <load_address>0x7350</load_address>
         <run_address>0x7350</run_address>
         <size>0x6e</size>
         <input_file_ref idref="fl-f1"/>
      </object_component>
      <object_component id="oc-1a3">
         <name>.text</name>
         <load_address>0x73be</load_address>
         <run_address>0x73be</run_address>
         <size>0x6e</size>
         <input_file_ref idref="fl-dd"/>
      </object_component>
      <object_component id="oc-15">
         <name>.text:decompress:lzss:__TI_decompress_lzss</name>
         <load_address>0x742c</load_address>
         <run_address>0x742c</run_address>
         <size>0x68</size>
         <input_file_ref idref="fl-e4"/>
      </object_component>
      <object_component id="oc-446">
         <name>.text:frexp</name>
         <load_address>0x7494</load_address>
         <run_address>0x7494</run_address>
         <size>0x64</size>
         <input_file_ref idref="fl-100"/>
      </object_component>
      <object_component id="oc-351">
         <name>.text:_pconv_f</name>
         <load_address>0x74f8</load_address>
         <run_address>0x74f8</run_address>
         <size>0x56</size>
         <input_file_ref idref="fl-f1"/>
      </object_component>
      <object_component id="oc-425">
         <name>.text:__TI_ltoa</name>
         <load_address>0x754e</load_address>
         <run_address>0x754e</run_address>
         <size>0x54</size>
         <input_file_ref idref="fl-f9"/>
      </object_component>
      <object_component id="oc-42b">
         <name>.text:_ecpy</name>
         <load_address>0x75a2</load_address>
         <run_address>0x75a2</run_address>
         <size>0x52</size>
         <input_file_ref idref="fl-f1"/>
      </object_component>
      <object_component id="oc-215">
         <name>.text</name>
         <load_address>0x75f4</load_address>
         <run_address>0x75f4</run_address>
         <size>0x50</size>
         <input_file_ref idref="fl-9"/>
      </object_component>
      <object_component id="oc-33f">
         <name>.text:atoi</name>
         <load_address>0x7644</load_address>
         <run_address>0x7644</run_address>
         <size>0x4c</size>
         <input_file_ref idref="fl-fb"/>
      </object_component>
      <object_component id="oc-1b8">
         <name>.text</name>
         <load_address>0x7690</load_address>
         <run_address>0x7690</run_address>
         <size>0x48</size>
         <input_file_ref idref="fl-dc"/>
      </object_component>
      <object_component id="oc-136">
         <name>.text:__TI_auto_init_nobinit_nopinit:__TI_auto_init_nobinit_nopinit</name>
         <load_address>0x76d8</load_address>
         <run_address>0x76d8</run_address>
         <size>0x44</size>
         <input_file_ref idref="fl-f4"/>
      </object_component>
      <object_component id="oc-2f1">
         <name>.text:sprintf</name>
         <load_address>0x771c</load_address>
         <run_address>0x771c</run_address>
         <size>0x40</size>
         <input_file_ref idref="fl-d6"/>
      </object_component>
      <object_component id="oc-175">
         <name>.text:vsnprintf</name>
         <load_address>0x775c</load_address>
         <run_address>0x775c</run_address>
         <size>0x40</size>
         <input_file_ref idref="fl-d7"/>
      </object_component>
      <object_component id="oc-43e">
         <name>.text:_fcpy</name>
         <load_address>0x779c</load_address>
         <run_address>0x779c</run_address>
         <size>0x3e</size>
         <input_file_ref idref="fl-f1"/>
      </object_component>
      <object_component id="oc-1e5">
         <name>.text:calloc</name>
         <load_address>0x77dc</load_address>
         <run_address>0x77dc</run_address>
         <size>0x38</size>
         <input_file_ref idref="fl-e5"/>
      </object_component>
      <object_component id="oc-198">
         <name>.text</name>
         <load_address>0x7814</load_address>
         <run_address>0x7814</run_address>
         <size>0x38</size>
         <input_file_ref idref="fl-de"/>
      </object_component>
      <object_component id="oc-16a">
         <name>.text:IntRegister</name>
         <load_address>0x784c</load_address>
         <run_address>0x784c</run_address>
         <size>0x34</size>
         <input_file_ref idref="fl-102"/>
      </object_component>
      <object_component id="oc-5c">
         <name>.text:_c_int00_noargs:_c_int00_noargs</name>
         <load_address>0x7880</load_address>
         <run_address>0x7880</run_address>
         <size>0x34</size>
         <input_file_ref idref="fl-ea"/>
      </object_component>
      <object_component id="oc-260">
         <name>.text:_outs</name>
         <load_address>0x78b4</load_address>
         <run_address>0x78b4</run_address>
         <size>0x30</size>
         <input_file_ref idref="fl-d7"/>
      </object_component>
      <object_component id="oc-1ce">
         <name>.text</name>
         <load_address>0x78e4</load_address>
         <run_address>0x78e4</run_address>
         <size>0x2e</size>
         <input_file_ref idref="fl-df"/>
      </object_component>
      <object_component id="oc-2cf">
         <name>.text:free_list_insert</name>
         <load_address>0x7914</load_address>
         <run_address>0x7914</run_address>
         <size>0x28</size>
         <input_file_ref idref="fl-e5"/>
      </object_component>
      <object_component id="oc-1a9">
         <name>.text</name>
         <load_address>0x793c</load_address>
         <run_address>0x793c</run_address>
         <size>0x20</size>
         <input_file_ref idref="fl-e1"/>
      </object_component>
      <object_component id="oc-2c9">
         <name>.text:free_list_remove</name>
         <load_address>0x795c</load_address>
         <run_address>0x795c</run_address>
         <size>0x1c</size>
         <input_file_ref idref="fl-e5"/>
      </object_component>
      <object_component id="oc-363">
         <name>.text:memccpy</name>
         <load_address>0x7978</load_address>
         <run_address>0x7978</run_address>
         <size>0x1c</size>
         <input_file_ref idref="fl-fd"/>
      </object_component>
      <object_component id="oc-38e">
         <name>.text:copysign</name>
         <load_address>0x7994</load_address>
         <run_address>0x7994</run_address>
         <size>0x1a</size>
         <input_file_ref idref="fl-ed"/>
      </object_component>
      <object_component id="oc-266">
         <name>.text:_outc</name>
         <load_address>0x79ae</load_address>
         <run_address>0x79ae</run_address>
         <size>0x18</size>
         <input_file_ref idref="fl-d7"/>
      </object_component>
      <object_component id="oc-3d7">
         <name>.text:_outs</name>
         <load_address>0x79c6</load_address>
         <run_address>0x79c6</run_address>
         <size>0x18</size>
         <input_file_ref idref="fl-d6"/>
      </object_component>
      <object_component id="oc-1f1">
         <name>.text:oi_parseInt</name>
         <load_address>0x79de</load_address>
         <run_address>0x79de</run_address>
         <size>0x18</size>
         <input_file_ref idref="fl-e"/>
      </object_component>
      <object_component id="oc-17b">
         <name>.text:strcmp</name>
         <load_address>0x79f6</load_address>
         <run_address>0x79f6</run_address>
         <size>0x18</size>
         <input_file_ref idref="fl-e6"/>
      </object_component>
      <object_component id="oc-44c">
         <name>.text:strchr</name>
         <load_address>0x7a0e</load_address>
         <run_address>0x7a0e</run_address>
         <size>0x16</size>
         <input_file_ref idref="fl-fe"/>
      </object_component>
      <object_component id="oc-181">
         <name>.text:strcpy</name>
         <load_address>0x7a24</load_address>
         <run_address>0x7a24</run_address>
         <size>0x14</size>
         <input_file_ref idref="fl-e7"/>
      </object_component>
      <object_component id="oc-1bd">
         <name>.text:strlen</name>
         <load_address>0x7a38</load_address>
         <run_address>0x7a38</run_address>
         <size>0x14</size>
         <input_file_ref idref="fl-e8"/>
      </object_component>
      <object_component id="oc-369">
         <name>.text:wcslen</name>
         <load_address>0x7a4c</load_address>
         <run_address>0x7a4c</run_address>
         <size>0x12</size>
         <input_file_ref idref="fl-ff"/>
      </object_component>
      <object_component id="oc-e3">
         <name>.text:IntMasterEnable</name>
         <load_address>0x7a5e</load_address>
         <run_address>0x7a5e</run_address>
         <size>0x10</size>
         <input_file_ref idref="fl-102"/>
      </object_component>
      <object_component id="oc-10d">
         <name>.text:lcd_clear</name>
         <load_address>0x7a6e</load_address>
         <run_address>0x7a6e</run_address>
         <size>0x10</size>
         <input_file_ref idref="fl-8"/>
      </object_component>
      <object_component id="oc-1b">
         <name>.text:decompress:none:__TI_decompress_none</name>
         <load_address>0x7a7e</load_address>
         <run_address>0x7a7e</run_address>
         <size>0xe</size>
         <input_file_ref idref="fl-e3"/>
      </object_component>
      <object_component id="oc-191">
         <name>.text:CPUcpsie</name>
         <load_address>0x7a8c</load_address>
         <run_address>0x7a8c</run_address>
         <size>0xc</size>
         <input_file_ref idref="fl-103"/>
      </object_component>
      <object_component id="oc-50">
         <name>.text:decompress:ZI:__TI_zero_init</name>
         <load_address>0x7a98</load_address>
         <run_address>0x7a98</run_address>
         <size>0xc</size>
         <input_file_ref idref="fl-e2"/>
      </object_component>
      <object_component id="oc-2a">
         <name>.text</name>
         <load_address>0x7aa4</load_address>
         <run_address>0x7aa4</run_address>
         <size>0xc</size>
         <input_file_ref idref="fl-13"/>
      </object_component>
      <object_component id="oc-3dd">
         <name>.text:_outc</name>
         <load_address>0x7ab0</load_address>
         <run_address>0x7ab0</run_address>
         <size>0xa</size>
         <input_file_ref idref="fl-d6"/>
      </object_component>
      <object_component id="oc-28b">
         <name>.text:__aeabi_errno_addr</name>
         <load_address>0x7abc</load_address>
         <run_address>0x7abc</run_address>
         <size>0x8</size>
         <input_file_ref idref="fl-eb"/>
      </object_component>
      <object_component id="oc-2c2">
         <name>.text:malloc</name>
         <load_address>0x7ac4</load_address>
         <run_address>0x7ac4</run_address>
         <size>0x8</size>
         <input_file_ref idref="fl-e5"/>
      </object_component>
      <object_component id="oc-3e5">
         <name>.text:__abort_execution</name>
         <load_address>0x7acc</load_address>
         <run_address>0x7acc</run_address>
         <size>0x4</size>
         <input_file_ref idref="fl-ec"/>
      </object_component>
      <object_component id="oc-9c">
         <name>.text:_system_pre_init</name>
         <load_address>0x7ad0</load_address>
         <run_address>0x7ad0</run_address>
         <size>0x4</size>
         <input_file_ref idref="fl-f5"/>
      </object_component>
      <object_component id="oc-12a">
         <name>.text:abort:abort</name>
         <load_address>0x7ad4</load_address>
         <run_address>0x7ad4</run_address>
         <size>0x4</size>
         <input_file_ref idref="fl-f7"/>
      </object_component>
      <object_component id="oc-489">
         <name>.const:$O1$$</name>
         <load_address>0x7ad8</load_address>
         <run_address>0x7ad8</run_address>
         <size>0x158</size>
         <input_file_ref idref="fl-e9"/>
      </object_component>
      <object_component id="oc-41a">
         <name>.const:.string:_ctypes_</name>
         <load_address>0x7c30</load_address>
         <run_address>0x7c30</run_address>
         <size>0x101</size>
         <input_file_ref idref="fl-fc"/>
      </object_component>
      <object_component id="oc-187">
         <name>.const:.string:lineAddress$1</name>
         <load_address>0x7d31</load_address>
         <run_address>0x7d31</run_address>
         <size>0x4</size>
         <input_file_ref idref="fl-8"/>
      </object_component>
      <object_component id="oc-291">
         <name>.const:$O1$$</name>
         <load_address>0x7d38</load_address>
         <run_address>0x7d38</run_address>
         <size>0x30</size>
         <input_file_ref idref="fl-d1"/>
      </object_component>
      <object_component id="oc-201">
         <name>.const:.string:$P$T0$1</name>
         <load_address>0x7d68</load_address>
         <run_address>0x7d68</run_address>
         <size>0x14</size>
         <input_file_ref idref="fl-12"/>
      </object_component>
      <object_component id="oc-204">
         <name>.const:.string:$P$T1$2</name>
         <load_address>0x7d7c</load_address>
         <run_address>0x7d7c</run_address>
         <size>0x14</size>
         <input_file_ref idref="fl-12"/>
      </object_component>
      <object_component id="oc-3b8">
         <name>.const:$P$T0$1</name>
         <load_address>0x7d90</load_address>
         <run_address>0x7d90</run_address>
         <size>0x10</size>
         <input_file_ref idref="fl-4"/>
      </object_component>
      <object_component id="oc-1fb">
         <name>.const:.string:$P$T0$3</name>
         <load_address>0x7da0</load_address>
         <run_address>0x7da0</run_address>
         <size>0xf</size>
         <input_file_ref idref="fl-e"/>
      </object_component>
      <object_component id="oc-188">
         <name>.const:.string:lineAddresses$2</name>
         <load_address>0x7daf</load_address>
         <run_address>0x7daf</run_address>
         <size>0x4</size>
         <input_file_ref idref="fl-8"/>
      </object_component>
      <object_component id="oc-512">
         <name>.cinit..data.load</name>
         <load_address>0x7db8</load_address>
         <run_address>0x7db8</run_address>
         <size>0x24</size>
      </object_component>
      <object_component id="oc-50f">
         <name>__TI_handler_table</name>
         <load_address>0x7ddc</load_address>
         <run_address>0x7ddc</run_address>
         <size>0xc</size>
      </object_component>
      <object_component id="oc-513">
         <name>.cinit..bss.load</name>
         <load_address>0x7de8</load_address>
         <run_address>0x7de8</run_address>
         <size>0x8</size>
      </object_component>
      <object_component id="oc-511">
         <name>.cinit..vtable.load</name>
         <load_address>0x7df0</load_address>
         <run_address>0x7df0</run_address>
         <size>0x8</size>
      </object_component>
      <object_component id="oc-510">
         <name>__TI_cinit_table</name>
         <load_address>0x7df8</load_address>
         <run_address>0x7df8</run_address>
         <size>0x18</size>
      </object_component>
      <object_component id="oc-24e">
         <name>.vtable</name>
         <uninitialized>true</uninitialized>
         <run_address>0x20000000</run_address>
         <size>0x26c</size>
         <input_file_ref idref="fl-102"/>
      </object_component>
      <object_component id="oc-170">
         <name>.data</name>
         <load_address>0x20002a38</load_address>
         <run_address>0x20002a38</run_address>
         <size>0x1</size>
         <input_file_ref idref="fl-2"/>
      </object_component>
      <object_component id="oc-2ba">
         <name>.data</name>
         <load_address>0x20002a39</load_address>
         <run_address>0x20002a39</run_address>
         <size>0x1</size>
         <input_file_ref idref="fl-5"/>
      </object_component>
      <object_component id="oc-1e0">
         <name>.data</name>
         <load_address>0x20002a3a</load_address>
         <run_address>0x20002a3a</run_address>
         <size>0x1</size>
         <input_file_ref idref="fl-7"/>
      </object_component>
      <object_component id="oc-1f8">
         <name>.data</name>
         <load_address>0x200029e8</load_address>
         <run_address>0x200029e8</run_address>
         <size>0x20</size>
         <input_file_ref idref="fl-e"/>
      </object_component>
      <object_component id="oc-1ca">
         <name>.data</name>
         <load_address>0x20002a08</load_address>
         <run_address>0x20002a08</run_address>
         <size>0x10</size>
         <input_file_ref idref="fl-10"/>
      </object_component>
      <object_component id="oc-120">
         <name>.data</name>
         <load_address>0x20002a28</load_address>
         <run_address>0x20002a28</run_address>
         <size>0x8</size>
         <input_file_ref idref="fl-14"/>
      </object_component>
      <object_component id="oc-3f7">
         <name>.data</name>
         <load_address>0x20002a34</load_address>
         <run_address>0x20002a34</run_address>
         <size>0x4</size>
         <input_file_ref idref="fl-d0"/>
      </object_component>
      <object_component id="oc-3b3">
         <name>.data:$O1$$</name>
         <load_address>0x20002a20</load_address>
         <run_address>0x20002a20</run_address>
         <size>0x8</size>
         <input_file_ref idref="fl-e5"/>
      </object_component>
      <object_component id="oc-385">
         <name>.data</name>
         <load_address>0x20002a30</load_address>
         <run_address>0x20002a30</run_address>
         <size>0x4</size>
         <input_file_ref idref="fl-eb"/>
      </object_component>
      <object_component id="oc-232">
         <name>.data:$O1$$</name>
         <load_address>0x20002a18</load_address>
         <run_address>0x20002a18</run_address>
         <size>0x8</size>
         <input_file_ref idref="fl-f8"/>
      </object_component>
      <object_component id="oc-189">
         <name>.bss:lastbuffer$3</name>
         <uninitialized>true</uninitialized>
         <run_address>0x20002978</run_address>
         <size>0x54</size>
         <input_file_ref idref="fl-8"/>
      </object_component>
      <object_component id="oc-1fe">
         <name>.bss:firmware$2</name>
         <uninitialized>true</uninitialized>
         <run_address>0x200029cc</run_address>
         <size>0x18</size>
         <input_file_ref idref="fl-e"/>
      </object_component>
      <object_component id="oc-173">
         <name>.common:_timeout_ticks</name>
         <uninitialized>true</uninitialized>
         <run_address>0x200029e4</run_address>
         <size>0x4</size>
      </object_component>
      <object_component id="oc-21b">
         <name>.common:scanPointArray</name>
         <uninitialized>true</uninitialized>
         <run_address>0x20002270</run_address>
         <size>0x438</size>
      </object_component>
      <object_component id="oc-2ea">
         <name>.common:objectArray</name>
         <uninitialized>true</uninitialized>
         <run_address>0x200026a8</run_address>
         <size>0x2d0</size>
      </object_component>
      <object_component id="oc-24">
         <name>.sysmem</name>
         <uninitialized>true</uninitialized>
         <run_address>0x20001270</run_address>
         <size>0x10</size>
         <input_file_ref idref="fl-e5"/>
      </object_component>
      <object_component id="oc-516">
         <name>.sysmem</name>
         <uninitialized>true</uninitialized>
         <run_address>0x20001270</run_address>
         <size>0x0</size>
      </object_component>
      <object_component id="oc-27">
         <name>.stack</name>
         <uninitialized>true</uninitialized>
         <run_address>0x20000270</run_address>
         <size>0x4</size>
         <input_file_ref idref="fl-ea"/>
      </object_component>
      <object_component id="oc-515">
         <name>.stack</name>
         <uninitialized>true</uninitialized>
         <run_address>0x20000270</run_address>
         <size>0x0</size>
      </object_component>
      <object_component id="oc-c5">
         <name>.debug_info</name>
         <load_address>0x0</load_address>
         <run_address>0x0</run_address>
         <size>0x2e1</size>
         <input_file_ref idref="fl-2"/>
      </object_component>
      <object_component id="oc-171">
         <name>.debug_info</name>
         <load_address>0x2e1</load_address>
         <run_address>0x2e1</run_address>
         <size>0xef</size>
         <input_file_ref idref="fl-2"/>
      </object_component>
      <object_component id="oc-da">
         <name>.debug_info</name>
         <load_address>0x3d0</load_address>
         <run_address>0x3d0</run_address>
         <size>0x537</size>
         <input_file_ref idref="fl-2"/>
      </object_component>
      <object_component id="oc-77">
         <name>.debug_info</name>
         <load_address>0x907</load_address>
         <run_address>0x907</run_address>
         <size>0x26b</size>
         <input_file_ref idref="fl-2"/>
      </object_component>
      <object_component id="oc-39">
         <name>.debug_info</name>
         <load_address>0xb72</load_address>
         <run_address>0xb72</run_address>
         <size>0x84</size>
         <input_file_ref idref="fl-2"/>
      </object_component>
      <object_component id="oc-c0">
         <name>.debug_info</name>
         <load_address>0xbf6</load_address>
         <run_address>0xbf6</run_address>
         <size>0x2a4</size>
         <input_file_ref idref="fl-2"/>
      </object_component>
      <object_component id="oc-7c">
         <name>.debug_info</name>
         <load_address>0xe9a</load_address>
         <run_address>0xe9a</run_address>
         <size>0xbb</size>
         <input_file_ref idref="fl-2"/>
      </object_component>
      <object_component id="oc-eb">
         <name>.debug_info</name>
         <load_address>0xf55</load_address>
         <run_address>0xf55</run_address>
         <size>0x292</size>
         <input_file_ref idref="fl-3"/>
      </object_component>
      <object_component id="oc-30f">
         <name>.debug_info</name>
         <load_address>0x11e7</load_address>
         <run_address>0x11e7</run_address>
         <size>0x2fe</size>
         <input_file_ref idref="fl-4"/>
      </object_component>
      <object_component id="oc-3b9">
         <name>.debug_info</name>
         <load_address>0x14e5</load_address>
         <run_address>0x14e5</run_address>
         <size>0xef</size>
         <input_file_ref idref="fl-4"/>
      </object_component>
      <object_component id="oc-2e3">
         <name>.debug_info</name>
         <load_address>0x15d4</load_address>
         <run_address>0x15d4</run_address>
         <size>0x62f</size>
         <input_file_ref idref="fl-4"/>
      </object_component>
      <object_component id="oc-224">
         <name>.debug_info</name>
         <load_address>0x1c03</load_address>
         <run_address>0x1c03</run_address>
         <size>0x5aa</size>
         <input_file_ref idref="fl-4"/>
      </object_component>
      <object_component id="oc-3bc">
         <name>.debug_info</name>
         <load_address>0x21ad</load_address>
         <run_address>0x21ad</run_address>
         <size>0x86</size>
         <input_file_ref idref="fl-4"/>
      </object_component>
      <object_component id="oc-27e">
         <name>.debug_info</name>
         <load_address>0x2233</load_address>
         <run_address>0x2233</run_address>
         <size>0xcc</size>
         <input_file_ref idref="fl-4"/>
      </object_component>
      <object_component id="oc-18c">
         <name>.debug_info</name>
         <load_address>0x22ff</load_address>
         <run_address>0x22ff</run_address>
         <size>0x2c</size>
         <input_file_ref idref="fl-4"/>
      </object_component>
      <object_component id="oc-229">
         <name>.debug_info</name>
         <load_address>0x232b</load_address>
         <run_address>0x232b</run_address>
         <size>0x35</size>
         <input_file_ref idref="fl-4"/>
      </object_component>
      <object_component id="oc-1d4">
         <name>.debug_info</name>
         <load_address>0x2360</load_address>
         <run_address>0x2360</run_address>
         <size>0x1a4</size>
         <input_file_ref idref="fl-5"/>
      </object_component>
      <object_component id="oc-2bd">
         <name>.debug_info</name>
         <load_address>0x2504</load_address>
         <run_address>0x2504</run_address>
         <size>0x284</size>
         <input_file_ref idref="fl-6"/>
      </object_component>
      <object_component id="oc-1dd">
         <name>.debug_info</name>
         <load_address>0x2788</load_address>
         <run_address>0x2788</run_address>
         <size>0x560</size>
         <input_file_ref idref="fl-6"/>
      </object_component>
      <object_component id="oc-124">
         <name>.debug_info</name>
         <load_address>0x2ce8</load_address>
         <run_address>0x2ce8</run_address>
         <size>0x8b</size>
         <input_file_ref idref="fl-6"/>
      </object_component>
      <object_component id="oc-1e4">
         <name>.debug_info</name>
         <load_address>0x2d73</load_address>
         <run_address>0x2d73</run_address>
         <size>0x486</size>
         <input_file_ref idref="fl-7"/>
      </object_component>
      <object_component id="oc-1e1">
         <name>.debug_info</name>
         <load_address>0x31f9</load_address>
         <run_address>0x31f9</run_address>
         <size>0xf7</size>
         <input_file_ref idref="fl-7"/>
      </object_component>
      <object_component id="oc-103">
         <name>.debug_info</name>
         <load_address>0x32f0</load_address>
         <run_address>0x32f0</run_address>
         <size>0x7af</size>
         <input_file_ref idref="fl-7"/>
      </object_component>
      <object_component id="oc-18b">
         <name>.debug_info</name>
         <load_address>0x3a9f</load_address>
         <run_address>0x3a9f</run_address>
         <size>0x3af</size>
         <input_file_ref idref="fl-8"/>
      </object_component>
      <object_component id="oc-10e">
         <name>.debug_info</name>
         <load_address>0x3e4e</load_address>
         <run_address>0x3e4e</run_address>
         <size>0x144</size>
         <input_file_ref idref="fl-8"/>
      </object_component>
      <object_component id="oc-de">
         <name>.debug_info</name>
         <load_address>0x3f92</load_address>
         <run_address>0x3f92</run_address>
         <size>0x8d0</size>
         <input_file_ref idref="fl-8"/>
      </object_component>
      <object_component id="oc-305">
         <name>.debug_info</name>
         <load_address>0x4862</load_address>
         <run_address>0x4862</run_address>
         <size>0x3bd</size>
         <input_file_ref idref="fl-9"/>
      </object_component>
      <object_component id="oc-217">
         <name>.debug_info</name>
         <load_address>0x4c1f</load_address>
         <run_address>0x4c1f</run_address>
         <size>0x270</size>
         <input_file_ref idref="fl-9"/>
      </object_component>
      <object_component id="oc-129">
         <name>.debug_info</name>
         <load_address>0x4e8f</load_address>
         <run_address>0x4e8f</run_address>
         <size>0x4f0</size>
         <input_file_ref idref="fl-a"/>
      </object_component>
      <object_component id="oc-a3">
         <name>.debug_info</name>
         <load_address>0x537f</load_address>
         <run_address>0x537f</run_address>
         <size>0x259</size>
         <input_file_ref idref="fl-a"/>
      </object_component>
      <object_component id="oc-308">
         <name>.debug_info</name>
         <load_address>0x55d8</load_address>
         <run_address>0x55d8</run_address>
         <size>0x101</size>
         <input_file_ref idref="fl-a"/>
      </object_component>
      <object_component id="oc-21f">
         <name>.debug_info</name>
         <load_address>0x56d9</load_address>
         <run_address>0x56d9</run_address>
         <size>0x5c0</size>
         <input_file_ref idref="fl-b"/>
      </object_component>
      <object_component id="oc-11b">
         <name>.debug_info</name>
         <load_address>0x5c99</load_address>
         <run_address>0x5c99</run_address>
         <size>0x302</size>
         <input_file_ref idref="fl-b"/>
      </object_component>
      <object_component id="oc-2e9">
         <name>.debug_info</name>
         <load_address>0x5f9b</load_address>
         <run_address>0x5f9b</run_address>
         <size>0x477</size>
         <input_file_ref idref="fl-d"/>
      </object_component>
      <object_component id="oc-20c">
         <name>.debug_info</name>
         <load_address>0x6412</load_address>
         <run_address>0x6412</run_address>
         <size>0x9f3</size>
         <input_file_ref idref="fl-d"/>
      </object_component>
      <object_component id="oc-200">
         <name>.debug_info</name>
         <load_address>0x6e05</load_address>
         <run_address>0x6e05</run_address>
         <size>0x42c</size>
         <input_file_ref idref="fl-e"/>
      </object_component>
      <object_component id="oc-1f9">
         <name>.debug_info</name>
         <load_address>0x7231</load_address>
         <run_address>0x7231</run_address>
         <size>0x141</size>
         <input_file_ref idref="fl-e"/>
      </object_component>
      <object_component id="oc-1fc">
         <name>.debug_info</name>
         <load_address>0x7372</load_address>
         <run_address>0x7372</run_address>
         <size>0xf6</size>
         <input_file_ref idref="fl-e"/>
      </object_component>
      <object_component id="oc-1f3">
         <name>.debug_info</name>
         <load_address>0x7468</load_address>
         <run_address>0x7468</run_address>
         <size>0x16e</size>
         <input_file_ref idref="fl-e"/>
      </object_component>
      <object_component id="oc-10b">
         <name>.debug_info</name>
         <load_address>0x75d6</load_address>
         <run_address>0x75d6</run_address>
         <size>0x19b8</size>
         <input_file_ref idref="fl-e"/>
      </object_component>
      <object_component id="oc-2b8">
         <name>.debug_info</name>
         <load_address>0x8f8e</load_address>
         <run_address>0x8f8e</run_address>
         <size>0x314</size>
         <input_file_ref idref="fl-10"/>
      </object_component>
      <object_component id="oc-1cb">
         <name>.debug_info</name>
         <load_address>0x92a2</load_address>
         <run_address>0x92a2</run_address>
         <size>0x171</size>
         <input_file_ref idref="fl-10"/>
      </object_component>
      <object_component id="oc-f9">
         <name>.debug_info</name>
         <load_address>0x9413</load_address>
         <run_address>0x9413</run_address>
         <size>0x381</size>
         <input_file_ref idref="fl-10"/>
      </object_component>
      <object_component id="oc-3a6">
         <name>.debug_info</name>
         <load_address>0x9794</load_address>
         <run_address>0x9794</run_address>
         <size>0x44</size>
         <input_file_ref idref="fl-10"/>
      </object_component>
      <object_component id="oc-fd">
         <name>.debug_info</name>
         <load_address>0x97d8</load_address>
         <run_address>0x97d8</run_address>
         <size>0x5eb</size>
         <input_file_ref idref="fl-11"/>
      </object_component>
      <object_component id="oc-208">
         <name>.debug_info</name>
         <load_address>0x9dc3</load_address>
         <run_address>0x9dc3</run_address>
         <size>0x304</size>
         <input_file_ref idref="fl-12"/>
      </object_component>
      <object_component id="oc-202">
         <name>.debug_info</name>
         <load_address>0xa0c7</load_address>
         <run_address>0xa0c7</run_address>
         <size>0xeb</size>
         <input_file_ref idref="fl-12"/>
      </object_component>
      <object_component id="oc-205">
         <name>.debug_info</name>
         <load_address>0xa1b2</load_address>
         <run_address>0xa1b2</run_address>
         <size>0xeb</size>
         <input_file_ref idref="fl-12"/>
      </object_component>
      <object_component id="oc-115">
         <name>.debug_info</name>
         <load_address>0xa29d</load_address>
         <run_address>0xa29d</run_address>
         <size>0x406</size>
         <input_file_ref idref="fl-12"/>
      </object_component>
      <object_component id="oc-ce">
         <name>.debug_info</name>
         <load_address>0xa6a3</load_address>
         <run_address>0xa6a3</run_address>
         <size>0x2c</size>
         <input_file_ref idref="fl-12"/>
      </object_component>
      <object_component id="oc-32">
         <name>.debug_info</name>
         <load_address>0xa6cf</load_address>
         <run_address>0xa6cf</run_address>
         <size>0x2cb</size>
         <input_file_ref idref="fl-13"/>
      </object_component>
      <object_component id="oc-13">
         <name>.debug_info</name>
         <load_address>0xa99a</load_address>
         <run_address>0xa99a</run_address>
         <size>0x10a</size>
         <input_file_ref idref="fl-13"/>
      </object_component>
      <object_component id="oc-2c">
         <name>.debug_info</name>
         <load_address>0xaaa4</load_address>
         <run_address>0xaaa4</run_address>
         <size>0x286</size>
         <input_file_ref idref="fl-13"/>
      </object_component>
      <object_component id="oc-1c4">
         <name>.debug_info</name>
         <load_address>0xad2a</load_address>
         <run_address>0xad2a</run_address>
         <size>0x31f</size>
         <input_file_ref idref="fl-14"/>
      </object_component>
      <object_component id="oc-121">
         <name>.debug_info</name>
         <load_address>0xb049</load_address>
         <run_address>0xb049</run_address>
         <size>0x129</size>
         <input_file_ref idref="fl-14"/>
      </object_component>
      <object_component id="oc-f1">
         <name>.debug_info</name>
         <load_address>0xb172</load_address>
         <run_address>0xb172</run_address>
         <size>0x44c</size>
         <input_file_ref idref="fl-14"/>
      </object_component>
      <object_component id="oc-21c">
         <name>.debug_info</name>
         <load_address>0xb5be</load_address>
         <run_address>0xb5be</run_address>
         <size>0x47f</size>
         <input_file_ref idref="fl-15"/>
      </object_component>
      <object_component id="oc-210">
         <name>.debug_info</name>
         <load_address>0xba3d</load_address>
         <run_address>0xba3d</run_address>
         <size>0xe7f</size>
         <input_file_ref idref="fl-15"/>
      </object_component>
      <object_component id="oc-3fb">
         <name>.debug_info</name>
         <load_address>0xc8bc</load_address>
         <run_address>0xc8bc</run_address>
         <size>0x395</size>
         <input_file_ref idref="fl-d0"/>
      </object_component>
      <object_component id="oc-3f8">
         <name>.debug_info</name>
         <load_address>0xcc51</load_address>
         <run_address>0xcc51</run_address>
         <size>0x112</size>
         <input_file_ref idref="fl-d0"/>
      </object_component>
      <object_component id="oc-301">
         <name>.debug_info</name>
         <load_address>0xcd63</load_address>
         <run_address>0xcd63</run_address>
         <size>0x1d0</size>
         <input_file_ref idref="fl-d0"/>
      </object_component>
      <object_component id="oc-3ec">
         <name>.debug_info</name>
         <load_address>0xcf33</load_address>
         <run_address>0xcf33</run_address>
         <size>0x208</size>
         <input_file_ref idref="fl-d0"/>
      </object_component>
      <object_component id="oc-2fb">
         <name>.debug_info</name>
         <load_address>0xd13b</load_address>
         <run_address>0xd13b</run_address>
         <size>0x2ef</size>
         <input_file_ref idref="fl-d0"/>
      </object_component>
      <object_component id="oc-4a8">
         <name>.debug_info</name>
         <load_address>0xd42a</load_address>
         <run_address>0xd42a</run_address>
         <size>0x2c</size>
         <input_file_ref idref="fl-d0"/>
      </object_component>
      <object_component id="oc-3fc">
         <name>.debug_info</name>
         <load_address>0xd456</load_address>
         <run_address>0xd456</run_address>
         <size>0x2c</size>
         <input_file_ref idref="fl-d0"/>
      </object_component>
      <object_component id="oc-49e">
         <name>.debug_info</name>
         <load_address>0xd482</load_address>
         <run_address>0xd482</run_address>
         <size>0x2c</size>
         <input_file_ref idref="fl-d0"/>
      </object_component>
      <object_component id="oc-401">
         <name>.debug_info</name>
         <load_address>0xd4ae</load_address>
         <run_address>0xd4ae</run_address>
         <size>0x16d</size>
         <input_file_ref idref="fl-d0"/>
      </object_component>
      <object_component id="oc-4a3">
         <name>.debug_info</name>
         <load_address>0xd61b</load_address>
         <run_address>0xd61b</run_address>
         <size>0xca</size>
         <input_file_ref idref="fl-d0"/>
      </object_component>
      <object_component id="oc-2aa">
         <name>.debug_info</name>
         <load_address>0xd6e5</load_address>
         <run_address>0xd6e5</run_address>
         <size>0x35e</size>
         <input_file_ref idref="fl-d1"/>
      </object_component>
      <object_component id="oc-292">
         <name>.debug_info</name>
         <load_address>0xda43</load_address>
         <run_address>0xda43</run_address>
         <size>0x128</size>
         <input_file_ref idref="fl-d1"/>
      </object_component>
      <object_component id="oc-19e">
         <name>.debug_info</name>
         <load_address>0xdb6b</load_address>
         <run_address>0xdb6b</run_address>
         <size>0xbf2</size>
         <input_file_ref idref="fl-d1"/>
      </object_component>
      <object_component id="oc-39b">
         <name>.debug_info</name>
         <load_address>0xe75d</load_address>
         <run_address>0xe75d</run_address>
         <size>0x46</size>
         <input_file_ref idref="fl-d1"/>
      </object_component>
      <object_component id="oc-2a5">
         <name>.debug_info</name>
         <load_address>0xe7a3</load_address>
         <run_address>0xe7a3</run_address>
         <size>0x39</size>
         <input_file_ref idref="fl-d1"/>
      </object_component>
      <object_component id="oc-384">
         <name>.debug_info</name>
         <load_address>0xe7dc</load_address>
         <run_address>0xe7dc</run_address>
         <size>0x2c5</size>
         <input_file_ref idref="fl-d2"/>
      </object_component>
      <object_component id="oc-287">
         <name>.debug_info</name>
         <load_address>0xeaa1</load_address>
         <run_address>0xeaa1</run_address>
         <size>0x24e</size>
         <input_file_ref idref="fl-d2"/>
      </object_component>
      <object_component id="oc-395">
         <name>.debug_info</name>
         <load_address>0xecef</load_address>
         <run_address>0xecef</run_address>
         <size>0x2f8</size>
         <input_file_ref idref="fl-d4"/>
      </object_component>
      <object_component id="oc-29f">
         <name>.debug_info</name>
         <load_address>0xefe7</load_address>
         <run_address>0xefe7</run_address>
         <size>0x225</size>
         <input_file_ref idref="fl-d4"/>
      </object_component>
      <object_component id="oc-471">
         <name>.debug_info</name>
         <load_address>0xf20c</load_address>
         <run_address>0xf20c</run_address>
         <size>0x39</size>
         <input_file_ref idref="fl-d4"/>
      </object_component>
      <object_component id="oc-396">
         <name>.debug_info</name>
         <load_address>0xf245</load_address>
         <run_address>0xf245</run_address>
         <size>0x2c</size>
         <input_file_ref idref="fl-d4"/>
      </object_component>
      <object_component id="oc-3d6">
         <name>.debug_info</name>
         <load_address>0xf271</load_address>
         <run_address>0xf271</run_address>
         <size>0x361</size>
         <input_file_ref idref="fl-d5"/>
      </object_component>
      <object_component id="oc-2ec">
         <name>.debug_info</name>
         <load_address>0xf5d2</load_address>
         <run_address>0xf5d2</run_address>
         <size>0x7ae</size>
         <input_file_ref idref="fl-d5"/>
      </object_component>
      <object_component id="oc-3e4">
         <name>.debug_info</name>
         <load_address>0xfd80</load_address>
         <run_address>0xfd80</run_address>
         <size>0x333</size>
         <input_file_ref idref="fl-d6"/>
      </object_component>
      <object_component id="oc-2f4">
         <name>.debug_info</name>
         <load_address>0x100b3</load_address>
         <run_address>0x100b3</run_address>
         <size>0x1d1</size>
         <input_file_ref idref="fl-d6"/>
      </object_component>
      <object_component id="oc-3d8">
         <name>.debug_info</name>
         <load_address>0x10284</load_address>
         <run_address>0x10284</run_address>
         <size>0x18d</size>
         <input_file_ref idref="fl-d6"/>
      </object_component>
      <object_component id="oc-3df">
         <name>.debug_info</name>
         <load_address>0x10411</load_address>
         <run_address>0x10411</run_address>
         <size>0x16d</size>
         <input_file_ref idref="fl-d6"/>
      </object_component>
      <object_component id="oc-26e">
         <name>.debug_info</name>
         <load_address>0x1057e</load_address>
         <run_address>0x1057e</run_address>
         <size>0x2c</size>
         <input_file_ref idref="fl-d6"/>
      </object_component>
      <object_component id="oc-26d">
         <name>.debug_info</name>
         <load_address>0x105aa</load_address>
         <run_address>0x105aa</run_address>
         <size>0x340</size>
         <input_file_ref idref="fl-d7"/>
      </object_component>
      <object_component id="oc-176">
         <name>.debug_info</name>
         <load_address>0x108ea</load_address>
         <run_address>0x108ea</run_address>
         <size>0x208</size>
         <input_file_ref idref="fl-d7"/>
      </object_component>
      <object_component id="oc-261">
         <name>.debug_info</name>
         <load_address>0x10af2</load_address>
         <run_address>0x10af2</run_address>
         <size>0x1c6</size>
         <input_file_ref idref="fl-d7"/>
      </object_component>
      <object_component id="oc-267">
         <name>.debug_info</name>
         <load_address>0x10cb8</load_address>
         <run_address>0x10cb8</run_address>
         <size>0x179</size>
         <input_file_ref idref="fl-d7"/>
      </object_component>
      <object_component id="oc-273">
         <name>.debug_info</name>
         <load_address>0x10e31</load_address>
         <run_address>0x10e31</run_address>
         <size>0x69</size>
         <input_file_ref idref="fl-d7"/>
      </object_component>
      <object_component id="oc-1af">
         <name>.debug_info</name>
         <load_address>0x10e9a</load_address>
         <run_address>0x10e9a</run_address>
         <size>0x14c</size>
         <input_file_ref idref="fl-d8"/>
      </object_component>
      <object_component id="oc-296">
         <name>.debug_info</name>
         <load_address>0x10fe6</load_address>
         <run_address>0x10fe6</run_address>
         <size>0x128</size>
         <input_file_ref idref="fl-d9"/>
      </object_component>
      <object_component id="oc-29b">
         <name>.debug_info</name>
         <load_address>0x1110e</load_address>
         <run_address>0x1110e</run_address>
         <size>0x12a</size>
         <input_file_ref idref="fl-d9"/>
      </object_component>
      <object_component id="oc-1c6">
         <name>.debug_info</name>
         <load_address>0x11238</load_address>
         <run_address>0x11238</run_address>
         <size>0x13a</size>
         <input_file_ref idref="fl-da"/>
      </object_component>
      <object_component id="oc-1b4">
         <name>.debug_info</name>
         <load_address>0x11372</load_address>
         <run_address>0x11372</run_address>
         <size>0x13a</size>
         <input_file_ref idref="fl-db"/>
      </object_component>
      <object_component id="oc-1ba">
         <name>.debug_info</name>
         <load_address>0x114ac</load_address>
         <run_address>0x114ac</run_address>
         <size>0x12e</size>
         <input_file_ref idref="fl-dc"/>
      </object_component>
      <object_component id="oc-1a6">
         <name>.debug_info</name>
         <load_address>0x115da</load_address>
         <run_address>0x115da</run_address>
         <size>0x13e</size>
         <input_file_ref idref="fl-dd"/>
      </object_component>
      <object_component id="oc-19a">
         <name>.debug_info</name>
         <load_address>0x11718</load_address>
         <run_address>0x11718</run_address>
         <size>0x12c</size>
         <input_file_ref idref="fl-de"/>
      </object_component>
      <object_component id="oc-1d0">
         <name>.debug_info</name>
         <load_address>0x11844</load_address>
         <run_address>0x11844</run_address>
         <size>0x12c</size>
         <input_file_ref idref="fl-df"/>
      </object_component>
      <object_component id="oc-3f">
         <name>.debug_info</name>
         <load_address>0x11970</load_address>
         <run_address>0x11970</run_address>
         <size>0x119</size>
         <input_file_ref idref="fl-e0"/>
      </object_component>
      <object_component id="oc-1ac">
         <name>.debug_info</name>
         <load_address>0x11a89</load_address>
         <run_address>0x11a89</run_address>
         <size>0x12e</size>
         <input_file_ref idref="fl-e1"/>
      </object_component>
      <object_component id="oc-95">
         <name>.debug_info</name>
         <load_address>0x11bb7</load_address>
         <run_address>0x11bb7</run_address>
         <size>0x2d4</size>
         <input_file_ref idref="fl-e2"/>
      </object_component>
      <object_component id="oc-52">
         <name>.debug_info</name>
         <load_address>0x11e8b</load_address>
         <run_address>0x11e8b</run_address>
         <size>0x1b5</size>
         <input_file_ref idref="fl-e2"/>
      </object_component>
      <object_component id="oc-90">
         <name>.debug_info</name>
         <load_address>0x12040</load_address>
         <run_address>0x12040</run_address>
         <size>0x46</size>
         <input_file_ref idref="fl-e2"/>
      </object_component>
      <object_component id="oc-49">
         <name>.debug_info</name>
         <load_address>0x12086</load_address>
         <run_address>0x12086</run_address>
         <size>0x2a8</size>
         <input_file_ref idref="fl-e3"/>
      </object_component>
      <object_component id="oc-1c">
         <name>.debug_info</name>
         <load_address>0x1232e</load_address>
         <run_address>0x1232e</run_address>
         <size>0x1ea</size>
         <input_file_ref idref="fl-e3"/>
      </object_component>
      <object_component id="oc-44">
         <name>.debug_info</name>
         <load_address>0x12518</load_address>
         <run_address>0x12518</run_address>
         <size>0x46</size>
         <input_file_ref idref="fl-e3"/>
      </object_component>
      <object_component id="oc-88">
         <name>.debug_info</name>
         <load_address>0x1255e</load_address>
         <run_address>0x1255e</run_address>
         <size>0x2c</size>
         <input_file_ref idref="fl-e3"/>
      </object_component>
      <object_component id="oc-86">
         <name>.debug_info</name>
         <load_address>0x1258a</load_address>
         <run_address>0x1258a</run_address>
         <size>0x29e</size>
         <input_file_ref idref="fl-e4"/>
      </object_component>
      <object_component id="oc-19">
         <name>.debug_info</name>
         <load_address>0x12828</load_address>
         <run_address>0x12828</run_address>
         <size>0x250</size>
         <input_file_ref idref="fl-e4"/>
      </object_component>
      <object_component id="oc-34">
         <name>.debug_info</name>
         <load_address>0x12a78</load_address>
         <run_address>0x12a78</run_address>
         <size>0x60</size>
         <input_file_ref idref="fl-e4"/>
      </object_component>
      <object_component id="oc-c7">
         <name>.debug_info</name>
         <load_address>0x12ad8</load_address>
         <run_address>0x12ad8</run_address>
         <size>0x46</size>
         <input_file_ref idref="fl-e4"/>
      </object_component>
      <object_component id="oc-81">
         <name>.debug_info</name>
         <load_address>0x12b1e</load_address>
         <run_address>0x12b1e</run_address>
         <size>0x39</size>
         <input_file_ref idref="fl-e4"/>
      </object_component>
      <object_component id="oc-70">
         <name>.debug_info</name>
         <load_address>0x12b57</load_address>
         <run_address>0x12b57</run_address>
         <size>0x3b2</size>
         <input_file_ref idref="fl-e5"/>
      </object_component>
      <object_component id="oc-25">
         <name>.debug_info</name>
         <load_address>0x12f09</load_address>
         <run_address>0x12f09</run_address>
         <size>0x10c</size>
         <input_file_ref idref="fl-e5"/>
      </object_component>
      <object_component id="oc-3b4">
         <name>.debug_info</name>
         <load_address>0x13015</load_address>
         <run_address>0x13015</run_address>
         <size>0x13f</size>
         <input_file_ref idref="fl-e5"/>
      </object_component>
      <object_component id="oc-2c5">
         <name>.debug_info</name>
         <load_address>0x13154</load_address>
         <run_address>0x13154</run_address>
         <size>0x168</size>
         <input_file_ref idref="fl-e5"/>
      </object_component>
      <object_component id="oc-2cd">
         <name>.debug_info</name>
         <load_address>0x132bc</load_address>
         <run_address>0x132bc</run_address>
         <size>0x18e</size>
         <input_file_ref idref="fl-e5"/>
      </object_component>
      <object_component id="oc-2d3">
         <name>.debug_info</name>
         <load_address>0x1344a</load_address>
         <run_address>0x1344a</run_address>
         <size>0x19f</size>
         <input_file_ref idref="fl-e5"/>
      </object_component>
      <object_component id="oc-1ef">
         <name>.debug_info</name>
         <load_address>0x135e9</load_address>
         <run_address>0x135e9</run_address>
         <size>0x203</size>
         <input_file_ref idref="fl-e5"/>
      </object_component>
      <object_component id="oc-47a">
         <name>.debug_info</name>
[...]
         <object_component_ref idref="oc-107"/>
      </symbol>
      <symbol id="sm-372">
         <name>oi_setLeds</name>
         <value>0x84b</value>
         <object_component_ref idref="oc-107"/>
      </symbol>
      <symbol id="sm-373">
         <name>oi_init</name>
         <value>0x2b1</value>
         <object_component_ref idref="oc-107"/>
      </symbol>
      <symbol id="sm-374">
         <name>oi_update</name>
         <value>0x2d9</value>
         <object_component_ref idref="oc-107"/>
      </symbol>
      <symbol id="sm-375">
         <name>oi_uartInit</name>
         <value>0x98d</value>
         <object_component_ref idref="oc-107"/>
      </symbol>
      <symbol id="sm-3b8">
         <name>timer_val_start</name>
         <value>0x20002a08</value>
         <object_component_ref idref="oc-1ca"/>
      </symbol>
      <symbol id="sm-3b9">
         <name>overflows</name>
         <value>0x20002a14</value>
         <object_component_ref idref="oc-1ca"/>
      </symbol>
      <symbol id="sm-3ba">
         <name>timer_state</name>
         <value>0x20002a10</value>
         <object_component_ref idref="oc-1ca"/>
      </symbol>
      <symbol id="sm-3bb">
         <name>TIMER3B_Handler</name>
         <value>0x4f41</value>
         <object_component_ref idref="oc-f5"/>
      </symbol>
      <symbol id="sm-3bc">
         <name>get_cycles</name>
         <value>0x4f79</value>
         <object_component_ref idref="oc-f5"/>
      </symbol>
      <symbol id="sm-3bd">
         <name>ping_init</name>
         <value>0x4df1</value>
         <object_component_ref idref="oc-f5"/>
      </symbol>
      <symbol id="sm-3be">
         <name>timer_val_end</name>
         <value>0x20002a0c</value>
         <object_component_ref idref="oc-1ca"/>
      </symbol>
      <symbol id="sm-3bf">
         <name>ping_getDistance</name>
         <value>0x4fb7</value>
         <object_component_ref idref="oc-f5"/>
      </symbol>
      <symbol id="sm-3c0">
         <name>ping_trigger</name>
         <value>0x4ebb</value>
         <object_component_ref idref="oc-f5"/>
      </symbol>
      <symbol id="sm-3f9">
         <name>servo_move</name>
         <value>0x44d3</value>
         <object_component_ref idref="oc-fb"/>
      </symbol>
      <symbol id="sm-3fa">
         <name>servo_init</name>
         <value>0x4459</value>
         <object_component_ref idref="oc-fb"/>
      </symbol>
      <symbol id="sm-3fb">
         <name>PingScan</name>
         <value>0x47a5</value>
         <object_component_ref idref="oc-fb"/>
      </symbol>
      <symbol id="sm-3fc">
         <name>IRScan</name>
         <value>0x4749</value>
         <object_component_ref idref="oc-fb"/>
      </symbol>
      <symbol id="sm-3fd">
         <name>servo_calibrate</name>
         <value>0x4559</value>
         <object_component_ref idref="oc-fb"/>
      </symbol>
      <symbol id="sm-424">
         <name>load_song_to_bot</name>
         <value>0x6d91</value>
         <object_component_ref idref="oc-114"/>
      </symbol>
      <symbol id="sm-425">
         <name>play_song</name>
         <value>0x6e19</value>
         <object_component_ref idref="oc-114"/>
      </symbol>
      <symbol id="sm-426">
         <name>load_songs</name>
         <value>0x6de7</value>
         <object_component_ref idref="oc-114"/>
      </symbol>
      <symbol id="sm-442">
         <name>ResetISR</name>
         <value>0x7aa5</value>
         <object_component_ref idref="oc-2a"/>
      </symbol>
      <symbol id="sm-443">
         <name>g_pfnVectors</name>
         <value>0x0</value>
         <object_component_ref idref="oc-12"/>
      </symbol>
      <symbol id="sm-47e">
         <name>UART1_Handler</name>
         <value>0x568d</value>
         <object_component_ref idref="oc-ef"/>
      </symbol>
      <symbol id="sm-47f">
         <name>command_byte</name>
         <value>0x20002a28</value>
         <object_component_ref idref="oc-120"/>
      </symbol>
      <symbol id="sm-480">
         <name>uart_sendChar</name>
         <value>0x5623</value>
         <object_component_ref idref="oc-ef"/>
      </symbol>
      <symbol id="sm-481">
         <name>uart_interrupt_init</name>
         <value>0x553d</value>
         <object_component_ref idref="oc-ef"/>
      </symbol>
      <symbol id="sm-482">
         <name>command_flag</name>
         <value>0x20002a2c</value>
         <object_component_ref idref="oc-120"/>
      </symbol>
      <symbol id="sm-483">
         <name>uart_receive</name>
         <value>0x563f</value>
         <object_component_ref idref="oc-ef"/>
      </symbol>
      <symbol id="sm-484">
         <name>uart_sendStr</name>
         <value>0x5665</value>
         <object_component_ref idref="oc-ef"/>
      </symbol>
      <symbol id="sm-4da">
         <name>scanPointArray</name>
         <value>0x20002270</value>
      </symbol>
      <symbol id="sm-4db">
         <name>objectArray</name>
         <value>0x200026a8</value>
      </symbol>
      <symbol id="sm-4dc">
         <name>suck</name>
         <value>0x2ab1</value>
         <object_component_ref idref="oc-20f"/>
      </symbol>
      <symbol id="sm-4dd">
         <name>clean_data</name>
         <value>0x2565</value>
         <object_component_ref idref="oc-20f"/>
      </symbol>
      <symbol id="sm-4de">
         <name>logScan</name>
         <value>0x22ad</value>
         <object_component_ref idref="oc-20f"/>
      </symbol>
      <symbol id="sm-4df">
         <name>printObjects</name>
         <value>0x2489</value>
         <object_component_ref idref="oc-20f"/>
      </symbol>
      <symbol id="sm-4e0">
         <name>initalizeObject</name>
         <value>0x230b</value>
         <object_component_ref idref="oc-20f"/>
      </symbol>
      <symbol id="sm-4e1">
         <name>edge_detection</name>
         <value>0x270b</value>
         <object_component_ref idref="oc-20f"/>
      </symbol>
      <symbol id="sm-4e2">
         <name>print_obstacles</name>
         <value>0x29b1</value>
         <object_component_ref idref="oc-20f"/>
      </symbol>
      <symbol id="sm-4e3">
         <name>find_smallest_object</name>
         <value>0x2865</value>
         <object_component_ref idref="oc-20f"/>
      </symbol>
      <symbol id="sm-4e4">
         <name>objectDetermination</name>
         <value>0x237d</value>
         <object_component_ref idref="oc-20f"/>
      </symbol>
      <symbol id="sm-547">
         <name>__vla_dealloc</name>
         <value>0x7271</value>
         <object_component_ref idref="oc-2fe"/>
      </symbol>
      <symbol id="sm-548">
         <name>__vla_alloc</name>
         <value>0x622d</value>
         <object_component_ref idref="oc-2f8"/>
      </symbol>
      <symbol id="sm-5de">
         <name>pow</name>
         <value>0x18dd</value>
         <object_component_ref idref="oc-19d"/>
      </symbol>
      <symbol id="sm-5df">
         <name>powl</name>
         <value>0x18dd</value>
         <object_component_ref idref="oc-19d"/>
      </symbol>
      <symbol id="sm-601">
         <name>sqrtl</name>
         <value>0x60d5</value>
         <object_component_ref idref="oc-285"/>
      </symbol>
      <symbol id="sm-602">
         <name>sqrt</name>
         <value>0x60d5</value>
         <object_component_ref idref="oc-285"/>
      </symbol>
      <symbol id="sm-62a">
         <name>scalbn</name>
         <value>0x6711</value>
         <object_component_ref idref="oc-29e"/>
      </symbol>
      <symbol id="sm-62b">
         <name>scalbnl</name>
         <value>0x6711</value>
         <object_component_ref idref="oc-29e"/>
      </symbol>
      <symbol id="sm-62c">
         <name>ldexpl</name>
         <value>0x6711</value>
         <object_component_ref idref="oc-29e"/>
      </symbol>
      <symbol id="sm-62d">
         <name>ldexp</name>
         <value>0x6711</value>
         <object_component_ref idref="oc-29e"/>
      </symbol>
      <symbol id="sm-67d">
         <name>sin</name>
         <value>0x3259</value>
         <object_component_ref idref="oc-2eb"/>
      </symbol>
      <symbol id="sm-67e">
         <name>sinl</name>
         <value>0x3259</value>
         <object_component_ref idref="oc-2eb"/>
      </symbol>
      <symbol id="sm-6a5">
         <name>sprintf</name>
         <value>0x771d</value>
         <object_component_ref idref="oc-2f1"/>
      </symbol>
      <symbol id="sm-6cf">
         <name>vsnprintf</name>
         <value>0x775d</value>
         <object_component_ref idref="oc-175"/>
      </symbol>
      <symbol id="sm-6e6">
         <name>__aeabi_dsub</name>
         <value>0x5915</value>
         <object_component_ref idref="oc-1ae"/>
      </symbol>
      <symbol id="sm-6e7">
         <name>__aeabi_dadd</name>
         <value>0x591f</value>
         <object_component_ref idref="oc-1ae"/>
      </symbol>
      <symbol id="sm-709">
         <name>__aeabi_cdcmpeq</name>
         <value>0x6ff1</value>
         <object_component_ref idref="oc-294"/>
      </symbol>
      <symbol id="sm-70a">
         <name>__aeabi_cdcmple</name>
         <value>0x6ff1</value>
         <object_component_ref idref="oc-294"/>
      </symbol>
      <symbol id="sm-70b">
         <name>__aeabi_cdrcmple</name>
         <value>0x7077</value>
         <object_component_ref idref="oc-299"/>
      </symbol>
      <symbol id="sm-71f">
         <name>__aeabi_ddiv</name>
         <value>0x64b5</value>
         <object_component_ref idref="oc-1c5"/>
      </symbol>
      <symbol id="sm-72a">
         <name>__aeabi_dmul</name>
         <value>0x6921</value>
         <object_component_ref idref="oc-1b3"/>
      </symbol>
      <symbol id="sm-734">
         <name>__aeabi_d2iz</name>
         <value>0x7691</value>
         <object_component_ref idref="oc-1b8"/>
      </symbol>
      <symbol id="sm-740">
         <name>__aeabi_d2f</name>
         <value>0x73bf</value>
         <object_component_ref idref="oc-1a3"/>
      </symbol>
      <symbol id="sm-74b">
         <name>__aeabi_f2d</name>
         <value>0x7815</value>
         <object_component_ref idref="oc-198"/>
      </symbol>
      <symbol id="sm-755">
         <name>__aeabi_i2d</name>
         <value>0x78e5</value>
         <object_component_ref idref="oc-1ce"/>
      </symbol>
      <symbol id="sm-770">
         <name>memcpy</name>
         <value>0x6e35</value>
         <object_component_ref idref="oc-3e"/>
      </symbol>
      <symbol id="sm-771">
         <name>__aeabi_memcpy</name>
         <value>0x6e35</value>
         <object_component_ref idref="oc-3e"/>
      </symbol>
      <symbol id="sm-772">
         <name>__aeabi_memcpy8</name>
         <value>0x6e35</value>
         <object_component_ref idref="oc-3e"/>
      </symbol>
      <symbol id="sm-773">
         <name>__aeabi_memcpy4</name>
         <value>0x6e35</value>
         <object_component_ref idref="oc-3e"/>
      </symbol>
      <symbol id="sm-77d">
         <name>__aeabi_ui2d</name>
         <value>0x793d</value>
         <object_component_ref idref="oc-1a9"/>
      </symbol>
      <symbol id="sm-78f">
         <name>__TI_zero_init</name>
         <value>0x7a99</value>
         <object_component_ref idref="oc-50"/>
      </symbol>
      <symbol id="sm-7a6">
         <name>__TI_decompress_none</name>
         <value>0x7a7f</value>
         <object_component_ref idref="oc-1b"/>
      </symbol>
      <symbol id="sm-7c9">
         <name>__TI_decompress_lzss</name>
         <value>0x742d</value>
         <object_component_ref idref="oc-15"/>
      </symbol>
      <symbol id="sm-873">
         <name>_sys_memory</name>
         <value>0x20001270</value>
         <object_component_ref idref="oc-24"/>
      </symbol>
      <symbol id="sm-874">
         <name>free</name>
         <value>0x6b15</value>
         <object_component_ref idref="oc-1eb"/>
      </symbol>
      <symbol id="sm-875">
         <name>realloc</name>
         <value>0x6bf9</value>
         <object_component_ref idref="oc-3f1"/>
      </symbol>
      <symbol id="sm-876">
         <name>memalign</name>
         <value>0x6821</value>
         <object_component_ref idref="oc-3ac"/>
      </symbol>
      <symbol id="sm-877">
         <name>calloc</name>
         <value>0x77dd</value>
         <object_component_ref idref="oc-1e5"/>
      </symbol>
      <symbol id="sm-878">
         <name>malloc</name>
         <value>0x7ac5</value>
         <object_component_ref idref="oc-2c2"/>
      </symbol>
      <symbol id="sm-879">
         <name>aligned_alloc</name>
         <value>0x6821</value>
         <object_component_ref idref="oc-3ac"/>
      </symbol>
      <symbol id="sm-888">
         <name>strcmp</name>
         <value>0x79f7</value>
         <object_component_ref idref="oc-17b"/>
      </symbol>
      <symbol id="sm-896">
         <name>strcpy</name>
         <value>0x7a25</value>
         <object_component_ref idref="oc-181"/>
      </symbol>
      <symbol id="sm-8a4">
         <name>strlen</name>
         <value>0x7a39</value>
         <object_component_ref idref="oc-1bd"/>
      </symbol>
      <symbol id="sm-90a">
         <name>__kernel_rem_pio2</name>
         <value>0x2b21</value>
         <object_component_ref idref="oc-3c9"/>
      </symbol>
      <symbol id="sm-91d">
         <name>__stack</name>
         <value>0x20000270</value>
         <object_component_ref idref="oc-27"/>
      </symbol>
      <symbol id="sm-91e">
         <name>_c_int00_noargs</name>
         <value>0x7881</value>
         <object_component_ref idref="oc-5c"/>
      </symbol>
      <symbol id="sm-934">
         <name>__aeabi_errno_addr</name>
         <value>0x7abd</value>
         <object_component_ref idref="oc-28b"/>
      </symbol>
      <symbol id="sm-935">
         <name>errno</name>
         <value>0x20002a30</value>
         <object_component_ref idref="oc-385"/>
      </symbol>
      <symbol id="sm-93f">
         <name>__abort_execution</name>
         <value>0x7acd</value>
         <object_component_ref idref="oc-3e5"/>
      </symbol>
      <symbol id="sm-949">
         <name>copysign</name>
         <value>0x7995</value>
         <object_component_ref idref="oc-38e"/>
      </symbol>
      <symbol id="sm-94a">
         <name>copysignl</name>
         <value>0x7995</value>
         <object_component_ref idref="oc-38e"/>
      </symbol>
      <symbol id="sm-960">
         <name>__kernel_cos</name>
         <value>0x5f65</value>
         <object_component_ref idref="oc-3cf"/>
      </symbol>
      <symbol id="sm-977">
         <name>__kernel_sin</name>
         <value>0x5df1</value>
         <object_component_ref idref="oc-3c3"/>
      </symbol>
      <symbol id="sm-994">
         <name>floorl</name>
         <value>0x6a1d</value>
         <object_component_ref idref="oc-483"/>
      </symbol>
      <symbol id="sm-995">
         <name>floor</name>
         <value>0x6a1d</value>
         <object_component_ref idref="oc-483"/>
      </symbol>
      <symbol id="sm-afa">
         <name>__TI_printfi</name>
         <value>0xe8d</value>
         <object_component_ref idref="oc-25a"/>
      </symbol>
      <symbol id="sm-b09">
         <name>__aeabi_memset</name>
         <value>0x717f</value>
         <object_component_ref idref="oc-96"/>
      </symbol>
      <symbol id="sm-b0a">
         <name>memset</name>
         <value>0x7185</value>
         <object_component_ref idref="oc-96"/>
      </symbol>
      <symbol id="sm-b0b">
         <name>__aeabi_memset8</name>
         <value>0x717f</value>
         <object_component_ref idref="oc-96"/>
      </symbol>
      <symbol id="sm-b0c">
         <name>__aeabi_memset4</name>
         <value>0x717f</value>
         <object_component_ref idref="oc-96"/>
      </symbol>
      <symbol id="sm-b0d">
         <name>__aeabi_memclr8</name>
         <value>0x717d</value>
         <object_component_ref idref="oc-96"/>
      </symbol>
      <symbol id="sm-b0e">
         <name>__aeabi_memclr4</name>
         <value>0x717d</value>
         <object_component_ref idref="oc-96"/>
      </symbol>
      <symbol id="sm-b0f">
         <name>__aeabi_memclr</name>
         <value>0x717d</value>
         <object_component_ref idref="oc-96"/>
      </symbol>
      <symbol id="sm-b1c">
         <name>__aeabi_uldivmod</name>
         <value>0x6ed1</value>
         <object_component_ref idref="oc-41f"/>
      </symbol>
      <symbol id="sm-b44">
         <name>__TI_auto_init_nobinit_nopinit</name>
         <value>0x76d9</value>
         <object_component_ref idref="oc-136"/>
      </symbol>
      <symbol id="sm-b4e">
         <name>_system_pre_init</name>
         <value>0x7ad1</value>
         <object_component_ref idref="oc-9c"/>
      </symbol>
      <symbol id="sm-b5a">
         <name>C$$EXIT</name>
         <value>0x7ad5</value>
         <object_component_ref idref="oc-12a"/>
      </symbol>
      <symbol id="sm-b5b">
         <name>abort</name>
         <value>0x7ad5</value>
         <object_component_ref idref="oc-12a"/>
      </symbol>
      <symbol id="sm-b70">
         <name>_nop</name>
         <value>0x18db</value>
         <object_component_ref idref="oc-312"/>
      </symbol>
      <symbol id="sm-b71">
         <name>_lock</name>
         <value>0x20002a18</value>
         <object_component_ref idref="oc-232"/>
      </symbol>
      <symbol id="sm-b72">
         <name>_unlock</name>
         <value>0x20002a1c</value>
         <object_component_ref idref="oc-232"/>
      </symbol>
      <symbol id="sm-b81">
         <name>__TI_ltoa</name>
         <value>0x754f</value>
         <object_component_ref idref="oc-425"/>
      </symbol>
      <symbol id="sm-b98">
         <name>atoi</name>
         <value>0x7645</value>
         <object_component_ref idref="oc-33f"/>
      </symbol>
      <symbol id="sm-ba3">
         <name>_ctypes_</name>
         <value>0x7c30</value>
         <object_component_ref idref="oc-41a"/>
      </symbol>
      <symbol id="sm-bb3">
         <name>memccpy</name>
         <value>0x7979</value>
         <object_component_ref idref="oc-363"/>
      </symbol>
      <symbol id="sm-bc3">
         <name>strchr</name>
         <value>0x7a0f</value>
         <object_component_ref idref="oc-44c"/>
      </symbol>
      <symbol id="sm-bdc">
         <name>wcslen</name>
         <value>0x7a4d</value>
         <object_component_ref idref="oc-369"/>
      </symbol>
      <symbol id="sm-bf2">
         <name>frexpl</name>
         <value>0x7495</value>
         <object_component_ref idref="oc-446"/>
      </symbol>
      <symbol id="sm-bf3">
         <name>frexp</name>
         <value>0x7495</value>
         <object_component_ref idref="oc-446"/>
      </symbol>
      <symbol id="sm-bfd">
         <name>__aeabi_idiv0</name>
         <value>0x4813</value>
         <object_component_ref idref="oc-4b2"/>
      </symbol>
      <symbol id="sm-bfe">
         <name>__aeabi_ldiv0</name>
         <value>0x4813</value>
         <object_component_ref idref="oc-4b2"/>
      </symbol>
      <symbol id="sm-c2d">
         <name>IntRegister</name>
         <value>0x784d</value>
         <object_component_ref idref="oc-16a"/>
      </symbol>
      <symbol id="sm-c2e">
         <name>g_pfnRAMVectors</name>
         <value>0x20000000</value>
         <object_component_ref idref="oc-24e"/>
      </symbol>
      <symbol id="sm-c2f">
         <name>IntMasterEnable</name>
         <value>0x7a5f</value>
         <object_component_ref idref="oc-e3"/>
      </symbol>
      <symbol id="sm-c39">
         <name>CPUcpsie</name>
         <value>0x7a8d</value>
         <object_component_ref idref="oc-191"/>
      </symbol>
      <symbol id="sm-c3a">
         <name>__TI_static_base__</name>
         <value>0x0</value>
      </symbol>
      <symbol id="sm-c3d">
         <name>__mpu_init</name>
         <value>0x0</value>
      </symbol>
      <symbol id="sm-c3e">
         <name>_system_post_cinit</name>
         <value>0x0</value>
      </symbol>
   </symbol_table>
   <title>Link successful</title>
</link_info>
