******************************************************************************
                  TI ARM Linker PC v20.2.7                     
******************************************************************************
>> Linked Mon May  4 22:11:54 2026

OUTPUT FILE NAME:   <Lab11.out>
ENTRY POINT SYMBOL: "_c_int00_noargs"  address: 00006f55


MEMORY CONFIGURATION

         name            origin    length      used     unused   attr    fill
----------------------  --------  ---------  --------  --------  ----  --------
  FLASH                 00000000   00040000  000074b7  00038b49  R  X
  SRAM                  20000000   00008000  00002a37  000055c9  RW X


SEGMENT ALLOCATION MAP

run origin  load origin   length   init length attrs members
----------  ----------- ---------- ----------- ----- -------
00000000    00000000    000074c0   000074c0    r-x
  00000000    00000000    0000026c   0000026c    r-- .intvecs
  0000026c    0000026c    00006f40   00006f40    r-x .text
  000071b0    000071b0    000002b3   000002b3    r-- .const
  00007468    00007468    00000058   00000058    r-- .cinit
20000000    20000000    00002a3b   00000000    rw-
  20000000    20000000    0000026c   00000000    rw- .vtable
  20000270    20000270    00001000   00000000    rw- .stack
  20001270    20001270    00001000   00000000    rw- .sysmem
  20002270    20002270    00000778   00000000    rw- .bss
  200029e8    200029e8    00000053   00000000    rw- .data


SECTION ALLOCATION MAP

 output                                  attributes/
section   page    origin      length       input sections
--------  ----  ----------  ----------   ----------------
.intvecs   0    00000000    0000026c     
                  00000000    0000026c     tm4c1231h6pm_startup_ccs.obj (.intvecs)

.text      0    0000026c    00006f40     
                  0000026c    00000c20     open_interface.obj (.text)
                  00000e8c    00000a4e     rtsv7M4_T_le_v4SPD16_eabi.lib : _printfi.c.obj (.text:__TI_printfi)
                  000018da    00000002                                   : _lock.c.obj (.text:_nop)
                  000018dc    000009d0                                   : e_pow.c.obj (.text:pow)
                  000022ac    00000840     utility.obj (.text)
                  00002aec    00000738     rtsv7M4_T_le_v4SPD16_eabi.lib : k_rem_pio2.c.obj (.text:__kernel_rem_pio2)
                  00003224    000005e0                                   : s_sin.c.obj (.text:sin)
                  00003804    00000470     movement.obj (.text)
                  00003c74    000003ba     servo.obj (.text)
                  0000402e    00000002     rtsv7M4_T_le_v4SPD16_eabi.lib : div0.asm.obj (.text)
                  00004030    00000328     lcd.obj (.text)
                  00004358    00000294     ping.obj (.text)
                  000045ec    00000270     rtsv7M4_T_le_v4SPD16_eabi.lib : _printfi.c.obj (.text:_pconv_a)
                  0000485c    00000248     Timer.obj (.text)
                  00004aa4    00000208     uart-interrupt.obj (.text)
                  00004cac    000001e8     manual.obj (.text)
                  00004e94    000001d0     rtsv7M4_T_le_v4SPD16_eabi.lib : _printfi.c.obj (.text:_pconv_g)
                  00005064    000001b6                                   : fd_add_t2.asm.obj (.text)
                  0000521a    00000002     --HOLE-- [fill = 0]
                  0000521c    000001a0     boundary.obj (.text)
                  000053bc    00000184     adc.obj (.text)
                  00005540    00000174     rtsv7M4_T_le_v4SPD16_eabi.lib : k_sin.c.obj (.text:__kernel_sin)
                  000056b4    00000170                                   : k_cos.c.obj (.text:__kernel_cos)
                  00005824    00000158                                   : e_sqrt.c.obj (.text:sqrt)
                  0000597c    0000014c                                   : vla_alloc.c.obj (.text:__vla_alloc)
                  00005ac8    0000013c                                   : _printfi.c.obj (.text:_pconv_e)
                  00005c04    00000136                                   : fd_div_t2.asm.obj (.text)
                  00005d3a    00000002     --HOLE-- [fill = 0]
                  00005d3c    00000124                                   : _printfi.c.obj (.text:fcvt)
                  00005e60    00000110                                   : s_scalbn.c.obj (.text:scalbn)
                  00005f70    00000100                                   : memory.c.obj (.text:aligned_alloc)
                  00006070    000000fc                                   : fd_mul_t2.asm.obj (.text)
                  0000616c    000000f8                                   : s_floor.c.obj (.text:floor)
                  00006264    000000e4                                   : memory.c.obj (.text:free)
                  00006348    000000e4                                   : memory.c.obj (.text:realloc)
                  0000642c    000000b1                                   : _printfi.c.obj (.text:_ltostr)
                  000064dd    00000003     --HOLE-- [fill = 0]
                  000064e0    000000a8     main.obj (.text)
                  00006588    0000009c     rtsv7M4_T_le_v4SPD16_eabi.lib : memcpy_t2.asm.obj (.text)
                  00006624    00000096                                   : ull_div_t2.asm.obj (.text)
                  000066ba    00000002     --HOLE-- [fill = 0]
                  000066bc    00000088     button.obj (.text)
                  00006744    00000086     rtsv7M4_T_le_v4SPD16_eabi.lib : fd_cmp_t2.asm.obj (.text:__aeabi_cdcmple)
                  000067ca    00000086                                   : fd_cmp_t2.asm.obj (.text:__aeabi_cdrcmple)
                  00006850    0000007a                                   : memset_t2.asm.obj (.text)
                  000068ca    00000002     --HOLE-- [fill = 0]
                  000068cc    00000078                                   : vla_alloc.c.obj (.text:_ZN33_INTERNAL_11_vla_alloc_c_be8bd49b21free_dead_allocationsEPv)
                  00006944    00000070                                   : vla_alloc.c.obj (.text:__vla_dealloc)
                  000069b4    00000070                                   : memory.c.obj (.text:split)
                  00006a24    0000006e                                   : _printfi.c.obj (.text:_mcpy)
                  00006a92    0000006e                                   : fd_tos_t2.asm.obj (.text)
                  00006b00    00000068                                   : copy_decompress_lzss.c.obj (.text:decompress:lzss:__TI_decompress_lzss)
                  00006b68    00000064                                   : s_frexp.c.obj (.text:frexp)
                  00006bcc    00000056                                   : _printfi.c.obj (.text:_pconv_f)
                  00006c22    00000054                                   : _ltoa.c.obj (.text:__TI_ltoa)
                  00006c76    00000052                                   : _printfi.c.obj (.text:_ecpy)
                  00006cc8    00000050     logMessage.obj (.text)
                  00006d18    0000004c     rtsv7M4_T_le_v4SPD16_eabi.lib : atoi.c.obj (.text:atoi)
                  00006d64    00000048                                   : fd_toi_t2.asm.obj (.text)
                  00006dac    00000044                                   : autoinit.c.obj (.text:__TI_auto_init_nobinit_nopinit:__TI_auto_init_nobinit_nopinit)
                  00006df0    00000040                                   : sprintf.c.obj (.text:sprintf)
                  00006e30    00000040                                   : vsnprintf.c.obj (.text:vsnprintf)
                  00006e70    0000003e                                   : _printfi.c.obj (.text:_fcpy)
                  00006eae    00000002     --HOLE-- [fill = 0]
                  00006eb0    00000038                                   : memory.c.obj (.text:calloc)
                  00006ee8    00000038                                   : fs_tod_t2.asm.obj (.text)
                  00006f20    00000034     driverlib.lib : interrupt.obj (.text:IntRegister)
                  00006f54    00000034     rtsv7M4_T_le_v4SPD16_eabi.lib : boot_cortex_m.c.obj (.text:_c_int00_noargs:_c_int00_noargs)
                  00006f88    00000030                                   : vsnprintf.c.obj (.text:_outs)
                  00006fb8    0000002e                                   : i_tofd_t2.asm.obj (.text)
                  00006fe6    00000002     --HOLE-- [fill = 0]
                  00006fe8    00000028                                   : memory.c.obj (.text:free_list_insert)
                  00007010    00000020                                   : u_tofd_t2.asm.obj (.text)
                  00007030    0000001c                                   : memory.c.obj (.text:free_list_remove)
                  0000704c    0000001c                                   : memccpy.c.obj (.text:memccpy)
                  00007068    0000001a                                   : s_copysign.c.obj (.text:copysign)
                  00007082    00000018                                   : vsnprintf.c.obj (.text:_outc)
                  0000709a    00000018                                   : sprintf.c.obj (.text:_outs)
                  000070b2    00000018     open_interface.obj (.text:oi_parseInt)
                  000070ca    00000018     rtsv7M4_T_le_v4SPD16_eabi.lib : strcmp.c.obj (.text:strcmp)
                  000070e2    00000016                                   : strchr.c.obj (.text:strchr)
                  000070f8    00000014                                   : strcpy.c.obj (.text:strcpy)
                  0000710c    00000014                                   : strlen.c.obj (.text:strlen)
                  00007120    00000012                                   : wcslen.c.obj (.text:wcslen)
                  00007132    00000010     driverlib.lib : interrupt.obj (.text:IntMasterEnable)
                  00007142    00000010     lcd.obj (.text:lcd_clear)
                  00007152    0000000e     rtsv7M4_T_le_v4SPD16_eabi.lib : copy_decompress_none.c.obj (.text:decompress:none:__TI_decompress_none)
                  00007160    0000000c     driverlib.lib : cpu.obj (.text:CPUcpsie)
                  0000716c    0000000c     rtsv7M4_T_le_v4SPD16_eabi.lib : copy_zero_init.c.obj (.text:decompress:ZI:__TI_zero_init)
                  00007178    0000000c     tm4c1231h6pm_startup_ccs.obj (.text)
                  00007184    0000000a     rtsv7M4_T_le_v4SPD16_eabi.lib : sprintf.c.obj (.text:_outc)
                  0000718e    00000002     --HOLE-- [fill = 0]
                  00007190    00000008                                   : errno.c.obj (.text:__aeabi_errno_addr)
                  00007198    00000008                                   : memory.c.obj (.text:malloc)
                  000071a0    00000004                                   : error.c.obj (.text:__abort_execution)
                  000071a4    00000004                                   : pre_init.c.obj (.text:_system_pre_init)
                  000071a8    00000004                                   : exit.c.obj (.text:abort:abort)

.const     0    000071b0    000002b3     
                  000071b0    00000158     rtsv7M4_T_le_v4SPD16_eabi.lib : k_rem_pio2.c.obj (.const:$O1$$)
                  00007308    00000101                                   : ctype.c.obj (.const:.string:_ctypes_)
                  00007409    00000004     lcd.obj (.const:.string:lineAddress$1)
                  0000740d    00000003     --HOLE-- [fill = 0]
                  00007410    00000030     rtsv7M4_T_le_v4SPD16_eabi.lib : e_pow.c.obj (.const:$O1$$)
                  00007440    00000010     boundary.obj (.const:$P$T0$1)
                  00007450    0000000f     open_interface.obj (.const:.string:$P$T0$3)
                  0000745f    00000004     lcd.obj (.const:.string:lineAddresses$2)

.cinit     0    00007468    00000058     
                  00007468    00000024     (.cinit..data.load) [load image, compression = lzss]
                  0000748c    0000000c     (__TI_handler_table)
                  00007498    00000008     (.cinit..bss.load) [load image, compression = zero_init]
                  000074a0    00000008     (.cinit..vtable.load) [load image, compression = zero_init]
                  000074a8    00000018     (__TI_cinit_table)

.init_array 
*          0    00000000    00000000     UNINITIALIZED

.vtable    0    20000000    0000026c     UNINITIALIZED
                  20000000    0000026c     driverlib.lib : interrupt.obj (.vtable)

.stack     0    20000270    00001000     UNINITIALIZED
                  20000270    00000004     rtsv7M4_T_le_v4SPD16_eabi.lib : boot_cortex_m.c.obj (.stack)
                  20000274    00000ffc     --HOLE--

.sysmem    0    20001270    00001000     UNINITIALIZED
                  20001270    00000010     rtsv7M4_T_le_v4SPD16_eabi.lib : memory.c.obj (.sysmem)
                  20001280    00000ff0     --HOLE--

.bss       0    20002270    00000778     UNINITIALIZED
                  20002270    00000438     (.common:scanPointArray)
                  200026a8    000002d0     (.common:objectArray)
                  20002978    00000054     lcd.obj (.bss:lastbuffer$3)
                  200029cc    00000018     open_interface.obj (.bss:firmware$2)
                  200029e4    00000004     (.common:_timeout_ticks)

.data      0    200029e8    00000053     UNINITIALIZED
                  200029e8    00000020     open_interface.obj (.data)
                  20002a08    00000010     ping.obj (.data)
                  20002a18    00000008     rtsv7M4_T_le_v4SPD16_eabi.lib : _lock.c.obj (.data:$O1$$)
                  20002a20    00000008                                   : memory.c.obj (.data:$O1$$)
                  20002a28    00000008     uart-interrupt.obj (.data)
                  20002a30    00000004     rtsv7M4_T_le_v4SPD16_eabi.lib : errno.c.obj (.data)
                  20002a34    00000004                                   : vla_alloc.c.obj (.data)
                  20002a38    00000001     Timer.obj (.data)
                  20002a39    00000001     button.obj (.data)
                  20002a3a    00000001     utility.obj (.data)

__llvm_prf_cnts 
*          0    20000000    00000000     UNINITIALIZED

MODULE SUMMARY

       Module                         code    ro data   rw data
       ------                         ----    -------   -------
    .\
       utility.obj                    2112    0         1801   
       open_interface.obj             3128    15        56     
       movement.obj                   1136    0         0      
       servo.obj                      954     0         0      
       lcd.obj                        824     8         84     
       ping.obj                       660     0         16     
       tm4c1231h6pm_startup_ccs.obj   12      620       0      
       Timer.obj                      584     0         5      
       uart-interrupt.obj             520     0         8      
       manual.obj                     488     0         0      
       boundary.obj                   416     16        0      
       adc.obj                        388     0         0      
       main.obj                       168     0         0      
       button.obj                     136     0         1      
       logMessage.obj                 80      0         0      
    +--+------------------------------+-------+---------+---------+
       Total:                         11606   659       1971   
                                                               
    C:/ti/TivaWare_C_Series-2.2.0.295/driverlib/ccs/Debug/driverlib.lib
       interrupt.obj                  68      0         620    
       cpu.obj                        12      0         0      
    +--+------------------------------+-------+---------+---------+
       Total:                         80      0         620    
                                                               
    C:\ti\ccs1271\ccs\tools\compiler\ti-cgt-arm_20.2.7.LTS\lib\rtsv7M4_T_le_v4SPD16_eabi.lib
       _printfi.c.obj                 4851    0         0      
       e_pow.c.obj                    2512    48        0      
       k_rem_pio2.c.obj               1848    344       0      
       s_sin.c.obj                    1504    0         0      
       memory.c.obj                   956     0         8      
       vla_alloc.c.obj                564     0         4      
       fd_add_t2.asm.obj              438     0         0      
       k_sin.c.obj                    372     0         0      
       k_cos.c.obj                    368     0         0      
       e_sqrt.c.obj                   344     0         0      
       fd_div_t2.asm.obj              310     0         0      
       s_scalbn.c.obj                 272     0         0      
       fd_cmp_t2.asm.obj              268     0         0      
       ctype.c.obj                    0       257       0      
       fd_mul_t2.asm.obj              252     0         0      
       s_floor.c.obj                  248     0         0      
       memcpy_t2.asm.obj              156     0         0      
       ull_div_t2.asm.obj             150     0         0      
       vsnprintf.c.obj                136     0         0      
       memset_t2.asm.obj              122     0         0      
       fd_tos_t2.asm.obj              110     0         0      
       copy_decompress_lzss.c.obj     104     0         0      
       s_frexp.c.obj                  100     0         0      
       sprintf.c.obj                  98      0         0      
       _ltoa.c.obj                    84      0         0      
       atoi.c.obj                     76      0         0      
       fd_toi_t2.asm.obj              72      0         0      
       autoinit.c.obj                 68      0         0      
       fs_tod_t2.asm.obj              56      0         0      
       boot_cortex_m.c.obj            52      0         0      
       i_tofd_t2.asm.obj              46      0         0      
       u_tofd_t2.asm.obj              32      0         0      
       memccpy.c.obj                  28      0         0      
       s_copysign.c.obj               26      0         0      
       strcmp.c.obj                   24      0         0      
       strchr.c.obj                   22      0         0      
       strcpy.c.obj                   20      0         0      
       strlen.c.obj                   20      0         0      
       wcslen.c.obj                   18      0         0      
       copy_decompress_none.c.obj     14      0         0      
       copy_zero_init.c.obj           12      0         0      
       errno.c.obj                    8       0         4      
       _lock.c.obj                    2       0         8      
       error.c.obj                    4       0         0      
       exit.c.obj                     4       0         0      
       pre_init.c.obj                 4       0         0      
       div0.asm.obj                   2       0         0      
    +--+------------------------------+-------+---------+---------+
       Total:                         16777   649       24     
                                                               
       Heap:                          0       0         4096   
       Stack:                         0       0         4096   
       Linker Generated:              0       88        0      
    +--+------------------------------+-------+---------+---------+
       Grand Total:                   28463   1396      10807  


LINKER GENERATED COPY TABLES

__TI_cinit_table @ 000074a8 records: 3, size/record: 8, table size: 24
	.data: load addr=00007468, load size=00000024 bytes, run addr=200029e8, run size=00000053 bytes, compression=lzss
	.bss: load addr=00007498, load size=00000008 bytes, run addr=20002270, run size=00000778 bytes, compression=zero_init
	.vtable: load addr=000074a0, load size=00000008 bytes, run addr=20000000, run size=0000026c bytes, compression=zero_init


LINKER GENERATED HANDLER TABLE

__TI_handler_table @ 0000748c records: 3, size/record: 4, table size: 12
	index: 0, handler: __TI_zero_init
	index: 1, handler: __TI_decompress_lzss
	index: 2, handler: __TI_decompress_none


GLOBAL SYMBOLS: SORTED ALPHABETICALLY BY Name 

address   name                          
-------   ----                          
000071a9  C$$EXIT                       
00007161  CPUcpsie                      
00000bc3  GPIOF_Handler                 
00003f65  IRScan                        
00007133  IntMasterEnable               
00006f21  IntRegister                   
00003fc1  PingScan                      
00007179  ResetISR                      
20002a3a  STOP_BYTE                     
000044a9  TIMER3B_Handler               
00004bf5  UART1_Handler                 
20001270  __STACK_END                   
00001000  __STACK_SIZE                  
20000470  __STACK_TOP                   
00001000  __SYSMEM_SIZE                 
000074a8  __TI_CINIT_Base               
000074c0  __TI_CINIT_Limit              
0000748c  __TI_Handler_Table_Base       
00007498  __TI_Handler_Table_Limit      
00006dad  __TI_auto_init_nobinit_nopinit
00006b01  __TI_decompress_lzss          
00007153  __TI_decompress_none          
00006c23  __TI_ltoa                     
ffffffff  __TI_pprof_out_hndl           
00000e8d  __TI_printfi                  
ffffffff  __TI_prof_data_size           
ffffffff  __TI_prof_data_start          
00000000  __TI_static_base__            
0000716d  __TI_zero_init                
000071a1  __abort_execution             
00006745  __aeabi_cdcmpeq               
00006745  __aeabi_cdcmple               
000067cb  __aeabi_cdrcmple              
00006a93  __aeabi_d2f                   
00006d65  __aeabi_d2iz                  
0000506f  __aeabi_dadd                  
00005c05  __aeabi_ddiv                  
00006071  __aeabi_dmul                  
00005065  __aeabi_dsub                  
00007191  __aeabi_errno_addr            
00006ee9  __aeabi_f2d                   
00006fb9  __aeabi_i2d                   
0000402f  __aeabi_idiv0                 
0000402f  __aeabi_ldiv0                 
00006851  __aeabi_memclr                
00006851  __aeabi_memclr4               
00006851  __aeabi_memclr8               
00006589  __aeabi_memcpy                
00006589  __aeabi_memcpy4               
00006589  __aeabi_memcpy8               
00006853  __aeabi_memset                
00006853  __aeabi_memset4               
00006853  __aeabi_memset8               
00007011  __aeabi_ui2d                  
00006625  __aeabi_uldivmod              
ffffffff  __binit__                     
ffffffff  __c_args__                    
000056b5  __kernel_cos                  
00002aed  __kernel_rem_pio2             
00005541  __kernel_sin                  
UNDEFED   __mpu_init                    
20000270  __stack                       
20000000  __start___llvm_prf_cnts       
20000000  __stop___llvm_prf_cnts        
0000597d  __vla_alloc                   
00006945  __vla_dealloc                 
00006f55  _c_int00_noargs               
00007308  _ctypes_                      
20002a18  _lock                         
000018db  _nop                          
20002a38  _running                      
20001270  _sys_memory                   
UNDEFED   _system_post_cinit            
000071a5  _system_pre_init              
200029e4  _timeout_ticks                
20002a1c  _unlock                       
000071a9  abort                         
000053bd  adc_init                      
00005457  adc_read                      
00005f71  aligned_alloc                 
00006d19  atoi                          
ffffffff  binit                         
00003ac5  bumpLeft                      
00003b19  bumpRight                     
000066f1  button_getButton              
000066bd  button_init                   
00003bf5  calibrateMovement             
00006eb1  calloc                        
0000529b  checkBoundary                 
00002555  clean_data                    
20002a28  command_byte                  
20002a2c  command_flag                  
00007069  copysign                      
00007069  copysignl                     
000026fb  edge_detection                
20002a30  errno                         
00002855  find_smallest_object          
0000616d  floor                         
0000616d  floorl                        
00006265  free                          
00006b69  frexp                         
00006b69  frexpl                        
20000000  g_pfnRAMVectors               
00000000  g_pfnVectors                  
0000521d  getFrontLeftCliffSensor       
00005239  getFrontRightCliffSensor      
0000522b  getLeftCliffSensor            
00005247  getRightCliffSensor           
000044e1  get_cycles                    
00005483  get_distance                  
0000097f  go_charge                     
000022ff  initalizeObject               
00007143  lcd_clear                     
00004205  lcd_gotoLine                  
0000406d  lcd_init                      
0000426b  lcd_printf                    
0000412d  lcd_putc                      
00004165  lcd_puts                      
00004031  lcd_reverseNibble             
00004183  lcd_sendCommand               
000041c1  lcd_sendNibble                
0000422d  lcd_setCursorPos              
00005e61  ldexp                         
00005e61  ldexpl                        
00006cc9  logMessage                    
00006d0d  logMessage_init               
000022ad  logScan                       
000064e1  main                          
00007199  malloc                        
00004cad  man_drive                     
00005f71  memalign                      
0000704d  memccpy                       
00006589  memcpy                        
00006859  memset                        
200029e8  motor_cal_factor_L            
200029ec  motor_cal_factor_R            
00003943  move_backward                 
00003805  move_forward                  
200026a8  objectArray                   
00002371  objectDetermination           
0000026d  oi_alloc                      
00000aa9  oi_checkFirmware              
000002c7  oi_close                      
00000279  oi_free                       
00000ded  oi_getMotorCalibrationLeft    
00000e01  oi_getMotorCalibrationRight   
000002b1  oi_init                       
00000289  oi_init_noupdate              
00000915  oi_loadSong                   
000070b3  oi_parseInt                   
0000032b  oi_parsePacket                
0000096b  oi_play_song                  
0000084b  oi_setLeds                    
00000db1  oi_setMotorCalibration        
0000088f  oi_setWheels                  
00000b51  oi_shutoff_init               
0000098d  oi_uartInit                   
00000a31  oi_uartReceive                
00000a77  oi_uartSendBuff               
00000a15  oi_uartSendChar               
00000a59  oi_uartSendStr                
000002d9  oi_update                     
00003b89  oops                          
20002a14  overflows                     
0000451f  ping_getDistance              
00004359  ping_init                     
00004423  ping_trigger                  
000018dd  pow                           
000018dd  powl                          
0000247d  printObjects                  
00005255  printValues                   
000029a1  print_obstacles               
00006349  realloc                       
00005e61  scalbn                        
00005e61  scalbnl                       
20002270  scanPointArray                
00003d75  servo_calibrate               
00003c75  servo_init                    
00003cef  servo_move                    
00003225  sin                           
00003225  sinl                          
00006df1  sprintf                       
00005825  sqrt                          
00005825  sqrtl                         
000070e3  strchr                        
000070cb  strcmp                        
000070f9  strcpy                        
0000710d  strlen                        
0000497b  timer_getMicros               
00004923  timer_getMillis               
0000485d  timer_init                    
000048ff  timer_pause                   
00004911  timer_resume                  
20002a10  timer_state                   
000048d5  timer_stop                    
20002a0c  timer_val_end                 
20002a08  timer_val_start               
000049d5  timer_waitMicros              
00004a07  timer_waitMillis              
00003a45  turn_left                     
000039c9  turn_right                    
00004aa5  uart_interrupt_init           
00004ba7  uart_receive                  
00004b8b  uart_sendChar                 
00004bcd  uart_sendStr                  
00006e31  vsnprintf                     
00007121  wcslen                        


GLOBAL SYMBOLS: SORTED BY Symbol Address 

address   name                          
-------   ----                          
00000000  __TI_static_base__            
00000000  g_pfnVectors                  
0000026d  oi_alloc                      
00000279  oi_free                       
00000289  oi_init_noupdate              
000002b1  oi_init                       
000002c7  oi_close                      
000002d9  oi_update                     
0000032b  oi_parsePacket                
0000084b  oi_setLeds                    
0000088f  oi_setWheels                  
00000915  oi_loadSong                   
0000096b  oi_play_song                  
0000097f  go_charge                     
0000098d  oi_uartInit                   
00000a15  oi_uartSendChar               
00000a31  oi_uartReceive                
00000a59  oi_uartSendStr                
00000a77  oi_uartSendBuff               
00000aa9  oi_checkFirmware              
00000b51  oi_shutoff_init               
00000bc3  GPIOF_Handler                 
00000db1  oi_setMotorCalibration        
00000ded  oi_getMotorCalibrationLeft    
00000e01  oi_getMotorCalibrationRight   
00000e8d  __TI_printfi                  
00001000  __STACK_SIZE                  
00001000  __SYSMEM_SIZE                 
000018db  _nop                          
000018dd  pow                           
000018dd  powl                          
000022ad  logScan                       
000022ff  initalizeObject               
00002371  objectDetermination           
0000247d  printObjects                  
00002555  clean_data                    
000026fb  edge_detection                
00002855  find_smallest_object          
000029a1  print_obstacles               
00002aed  __kernel_rem_pio2             
00003225  sin                           
00003225  sinl                          
00003805  move_forward                  
00003943  move_backward                 
000039c9  turn_right                    
00003a45  turn_left                     
00003ac5  bumpLeft                      
00003b19  bumpRight                     
00003b89  oops                          
00003bf5  calibrateMovement             
00003c75  servo_init                    
00003cef  servo_move                    
00003d75  servo_calibrate               
00003f65  IRScan                        
00003fc1  PingScan                      
0000402f  __aeabi_idiv0                 
0000402f  __aeabi_ldiv0                 
00004031  lcd_reverseNibble             
0000406d  lcd_init                      
0000412d  lcd_putc                      
00004165  lcd_puts                      
00004183  lcd_sendCommand               
000041c1  lcd_sendNibble                
00004205  lcd_gotoLine                  
0000422d  lcd_setCursorPos              
0000426b  lcd_printf                    
00004359  ping_init                     
00004423  ping_trigger                  
000044a9  TIMER3B_Handler               
000044e1  get_cycles                    
0000451f  ping_getDistance              
0000485d  timer_init                    
000048d5  timer_stop                    
000048ff  timer_pause                   
00004911  timer_resume                  
00004923  timer_getMillis               
0000497b  timer_getMicros               
000049d5  timer_waitMicros              
00004a07  timer_waitMillis              
00004aa5  uart_interrupt_init           
00004b8b  uart_sendChar                 
00004ba7  uart_receive                  
00004bcd  uart_sendStr                  
00004bf5  UART1_Handler                 
00004cad  man_drive                     
00005065  __aeabi_dsub                  
0000506f  __aeabi_dadd                  
0000521d  getFrontLeftCliffSensor       
0000522b  getLeftCliffSensor            
00005239  getFrontRightCliffSensor      
00005247  getRightCliffSensor           
00005255  printValues                   
0000529b  checkBoundary                 
000053bd  adc_init                      
00005457  adc_read                      
00005483  get_distance                  
00005541  __kernel_sin                  
000056b5  __kernel_cos                  
00005825  sqrt                          
00005825  sqrtl                         
0000597d  __vla_alloc                   
00005c05  __aeabi_ddiv                  
00005e61  ldexp                         
00005e61  ldexpl                        
00005e61  scalbn                        
00005e61  scalbnl                       
00005f71  aligned_alloc                 
00005f71  memalign                      
00006071  __aeabi_dmul                  
0000616d  floor                         
0000616d  floorl                        
00006265  free                          
00006349  realloc                       
000064e1  main                          
00006589  __aeabi_memcpy                
00006589  __aeabi_memcpy4               
00006589  __aeabi_memcpy8               
00006589  memcpy                        
00006625  __aeabi_uldivmod              
000066bd  button_init                   
000066f1  button_getButton              
00006745  __aeabi_cdcmpeq               
00006745  __aeabi_cdcmple               
000067cb  __aeabi_cdrcmple              
00006851  __aeabi_memclr                
00006851  __aeabi_memclr4               
00006851  __aeabi_memclr8               
00006853  __aeabi_memset                
00006853  __aeabi_memset4               
00006853  __aeabi_memset8               
00006859  memset                        
00006945  __vla_dealloc                 
00006a93  __aeabi_d2f                   
00006b01  __TI_decompress_lzss          
00006b69  frexp                         
00006b69  frexpl                        
00006c23  __TI_ltoa                     
00006cc9  logMessage                    
00006d0d  logMessage_init               
00006d19  atoi                          
00006d65  __aeabi_d2iz                  
00006dad  __TI_auto_init_nobinit_nopinit
00006df1  sprintf                       
00006e31  vsnprintf                     
00006eb1  calloc                        
00006ee9  __aeabi_f2d                   
00006f21  IntRegister                   
00006f55  _c_int00_noargs               
00006fb9  __aeabi_i2d                   
00007011  __aeabi_ui2d                  
0000704d  memccpy                       
00007069  copysign                      
00007069  copysignl                     
000070b3  oi_parseInt                   
000070cb  strcmp                        
000070e3  strchr                        
000070f9  strcpy                        
0000710d  strlen                        
00007121  wcslen                        
00007133  IntMasterEnable               
00007143  lcd_clear                     
00007153  __TI_decompress_none          
00007161  CPUcpsie                      
0000716d  __TI_zero_init                
00007179  ResetISR                      
00007191  __aeabi_errno_addr            
00007199  malloc                        
000071a1  __abort_execution             
000071a5  _system_pre_init              
000071a9  C$$EXIT                       
000071a9  abort                         
00007308  _ctypes_                      
0000748c  __TI_Handler_Table_Base       
00007498  __TI_Handler_Table_Limit      
000074a8  __TI_CINIT_Base               
000074c0  __TI_CINIT_Limit              
20000000  __start___llvm_prf_cnts       
20000000  __stop___llvm_prf_cnts        
20000000  g_pfnRAMVectors               
20000270  __stack                       
20000470  __STACK_TOP                   
20001270  __STACK_END                   
20001270  _sys_memory                   
20002270  scanPointArray                
200026a8  objectArray                   
200029e4  _timeout_ticks                
200029e8  motor_cal_factor_L            
200029ec  motor_cal_factor_R            
20002a08  timer_val_start               
20002a0c  timer_val_end                 
20002a10  timer_state                   
20002a14  overflows                     
20002a18  _lock                         
20002a1c  _unlock                       
20002a28  command_byte                  
20002a2c  command_flag                  
20002a30  errno                         
20002a38  _running                      
20002a3a  STOP_BYTE                     
ffffffff  __TI_pprof_out_hndl           
ffffffff  __TI_prof_data_size           
ffffffff  __TI_prof_data_start          
ffffffff  __binit__                     
ffffffff  __c_args__                    
ffffffff  binit                         
UNDEFED   __mpu_init                    
UNDEFED   _system_post_cinit            

[207 symbols]
