<?xml version="1.0" encoding="ISO-8859-1" ?>
<link_info>
   <banner>TI ARM Linker PC v20.2.7.LTS</banner>
   <copyright>Copyright (c) 1996-2018 Texas Instruments Incorporated</copyright>
   <link_time>0x69faea06</link_time>
   <link_errors>0x0</link_errors>
   <output_file>Lab11.out</output_file>
   <entry_point>
      <name>_c_int00_noargs</name>
      <address>0x78c9</address>
   </entry_point>
   <input_file_list>
      <input_file id="fl-2">
         <path>.\</path>
         <kind>object</kind>
         <file>Timer.obj</file>
         <name>Timer.obj</name>
      </input_file>
      <input_file id="fl-3">
         <path>.\</path>
         <kind>object</kind>
         <file>adc.obj</file>
         <name>adc.obj</name>
      </input_file>
      <input_file id="fl-4">
         <path>.\</path>
         <kind>object</kind>
         <file>boundary.obj</file>
         <name>boundary.obj</name>
      </input_file>
      <input_file id="fl-5">
         <path>.\</path>
         <kind>object</kind>
         <file>button.obj</file>
         <name>button.obj</name>
      </input_file>
      <input_file id="fl-6">
         <path>.\</path>
         <kind>object</kind>
         <file>i2c.obj</file>
         <name>i2c.obj</name>
      </input_file>
      <input_file id="fl-7">
         <path>.\</path>
         <kind>object</kind>
         <file>imu.obj</file>
         <name>imu.obj</name>
      </input_file>
      <input_file id="fl-8">
         <path>.\</path>
         <kind>object</kind>
         <file>lcd.obj</file>
         <name>lcd.obj</name>
      </input_file>
      <input_file id="fl-9">
         <path>.\</path>
         <kind>object</kind>
         <file>logMessage.obj</file>
         <name>logMessage.obj</name>
      </input_file>
      <input_file id="fl-a">
         <path>.\</path>
         <kind>object</kind>
         <file>main.obj</file>
         <name>main.obj</name>
      </input_file>
      <input_file id="fl-b">
         <path>.\</path>
         <kind>object</kind>
         <file>manual.obj</file>
         <name>manual.obj</name>
      </input_file>
      <input_file id="fl-c">
         <path>.\</path>
         <kind>object</kind>
         <file>map.obj</file>
         <name>map.obj</name>
      </input_file>
      <input_file id="fl-d">
         <path>.\</path>
         <kind>object</kind>
         <file>movement.obj</file>
         <name>movement.obj</name>
      </input_file>
      <input_file id="fl-e">
         <path>.\</path>
         <kind>object</kind>
         <file>open_interface.obj</file>
         <name>open_interface.obj</name>
      </input_file>
      <input_file id="fl-f">
         <path>.\</path>
         <kind>object</kind>
         <file>path.obj</file>
         <name>path.obj</name>
      </input_file>
      <input_file id="fl-10">
         <path>.\</path>
         <kind>object</kind>
         <file>ping.obj</file>
         <name>ping.obj</name>
      </input_file>
      <input_file id="fl-11">
         <path>.\</path>
         <kind>object</kind>
         <file>servo.obj</file>
         <name>servo.obj</name>
      </input_file>
      <input_file id="fl-12">
         <path>.\</path>
         <kind>object</kind>
         <file>song.obj</file>
         <name>song.obj</name>
      </input_file>
      <input_file id="fl-13">
         <path>.\</path>
         <kind>object</kind>
         <file>tm4c1231h6pm_startup_ccs.obj</file>
         <name>tm4c1231h6pm_startup_ccs.obj</name>
      </input_file>
      <input_file id="fl-14">
         <path>.\</path>
         <kind>object</kind>
         <file>uart-interrupt.obj</file>
         <name>uart-interrupt.obj</name>
      </input_file>
      <input_file id="fl-15">
         <path>.\</path>
         <kind>object</kind>
         <file>utility.obj</file>
         <name>utility.obj</name>
      </input_file>
      <input_file id="fl-1a">
         <kind>object</kind>
         <file>&lt;internal&gt;</file>
         <name>&lt;internal&gt;</name>
      </input_file>
      <input_file id="fl-d0">
         <path>C:\ti\ccs1271\ccs\tools\compiler\ti-cgt-arm_20.2.7.LTS\lib\</path>
         <kind>archive</kind>
         <file>rtsv7M4_T_le_v4SPD16_eabi.lib</file>
         <name>vla_alloc.c.obj</name>
      </input_file>
      <input_file id="fl-d1">
         <path>C:\ti\ccs1271\ccs\tools\compiler\ti-cgt-arm_20.2.7.LTS\lib\</path>
         <kind>archive</kind>
         <file>rtsv7M4_T_le_v4SPD16_eabi.lib</file>
         <name>e_pow.c.obj</name>
      </input_file>
      <input_file id="fl-d2">
         <path>C:\ti\ccs1271\ccs\tools\compiler\ti-cgt-arm_20.2.7.LTS\lib\</path>
         <kind>archive</kind>
         <file>rtsv7M4_T_le_v4SPD16_eabi.lib</file>
         <name>e_sqrt.c.obj</name>
      </input_file>
      <input_file id="fl-d3">
         <path>C:\ti\ccs1271\ccs\tools\compiler\ti-cgt-arm_20.2.7.LTS\lib\</path>
         <kind>archive</kind>
         <file>rtsv7M4_T_le_v4SPD16_eabi.lib</file>
         <name>s_cos.c.obj</name>
      </input_file>
      <input_file id="fl-d4">
         <path>C:\ti\ccs1271\ccs\tools\compiler\ti-cgt-arm_20.2.7.LTS\lib\</path>
         <kind>archive</kind>
         <file>rtsv7M4_T_le_v4SPD16_eabi.lib</file>
         <name>s_scalbn.c.obj</name>
      </input_file>
      <input_file id="fl-d5">
         <path>C:\ti\ccs1271\ccs\tools\compiler\ti-cgt-arm_20.2.7.LTS\lib\</path>
         <kind>archive</kind>
         <file>rtsv7M4_T_le_v4SPD16_eabi.lib</file>
         <name>s_sin.c.obj</name>
      </input_file>
      <input_file id="fl-d6">
         <path>C:\ti\ccs1271\ccs\tools\compiler\ti-cgt-arm_20.2.7.LTS\lib\</path>
         <kind>archive</kind>
         <file>rtsv7M4_T_le_v4SPD16_eabi.lib</file>
         <name>sprintf.c.obj</name>
      </input_file>
      <input_file id="fl-d7">
         <path>C:\ti\ccs1271\ccs\tools\compiler\ti-cgt-arm_20.2.7.LTS\lib\</path>
         <kind>archive</kind>
         <file>rtsv7M4_T_le_v4SPD16_eabi.lib</file>
         <name>vsnprintf.c.obj</name>
      </input_file>
      <input_file id="fl-d8">
         <path>C:\ti\ccs1271\ccs\tools\compiler\ti-cgt-arm_20.2.7.LTS\lib\</path>
         <kind>archive</kind>
         <file>rtsv7M4_T_le_v4SPD16_eabi.lib</file>
         <name>fd_add_t2.asm.obj</name>
      </input_file>
      <input_file id="fl-d9">
         <path>C:\ti\ccs1271\ccs\tools\compiler\ti-cgt-arm_20.2.7.LTS\lib\</path>
         <kind>archive</kind>
         <file>rtsv7M4_T_le_v4SPD16_eabi.lib</file>
         <name>fd_cmp_t2.asm.obj</name>
      </input_file>
      <input_file id="fl-da">
         <path>C:\ti\ccs1271\ccs\tools\compiler\ti-cgt-arm_20.2.7.LTS\lib\</path>
         <kind>archive</kind>
         <file>rtsv7M4_T_le_v4SPD16_eabi.lib</file>
         <name>fd_div_t2.asm.obj</name>
      </input_file>
      <input_file id="fl-db">
         <path>C:\ti\ccs1271\ccs\tools\compiler\ti-cgt-arm_20.2.7.LTS\lib\</path>
         <kind>archive</kind>
         <file>rtsv7M4_T_le_v4SPD16_eabi.lib</file>
         <name>fd_mul_t2.asm.obj</name>
      </input_file>
      <input_file id="fl-dc">
         <path>C:\ti\ccs1271\ccs\tools\compiler\ti-cgt-arm_20.2.7.LTS\lib\</path>
         <kind>archive</kind>
         <file>rtsv7M4_T_le_v4SPD16_eabi.lib</file>
         <name>fd_toi_t2.asm.obj</name>
      </input_file>
      <input_file id="fl-dd">
         <path>C:\ti\ccs1271\ccs\tools\compiler\ti-cgt-arm_20.2.7.LTS\lib\</path>
         <kind>archive</kind>
         <file>rtsv7M4_T_le_v4SPD16_eabi.lib</file>
         <name>fd_tos_t2.asm.obj</name>
      </input_file>
      <input_file id="fl-de">
         <path>C:\ti\ccs1271\ccs\tools\compiler\ti-cgt-arm_20.2.7.LTS\lib\</path>
         <kind>archive</kind>
         <file>rtsv7M4_T_le_v4SPD16_eabi.lib</file>
         <name>fs_tod_t2.asm.obj</name>
      </input_file>
      <input_file id="fl-df">
         <path>C:\ti\ccs1271\ccs\tools\compiler\ti-cgt-arm_20.2.7.LTS\lib\</path>
         <kind>archive</kind>
         <file>rtsv7M4_T_le_v4SPD16_eabi.lib</file>
         <name>i_tofd_t2.asm.obj</name>
      </input_file>
      <input_file id="fl-e0">
         <path>C:\ti\ccs1271\ccs\tools\compiler\ti-cgt-arm_20.2.7.LTS\lib\</path>
         <kind>archive</kind>
         <file>rtsv7M4_T_le_v4SPD16_eabi.lib</file>
         <name>memcpy_t2.asm.obj</name>
      </input_file>
      <input_file id="fl-e1">
         <path>C:\ti\ccs1271\ccs\tools\compiler\ti-cgt-arm_20.2.7.LTS\lib\</path>
         <kind>archive</kind>
         <file>rtsv7M4_T_le_v4SPD16_eabi.lib</file>
         <name>u_tofd_t2.asm.obj</name>
      </input_file>
      <input_file id="fl-e2">
         <path>C:\ti\ccs1271\ccs\tools\compiler\ti-cgt-arm_20.2.7.LTS\lib\</path>
         <kind>archive</kind>
         <file>rtsv7M4_T_le_v4SPD16_eabi.lib</file>
         <name>copy_zero_init.c.obj</name>
      </input_file>
      <input_file id="fl-e3">
         <path>C:\ti\ccs1271\ccs\tools\compiler\ti-cgt-arm_20.2.7.LTS\lib\</path>
         <kind>archive</kind>
         <file>rtsv7M4_T_le_v4SPD16_eabi.lib</file>
         <name>copy_decompress_none.c.obj</name>
      </input_file>
      <input_file id="fl-e4">
         <path>C:\ti\ccs1271\ccs\tools\compiler\ti-cgt-arm_20.2.7.LTS\lib\</path>
         <kind>archive</kind>
         <file>rtsv7M4_T_le_v4SPD16_eabi.lib</file>
         <name>copy_decompress_lzss.c.obj</name>
      </input_file>
      <input_file id="fl-e5">
         <path>C:\ti\ccs1271\ccs\tools\compiler\ti-cgt-arm_20.2.7.LTS\lib\</path>
         <kind>archive</kind>
         <file>rtsv7M4_T_le_v4SPD16_eabi.lib</file>
         <name>memory.c.obj</name>
      </input_file>
      <input_file id="fl-e6">
         <path>C:\ti\ccs1271\ccs\tools\compiler\ti-cgt-arm_20.2.7.LTS\lib\</path>
         <kind>archive</kind>
         <file>rtsv7M4_T_le_v4SPD16_eabi.lib</file>
         <name>strcmp.c.obj</name>
      </input_file>
      <input_file id="fl-e7">
         <path>C:\ti\ccs1271\ccs\tools\compiler\ti-cgt-arm_20.2.7.LTS\lib\</path>
         <kind>archive</kind>
         <file>rtsv7M4_T_le_v4SPD16_eabi.lib</file>
         <name>strcpy.c.obj</name>
      </input_file>
      <input_file id="fl-e8">
         <path>C:\ti\ccs1271\ccs\tools\compiler\ti-cgt-arm_20.2.7.LTS\lib\</path>
         <kind>archive</kind>
         <file>rtsv7M4_T_le_v4SPD16_eabi.lib</file>
         <name>strlen.c.obj</name>
      </input_file>
      <input_file id="fl-e9">
         <path>C:\ti\ccs1271\ccs\tools\compiler\ti-cgt-arm_20.2.7.LTS\lib\</path>
         <kind>archive</kind>
         <file>rtsv7M4_T_le_v4SPD16_eabi.lib</file>
         <name>k_rem_pio2.c.obj</name>
      </input_file>
      <input_file id="fl-ea">
         <path>C:\ti\ccs1271\ccs\tools\compiler\ti-cgt-arm_20.2.7.LTS\lib\</path>
         <kind>archive</kind>
         <file>rtsv7M4_T_le_v4SPD16_eabi.lib</file>
         <name>boot_cortex_m.c.obj</name>
      </input_file>
      <input_file id="fl-eb">
         <path>C:\ti\ccs1271\ccs\tools\compiler\ti-cgt-arm_20.2.7.LTS\lib\</path>
         <kind>archive</kind>
         <file>rtsv7M4_T_le_v4SPD16_eabi.lib</file>
         <name>errno.c.obj</name>
      </input_file>
      <input_file id="fl-ec">
         <path>C:\ti\ccs1271\ccs\tools\compiler\ti-cgt-arm_20.2.7.LTS\lib\</path>
         <kind>archive</kind>
         <file>rtsv7M4_T_le_v4SPD16_eabi.lib</file>
         <name>error.c.obj</name>
      </input_file>
      <input_file id="fl-ed">
         <path>C:\ti\ccs1271\ccs\tools\compiler\ti-cgt-arm_20.2.7.LTS\lib\</path>
         <kind>archive</kind>
         <file>rtsv7M4_T_le_v4SPD16_eabi.lib</file>
         <name>s_copysign.c.obj</name>
      </input_file>
      <input_file id="fl-ee">
         <path>C:\ti\ccs1271\ccs\tools\compiler\ti-cgt-arm_20.2.7.LTS\lib\</path>
         <kind>archive</kind>
         <file>rtsv7M4_T_le_v4SPD16_eabi.lib</file>
         <name>k_cos.c.obj</name>
      </input_file>
      <input_file id="fl-ef">
         <path>C:\ti\ccs1271\ccs\tools\compiler\ti-cgt-arm_20.2.7.LTS\lib\</path>
         <kind>archive</kind>
         <file>rtsv7M4_T_le_v4SPD16_eabi.lib</file>
         <name>k_sin.c.obj</name>
      </input_file>
      <input_file id="fl-f0">
         <path>C:\ti\ccs1271\ccs\tools\compiler\ti-cgt-arm_20.2.7.LTS\lib\</path>
         <kind>archive</kind>
         <file>rtsv7M4_T_le_v4SPD16_eabi.lib</file>
         <name>s_floor.c.obj</name>
      </input_file>
      <input_file id="fl-f1">
         <path>C:\ti\ccs1271\ccs\tools\compiler\ti-cgt-arm_20.2.7.LTS\lib\</path>
         <kind>archive</kind>
         <file>rtsv7M4_T_le_v4SPD16_eabi.lib</file>
         <name>_printfi.c.obj</name>
      </input_file>
      <input_file id="fl-f2">
         <path>C:\ti\ccs1271\ccs\tools\compiler\ti-cgt-arm_20.2.7.LTS\lib\</path>
         <kind>archive</kind>
         <file>rtsv7M4_T_le_v4SPD16_eabi.lib</file>
         <name>memset_t2.asm.obj</name>
      </input_file>
      <input_file id="fl-f3">
         <path>C:\ti\ccs1271\ccs\tools\compiler\ti-cgt-arm_20.2.7.LTS\lib\</path>
         <kind>archive</kind>
         <file>rtsv7M4_T_le_v4SPD16_eabi.lib</file>
         <name>ull_div_t2.asm.obj</name>
      </input_file>
      <input_file id="fl-f4">
         <path>C:\ti\ccs1271\ccs\tools\compiler\ti-cgt-arm_20.2.7.LTS\lib\</path>
         <kind>archive</kind>
         <file>rtsv7M4_T_le_v4SPD16_eabi.lib</file>
         <name>autoinit.c.obj</name>
      </input_file>
      <input_file id="fl-f5">
         <path>C:\ti\ccs1271\ccs\tools\compiler\ti-cgt-arm_20.2.7.LTS\lib\</path>
         <kind>archive</kind>
         <file>rtsv7M4_T_le_v4SPD16_eabi.lib</file>
         <name>pre_init.c.obj</name>
      </input_file>
      <input_file id="fl-f6">
         <path>C:\ti\ccs1271\ccs\tools\compiler\ti-cgt-arm_20.2.7.LTS\lib\</path>
         <kind>archive</kind>
         <file>rtsv7M4_T_le_v4SPD16_eabi.lib</file>
         <name>cpy_tbl.c.obj</name>
      </input_file>
      <input_file id="fl-f7">
         <path>C:\ti\ccs1271\ccs\tools\compiler\ti-cgt-arm_20.2.7.LTS\lib\</path>
         <kind>archive</kind>
         <file>rtsv7M4_T_le_v4SPD16_eabi.lib</file>
         <name>exit.c.obj</name>
      </input_file>
      <input_file id="fl-f8">
         <path>C:\ti\ccs1271\ccs\tools\compiler\ti-cgt-arm_20.2.7.LTS\lib\</path>
         <kind>archive</kind>
         <file>rtsv7M4_T_le_v4SPD16_eabi.lib</file>
         <name>_lock.c.obj</name>
      </input_file>
      <input_file id="fl-f9">
         <path>C:\ti\ccs1271\ccs\tools\compiler\ti-cgt-arm_20.2.7.LTS\lib\</path>
         <kind>archive</kind>
         <file>rtsv7M4_T_le_v4SPD16_eabi.lib</file>
         <name>_ltoa.c.obj</name>
      </input_file>
      <input_file id="fl-fa">
         <path>C:\ti\ccs1271\ccs\tools\compiler\ti-cgt-arm_20.2.7.LTS\lib\</path>
         <kind>archive</kind>
         <file>rtsv7M4_T_le_v4SPD16_eabi.lib</file>
         <name>args_main.c.obj</name>
      </input_file>
      <input_file id="fl-fb">
         <path>C:\ti\ccs1271\ccs\tools\compiler\ti-cgt-arm_20.2.7.LTS\lib\</path>
         <kind>archive</kind>
         <file>rtsv7M4_T_le_v4SPD16_eabi.lib</file>
         <name>atoi.c.obj</name>
      </input_file>
      <input_file id="fl-fc">
         <path>C:\ti\ccs1271\ccs\tools\compiler\ti-cgt-arm_20.2.7.LTS\lib\</path>
         <kind>archive</kind>
         <file>rtsv7M4_T_le_v4SPD16_eabi.lib</file>
         <name>ctype.c.obj</name>
      </input_file>
      <input_file id="fl-fd">
         <path>C:\ti\ccs1271\ccs\tools\compiler\ti-cgt-arm_20.2.7.LTS\lib\</path>
         <kind>archive</kind>
         <file>rtsv7M4_T_le_v4SPD16_eabi.lib</file>
         <name>memccpy.c.obj</name>
      </input_file>
      <input_file id="fl-fe">
         <path>C:\ti\ccs1271\ccs\tools\compiler\ti-cgt-arm_20.2.7.LTS\lib\</path>
         <kind>archive</kind>
         <file>rtsv7M4_T_le_v4SPD16_eabi.lib</file>
         <name>strchr.c.obj</name>
      </input_file>
      <input_file id="fl-ff">
         <path>C:\ti\ccs1271\ccs\tools\compiler\ti-cgt-arm_20.2.7.LTS\lib\</path>
         <kind>archive</kind>
         <file>rtsv7M4_T_le_v4SPD16_eabi.lib</file>
         <name>wcslen.c.obj</name>
      </input_file>
      <input_file id="fl-100">
         <path>C:\ti\ccs1271\ccs\tools\compiler\ti-cgt-arm_20.2.7.LTS\lib\</path>
         <kind>archive</kind>
         <file>rtsv7M4_T_le_v4SPD16_eabi.lib</file>
         <name>s_frexp.c.obj</name>
      </input_file>
      <input_file id="fl-101">
         <path>C:\ti\ccs1271\ccs\tools\compiler\ti-cgt-arm_20.2.7.LTS\lib\</path>
         <kind>archive</kind>
         <file>rtsv7M4_T_le_v4SPD16_eabi.lib</file>
         <name>div0.asm.obj</name>
      </input_file>
      <input_file id="fl-102">
         <path>C:\ti\TivaWare_C_Series-2.2.0.295\driverlib\ccs\Debug\</path>
         <kind>archive</kind>
         <file>driverlib.lib</file>
         <name>interrupt.obj</name>
      </input_file>
      <input_file id="fl-103">
         <path>C:\ti\TivaWare_C_Series-2.2.0.295\driverlib\ccs\Debug\</path>
         <kind>archive</kind>
         <file>driverlib.lib</file>
         <name>cpu.obj</name>
      </input_file>
   </input_file_list>
   <object_component_list>
      <object_component id="oc-12">
         <name>.intvecs</name>
         <load_address>0x0</load_address>
         <run_address>0x0</run_address>
         <size>0x26c</size>
         <input_file_ref idref="fl-13"/>
      </object_component>
      <object_component id="oc-107">
         <name>.text</name>
         <load_address>0x26c</load_address>
         <run_address>0x26c</run_address>
         <size>0xc20</size>
         <input_file_ref idref="fl-e"/>
      </object_component>
      <object_component id="oc-252">
         <name>.text:__TI_printfi</name>
         <load_address>0xe8c</load_address>
         <run_address>0xe8c</run_address>
         <size>0xa4e</size>
         <input_file_ref idref="fl-f1"/>
      </object_component>
      <object_component id="oc-30f">
         <name>.text:_nop</name>
         <load_address>0x18da</load_address>
         <run_address>0x18da</run_address>
         <size>0x2</size>
         <input_file_ref idref="fl-f8"/>
      </object_component>
      <object_component id="oc-197">
         <name>.text:pow</name>
         <load_address>0x18dc</load_address>
         <run_address>0x18dc</run_address>
         <size>0x9d0</size>
         <input_file_ref idref="fl-d1"/>
      </object_component>
      <object_component id="oc-201">
         <name>.text</name>
         <load_address>0x22ac</load_address>
         <run_address>0x22ac</run_address>
         <size>0x864</size>
         <input_file_ref idref="fl-15"/>
      </object_component>
      <object_component id="oc-3c8">
         <name>.text:__kernel_rem_pio2</name>
         <load_address>0x2b10</load_address>
         <run_address>0x2b10</run_address>
         <size>0x738</size>
         <input_file_ref idref="fl-e9"/>
      </object_component>
      <object_component id="oc-2e0">
         <name>.text:sin</name>
         <load_address>0x3248</load_address>
         <run_address>0x3248</run_address>
         <size>0x5e0</size>
         <input_file_ref idref="fl-d5"/>
      </object_component>
      <object_component id="oc-1fb">
         <name>.text</name>
         <load_address>0x3828</load_address>
         <run_address>0x3828</run_address>
         <size>0x470</size>
         <input_file_ref idref="fl-d"/>
      </object_component>
      <object_component id="oc-1d4">
         <name>.text</name>
         <load_address>0x3c98</load_address>
         <run_address>0x3c98</run_address>
         <size>0x430</size>
         <input_file_ref idref="fl-6"/>
      </object_component>
      <object_component id="oc-101">
         <name>.text</name>
         <load_address>0x40c8</load_address>
         <run_address>0x40c8</run_address>
         <size>0x408</size>
         <input_file_ref idref="fl-7"/>
      </object_component>
      <object_component id="oc-fb">
         <name>.text</name>
         <load_address>0x44d0</load_address>
         <run_address>0x44d0</run_address>
         <size>0x3ba</size>
         <input_file_ref idref="fl-11"/>
      </object_component>
      <object_component id="oc-4b7">
         <name>.text</name>
         <load_address>0x488a</load_address>
         <run_address>0x488a</run_address>
         <size>0x2</size>
         <input_file_ref idref="fl-101"/>
      </object_component>
      <object_component id="oc-dd">
         <name>.text</name>
         <load_address>0x488c</load_address>
         <run_address>0x488c</run_address>
         <size>0x328</size>
         <input_file_ref idref="fl-8"/>
      </object_component>
      <object_component id="oc-f5">
         <name>.text</name>
         <load_address>0x4bb4</load_address>
         <run_address>0x4bb4</run_address>
         <size>0x294</size>
         <input_file_ref idref="fl-10"/>
      </object_component>
      <object_component id="oc-35a">
         <name>.text:_pconv_a</name>
         <load_address>0x4e48</load_address>
         <run_address>0x4e48</run_address>
         <size>0x270</size>
         <input_file_ref idref="fl-f1"/>
      </object_component>
      <object_component id="oc-114">
         <name>.text</name>
         <load_address>0x50b8</load_address>
         <run_address>0x50b8</run_address>
         <size>0x260</size>
         <input_file_ref idref="fl-b"/>
      </object_component>
      <object_component id="oc-d7">
         <name>.text</name>
         <load_address>0x5318</load_address>
         <run_address>0x5318</run_address>
         <size>0x248</size>
         <input_file_ref idref="fl-2"/>
      </object_component>
      <object_component id="oc-ef">
         <name>.text</name>
         <load_address>0x5560</load_address>
         <run_address>0x5560</run_address>
         <size>0x22c</size>
         <input_file_ref idref="fl-14"/>
      </object_component>
      <object_component id="oc-348">
         <name>.text:_pconv_g</name>
         <load_address>0x578c</load_address>
         <run_address>0x578c</run_address>
         <size>0x1d0</size>
         <input_file_ref idref="fl-f1"/>
      </object_component>
      <object_component id="oc-1a8">
         <name>.text</name>
         <load_address>0x595c</load_address>
         <run_address>0x595c</run_address>
         <size>0x1b6</size>
         <input_file_ref idref="fl-d8"/>
      </object_component>
      <object_component id="oc-2d4">
         <name>.text</name>
         <load_address>0x5b14</load_address>
         <run_address>0x5b14</run_address>
         <size>0x1a0</size>
         <input_file_ref idref="fl-4"/>
      </object_component>
      <object_component id="oc-e9">
         <name>.text</name>
         <load_address>0x5cb4</load_address>
         <run_address>0x5cb4</run_address>
         <size>0x184</size>
         <input_file_ref idref="fl-3"/>
      </object_component>
      <object_component id="oc-3c2">
         <name>.text:__kernel_sin</name>
         <load_address>0x5e38</load_address>
         <run_address>0x5e38</run_address>
         <size>0x174</size>
         <input_file_ref idref="fl-ef"/>
      </object_component>
      <object_component id="oc-3ce">
         <name>.text:__kernel_cos</name>
         <load_address>0x5fac</load_address>
         <run_address>0x5fac</run_address>
         <size>0x170</size>
         <input_file_ref idref="fl-ee"/>
      </object_component>
      <object_component id="oc-27d">
         <name>.text:sqrt</name>
         <load_address>0x611c</load_address>
         <run_address>0x611c</run_address>
         <size>0x158</size>
         <input_file_ref idref="fl-d2"/>
      </object_component>
      <object_component id="oc-2ed">
         <name>.text:__vla_alloc</name>
         <load_address>0x6274</load_address>
         <run_address>0x6274</run_address>
         <size>0x14c</size>
         <input_file_ref idref="fl-d0"/>
      </object_component>
      <object_component id="oc-354">
         <name>.text:_pconv_e</name>
         <load_address>0x63c0</load_address>
         <run_address>0x63c0</run_address>
         <size>0x13c</size>
         <input_file_ref idref="fl-f1"/>
      </object_component>
      <object_component id="oc-1bf">
         <name>.text</name>
         <load_address>0x64fc</load_address>
         <run_address>0x64fc</run_address>
         <size>0x136</size>
         <input_file_ref idref="fl-da"/>
      </object_component>
      <object_component id="oc-43d">
         <name>.text:fcvt</name>
         <load_address>0x6634</load_address>
         <run_address>0x6634</run_address>
         <size>0x124</size>
         <input_file_ref idref="fl-f1"/>
      </object_component>
      <object_component id="oc-296">
         <name>.text:scalbn</name>
         <load_address>0x6758</load_address>
         <run_address>0x6758</run_address>
         <size>0x110</size>
         <input_file_ref idref="fl-d4"/>
      </object_component>
      <object_component id="oc-3a9">
         <name>.text:aligned_alloc</name>
         <load_address>0x6868</load_address>
         <run_address>0x6868</run_address>
         <size>0x100</size>
         <input_file_ref idref="fl-e5"/>
      </object_component>
      <object_component id="oc-1ad">
         <name>.text</name>
         <load_address>0x6968</load_address>
         <run_address>0x6968</run_address>
         <size>0xfc</size>
         <input_file_ref idref="fl-db"/>
      </object_component>
      <object_component id="oc-488">
         <name>.text:floor</name>
         <load_address>0x6a64</load_address>
         <run_address>0x6a64</run_address>
         <size>0xf8</size>
         <input_file_ref idref="fl-f0"/>
      </object_component>
      <object_component id="oc-1e5">
         <name>.text:free</name>
         <load_address>0x6b5c</load_address>
         <run_address>0x6b5c</run_address>
         <size>0xe4</size>
         <input_file_ref idref="fl-e5"/>
      </object_component>
      <object_component id="oc-3f0">
         <name>.text:realloc</name>
         <load_address>0x6c40</load_address>
         <run_address>0x6c40</run_address>
         <size>0xe4</size>
         <input_file_ref idref="fl-e5"/>
      </object_component>
      <object_component id="oc-342">
         <name>.text:_ltostr</name>
         <load_address>0x6d24</load_address>
         <run_address>0x6d24</run_address>
         <size>0xb1</size>
         <input_file_ref idref="fl-f1"/>
      </object_component>
      <object_component id="oc-20d">
         <name>.text</name>
         <load_address>0x6dd8</load_address>
         <run_address>0x6dd8</run_address>
         <size>0xa4</size>
         <input_file_ref idref="fl-12"/>
      </object_component>
      <object_component id="oc-3e">
         <name>.text</name>
         <load_address>0x6e7c</load_address>
         <run_address>0x6e7c</run_address>
         <size>0x9c</size>
         <input_file_ref idref="fl-e0"/>
      </object_component>
      <object_component id="oc-424">
         <name>.text</name>
         <load_address>0x6f18</load_address>
         <run_address>0x6f18</run_address>
         <size>0x96</size>
         <input_file_ref idref="fl-f3"/>
      </object_component>
      <object_component id="oc-1cd">
         <name>.text</name>
         <load_address>0x6fb0</load_address>
         <run_address>0x6fb0</run_address>
         <size>0x88</size>
         <input_file_ref idref="fl-5"/>
      </object_component>
      <object_component id="oc-28c">
         <name>.text:__aeabi_cdcmple</name>
         <load_address>0x7038</load_address>
         <run_address>0x7038</run_address>
         <size>0x86</size>
         <input_file_ref idref="fl-d9"/>
      </object_component>
      <object_component id="oc-291">
         <name>.text:__aeabi_cdrcmple</name>
         <load_address>0x70be</load_address>
         <run_address>0x70be</run_address>
         <size>0x86</size>
         <input_file_ref idref="fl-d9"/>
      </object_component>
      <object_component id="oc-a2">
         <name>.text</name>
         <load_address>0x7144</load_address>
         <run_address>0x7144</run_address>
         <size>0x80</size>
         <input_file_ref idref="fl-a"/>
      </object_component>
      <object_component id="oc-96">
         <name>.text</name>
         <load_address>0x71c4</load_address>
         <run_address>0x71c4</run_address>
         <size>0x7a</size>
         <input_file_ref idref="fl-f2"/>
      </object_component>
      <object_component id="oc-3ea">
         <name>.text:_ZN33_INTERNAL_11_vla_alloc_c_be8bd49b21free_dead_allocationsEPv</name>
         <load_address>0x7240</load_address>
         <run_address>0x7240</run_address>
         <size>0x78</size>
         <input_file_ref idref="fl-d0"/>
      </object_component>
      <object_component id="oc-2f3">
         <name>.text:__vla_dealloc</name>
         <load_address>0x72b8</load_address>
         <run_address>0x72b8</run_address>
         <size>0x70</size>
         <input_file_ref idref="fl-d0"/>
      </object_component>
      <object_component id="oc-47b">
         <name>.text:split</name>
         <load_address>0x7328</load_address>
         <run_address>0x7328</run_address>
         <size>0x70</size>
         <input_file_ref idref="fl-e5"/>
      </object_component>
      <object_component id="oc-436">
         <name>.text:_mcpy</name>
         <load_address>0x7398</load_address>
         <run_address>0x7398</run_address>
         <size>0x6e</size>
         <input_file_ref idref="fl-f1"/>
      </object_component>
      <object_component id="oc-19d">
         <name>.text</name>
         <load_address>0x7406</load_address>
         <run_address>0x7406</run_address>
         <size>0x6e</size>
         <input_file_ref idref="fl-dd"/>
      </object_component>
      <object_component id="oc-15">
         <name>.text:decompress:lzss:__TI_decompress_lzss</name>
         <load_address>0x7474</load_address>
         <run_address>0x7474</run_address>
         <size>0x68</size>
         <input_file_ref idref="fl-e4"/>
      </object_component>
      <object_component id="oc-44b">
         <name>.text:frexp</name>
         <load_address>0x74dc</load_address>
         <run_address>0x74dc</run_address>
         <size>0x64</size>
         <input_file_ref idref="fl-100"/>
      </object_component>
      <object_component id="oc-34e">
         <name>.text:_pconv_f</name>
         <load_address>0x7540</load_address>
         <run_address>0x7540</run_address>
         <size>0x56</size>
         <input_file_ref idref="fl-f1"/>
      </object_component>
      <object_component id="oc-42a">
         <name>.text:__TI_ltoa</name>
         <load_address>0x7596</load_address>
         <run_address>0x7596</run_address>
         <size>0x54</size>
         <input_file_ref idref="fl-f9"/>
      </object_component>
      <object_component id="oc-430">
         <name>.text:_ecpy</name>
         <load_address>0x75ea</load_address>
         <run_address>0x75ea</run_address>
         <size>0x52</size>
         <input_file_ref idref="fl-f1"/>
      </object_component>
      <object_component id="oc-207">
         <name>.text</name>
         <load_address>0x763c</load_address>
         <run_address>0x763c</run_address>
         <size>0x50</size>
         <input_file_ref idref="fl-9"/>
      </object_component>
      <object_component id="oc-33c">
         <name>.text:atoi</name>
         <load_address>0x768c</load_address>
         <run_address>0x768c</run_address>
         <size>0x4c</size>
         <input_file_ref idref="fl-fb"/>
      </object_component>
      <object_component id="oc-1b2">
         <name>.text</name>
         <load_address>0x76d8</load_address>
         <run_address>0x76d8</run_address>
         <size>0x48</size>
         <input_file_ref idref="fl-dc"/>
      </object_component>
      <object_component id="oc-130">
         <name>.text:__TI_auto_init_nobinit_nopinit:__TI_auto_init_nobinit_nopinit</name>
         <load_address>0x7720</load_address>
         <run_address>0x7720</run_address>
         <size>0x44</size>
         <input_file_ref idref="fl-f4"/>
      </object_component>
      <object_component id="oc-2e6">
         <name>.text:sprintf</name>
         <load_address>0x7764</load_address>
         <run_address>0x7764</run_address>
         <size>0x40</size>
         <input_file_ref idref="fl-d6"/>
      </object_component>
      <object_component id="oc-16f">
         <name>.text:vsnprintf</name>
         <load_address>0x77a4</load_address>
         <run_address>0x77a4</run_address>
         <size>0x40</size>
         <input_file_ref idref="fl-d7"/>
      </object_component>
      <object_component id="oc-443">
         <name>.text:_fcpy</name>
         <load_address>0x77e4</load_address>
         <run_address>0x77e4</run_address>
         <size>0x3e</size>
         <input_file_ref idref="fl-f1"/>
      </object_component>
      <object_component id="oc-1df">
         <name>.text:calloc</name>
         <load_address>0x7824</load_address>
         <run_address>0x7824</run_address>
         <size>0x38</size>
         <input_file_ref idref="fl-e5"/>
      </object_component>
      <object_component id="oc-192">
         <name>.text</name>
         <load_address>0x785c</load_address>
         <run_address>0x785c</run_address>
         <size>0x38</size>
         <input_file_ref idref="fl-de"/>
      </object_component>
      <object_component id="oc-164">
         <name>.text:IntRegister</name>
         <load_address>0x7894</load_address>
         <run_address>0x7894</run_address>
         <size>0x34</size>
         <input_file_ref idref="fl-102"/>
      </object_component>
      <object_component id="oc-5c">
         <name>.text:_c_int00_noargs:_c_int00_noargs</name>
         <load_address>0x78c8</load_address>
         <run_address>0x78c8</run_address>
         <size>0x34</size>
         <input_file_ref idref="fl-ea"/>
      </object_component>
      <object_component id="oc-258">
         <name>.text:_outs</name>
         <load_address>0x78fc</load_address>
         <run_address>0x78fc</run_address>
         <size>0x30</size>
         <input_file_ref idref="fl-d7"/>
      </object_component>
      <object_component id="oc-1c8">
         <name>.text</name>
         <load_address>0x792c</load_address>
         <run_address>0x792c</run_address>
         <size>0x2e</size>
         <input_file_ref idref="fl-df"/>
      </object_component>
      <object_component id="oc-2c7">
         <name>.text:free_list_insert</name>
         <load_address>0x795c</load_address>
         <run_address>0x795c</run_address>
         <size>0x28</size>
         <input_file_ref idref="fl-e5"/>
      </object_component>
      <object_component id="oc-1a3">
         <name>.text</name>
         <load_address>0x7984</load_address>
         <run_address>0x7984</run_address>
         <size>0x20</size>
         <input_file_ref idref="fl-e1"/>
      </object_component>
      <object_component id="oc-2c1">
         <name>.text:free_list_remove</name>
         <load_address>0x79a4</load_address>
         <run_address>0x79a4</run_address>
         <size>0x1c</size>
         <input_file_ref idref="fl-e5"/>
      </object_component>
      <object_component id="oc-360">
         <name>.text:memccpy</name>
         <load_address>0x79c0</load_address>
         <run_address>0x79c0</run_address>
         <size>0x1c</size>
         <input_file_ref idref="fl-fd"/>
      </object_component>
      <object_component id="oc-38b">
         <name>.text:copysign</name>
         <load_address>0x79dc</load_address>
         <run_address>0x79dc</run_address>
         <size>0x1a</size>
         <input_file_ref idref="fl-ed"/>
      </object_component>
      <object_component id="oc-25e">
         <name>.text:_outc</name>
         <load_address>0x79f6</load_address>
         <run_address>0x79f6</run_address>
         <size>0x18</size>
         <input_file_ref idref="fl-d7"/>
      </object_component>
      <object_component id="oc-3d6">
         <name>.text:_outs</name>
         <load_address>0x7a0e</load_address>
         <run_address>0x7a0e</run_address>
         <size>0x18</size>
         <input_file_ref idref="fl-d6"/>
      </object_component>
      <object_component id="oc-1eb">
         <name>.text:oi_parseInt</name>
         <load_address>0x7a26</load_address>
         <run_address>0x7a26</run_address>
         <size>0x18</size>
         <input_file_ref idref="fl-e"/>
      </object_component>
      <object_component id="oc-175">
         <name>.text:strcmp</name>
         <load_address>0x7a3e</load_address>
         <run_address>0x7a3e</run_address>
         <size>0x18</size>
         <input_file_ref idref="fl-e6"/>
      </object_component>
      <object_component id="oc-451">
         <name>.text:strchr</name>
         <load_address>0x7a56</load_address>
         <run_address>0x7a56</run_address>
         <size>0x16</size>
         <input_file_ref idref="fl-fe"/>
      </object_component>
      <object_component id="oc-17b">
         <name>.text:strcpy</name>
         <load_address>0x7a6c</load_address>
         <run_address>0x7a6c</run_address>
         <size>0x14</size>
         <input_file_ref idref="fl-e7"/>
      </object_component>
      <object_component id="oc-1b7">
         <name>.text:strlen</name>
         <load_address>0x7a80</load_address>
         <run_address>0x7a80</run_address>
         <size>0x14</size>
         <input_file_ref idref="fl-e8"/>
      </object_component>
      <object_component id="oc-366">
         <name>.text:wcslen</name>
         <load_address>0x7a94</load_address>
         <run_address>0x7a94</run_address>
         <size>0x12</size>
         <input_file_ref idref="fl-ff"/>
      </object_component>
      <object_component id="oc-e3">
         <name>.text:IntMasterEnable</name>
         <load_address>0x7aa6</load_address>
         <run_address>0x7aa6</run_address>
         <size>0x10</size>
         <input_file_ref idref="fl-102"/>
      </object_component>
      <object_component id="oc-10d">
         <name>.text:lcd_clear</name>
         <load_address>0x7ab6</load_address>
         <run_address>0x7ab6</run_address>
         <size>0x10</size>
         <input_file_ref idref="fl-8"/>
      </object_component>
      <object_component id="oc-1b">
         <name>.text:decompress:none:__TI_decompress_none</name>
         <load_address>0x7ac6</load_address>
         <run_address>0x7ac6</run_address>
         <size>0xe</size>
         <input_file_ref idref="fl-e3"/>
      </object_component>
      <object_component id="oc-18b">
         <name>.text:CPUcpsie</name>
         <load_address>0x7ad4</load_address>
         <run_address>0x7ad4</run_address>
         <size>0xc</size>
         <input_file_ref idref="fl-103"/>
      </object_component>
      <object_component id="oc-50">
         <name>.text:decompress:ZI:__TI_zero_init</name>
         <load_address>0x7ae0</load_address>
         <run_address>0x7ae0</run_address>
         <size>0xc</size>
         <input_file_ref idref="fl-e2"/>
      </object_component>
      <object_component id="oc-2a">
         <name>.text</name>
         <load_address>0x7aec</load_address>
         <run_address>0x7aec</run_address>
         <size>0xc</size>
         <input_file_ref idref="fl-13"/>
      </object_component>
      <object_component id="oc-3dc">
         <name>.text:_outc</name>
         <load_address>0x7af8</load_address>
         <run_address>0x7af8</run_address>
         <size>0xa</size>
         <input_file_ref idref="fl-d6"/>
      </object_component>
      <object_component id="oc-283">
         <name>.text:__aeabi_errno_addr</name>
         <load_address>0x7b04</load_address>
         <run_address>0x7b04</run_address>
         <size>0x8</size>
         <input_file_ref idref="fl-eb"/>
      </object_component>
      <object_component id="oc-2ba">
         <name>.text:malloc</name>
         <load_address>0x7b0c</load_address>
         <run_address>0x7b0c</run_address>
         <size>0x8</size>
         <input_file_ref idref="fl-e5"/>
      </object_component>
      <object_component id="oc-3e4">
         <name>.text:__abort_execution</name>
         <load_address>0x7b14</load_address>
         <run_address>0x7b14</run_address>
         <size>0x4</size>
         <input_file_ref idref="fl-ec"/>
      </object_component>
      <object_component id="oc-9c">
         <name>.text:_system_pre_init</name>
         <load_address>0x7b18</load_address>
         <run_address>0x7b18</run_address>
         <size>0x4</size>
         <input_file_ref idref="fl-f5"/>
      </object_component>
      <object_component id="oc-124">
         <name>.text:abort:abort</name>
         <load_address>0x7b1c</load_address>
         <run_address>0x7b1c</run_address>
         <size>0x4</size>
         <input_file_ref idref="fl-f7"/>
      </object_component>
      <object_component id="oc-48e">
         <name>.const:$O1$$</name>
         <load_address>0x7b20</load_address>
         <run_address>0x7b20</run_address>
         <size>0x158</size>
         <input_file_ref idref="fl-e9"/>
      </object_component>
      <object_component id="oc-41f">
         <name>.const:.string:_ctypes_</name>
         <load_address>0x7c78</load_address>
         <run_address>0x7c78</run_address>
         <size>0x101</size>
         <input_file_ref idref="fl-fc"/>
      </object_component>
      <object_component id="oc-181">
         <name>.const:.string:lineAddress$1</name>
         <load_address>0x7d79</load_address>
         <run_address>0x7d79</run_address>
         <size>0x4</size>
         <input_file_ref idref="fl-8"/>
      </object_component>
      <object_component id="oc-289">
         <name>.const:$O1$$</name>
         <load_address>0x7d80</load_address>
         <run_address>0x7d80</run_address>
         <size>0x30</size>
         <input_file_ref idref="fl-d1"/>
      </object_component>
      <object_component id="oc-2fb">
         <name>.const:.string:$P$T0$1</name>
         <load_address>0x7db0</load_address>
         <run_address>0x7db0</run_address>
         <size>0x14</size>
         <input_file_ref idref="fl-12"/>
      </object_component>
      <object_component id="oc-2fe">
         <name>.const:.string:$P$T1$2</name>
         <load_address>0x7dc4</load_address>
         <run_address>0x7dc4</run_address>
         <size>0x14</size>
         <input_file_ref idref="fl-12"/>
      </object_component>
      <object_component id="oc-3b5">
         <name>.const:$P$T0$1</name>
         <load_address>0x7dd8</load_address>
         <run_address>0x7dd8</run_address>
         <size>0x10</size>
         <input_file_ref idref="fl-4"/>
      </object_component>
      <object_component id="oc-1f5">
         <name>.const:.string:$P$T0$3</name>
         <load_address>0x7de8</load_address>
         <run_address>0x7de8</run_address>
         <size>0xf</size>
         <input_file_ref idref="fl-e"/>
      </object_component>
      <object_component id="oc-182">
         <name>.const:.string:lineAddresses$2</name>
         <load_address>0x7df7</load_address>
         <run_address>0x7df7</run_address>
         <size>0x4</size>
         <input_file_ref idref="fl-8"/>
      </object_component>
      <object_component id="oc-517">
         <name>.cinit..data.load</name>
         <load_address>0x7e00</load_address>
         <run_address>0x7e00</run_address>
         <size>0x24</size>
      </object_component>
      <object_component id="oc-514">
         <name>__TI_handler_table</name>
         <load_address>0x7e24</load_address>
         <run_address>0x7e24</run_address>
         <size>0xc</size>
      </object_component>
      <object_component id="oc-518">
         <name>.cinit..bss.load</name>
         <load_address>0x7e30</load_address>
         <run_address>0x7e30</run_address>
         <size>0x8</size>
      </object_component>
      <object_component id="oc-516">
         <name>.cinit..vtable.load</name>
         <load_address>0x7e38</load_address>
         <run_address>0x7e38</run_address>
         <size>0x8</size>
      </object_component>
      <object_component id="oc-515">
         <name>__TI_cinit_table</name>
         <load_address>0x7e40</load_address>
         <run_address>0x7e40</run_address>
         <size>0x18</size>
      </object_component>
      <object_component id="oc-246">
         <name>.vtable</name>
         <uninitialized>true</uninitialized>
         <run_address>0x20000000</run_address>
         <size>0x26c</size>
         <input_file_ref idref="fl-102"/>
      </object_component>
      <object_component id="oc-16a">
         <name>.data</name>
         <load_address>0x20002a38</load_address>
         <run_address>0x20002a38</run_address>
         <size>0x1</size>
         <input_file_ref idref="fl-2"/>
      </object_component>
      <object_component id="oc-2b2">
         <name>.data</name>
         <load_address>0x20002a39</load_address>
         <run_address>0x20002a39</run_address>
         <size>0x1</size>
         <input_file_ref idref="fl-5"/>
      </object_component>
      <object_component id="oc-1da">
         <name>.data</name>
         <load_address>0x20002a3a</load_address>
         <run_address>0x20002a3a</run_address>
         <size>0x1</size>
         <input_file_ref idref="fl-7"/>
      </object_component>
      <object_component id="oc-1f2">
         <name>.data</name>
         <load_address>0x200029e8</load_address>
         <run_address>0x200029e8</run_address>
         <size>0x20</size>
         <input_file_ref idref="fl-e"/>
      </object_component>
      <object_component id="oc-1c4">
         <name>.data</name>
         <load_address>0x20002a08</load_address>
         <run_address>0x20002a08</run_address>
         <size>0x10</size>
         <input_file_ref idref="fl-10"/>
      </object_component>
      <object_component id="oc-11a">
         <name>.data</name>
         <load_address>0x20002a28</load_address>
         <run_address>0x20002a28</run_address>
         <size>0x8</size>
         <input_file_ref idref="fl-14"/>
      </object_component>
      <object_component id="oc-2da">
         <name>.data</name>
         <load_address>0x20002a3b</load_address>
         <run_address>0x20002a3b</run_address>
         <size>0x1</size>
         <input_file_ref idref="fl-15"/>
      </object_component>
      <object_component id="oc-3f6">
         <name>.data</name>
         <load_address>0x20002a34</load_address>
         <run_address>0x20002a34</run_address>
         <size>0x4</size>
         <input_file_ref idref="fl-d0"/>
      </object_component>
      <object_component id="oc-3b0">
         <name>.data:$O1$$</name>
         <load_address>0x20002a20</load_address>
         <run_address>0x20002a20</run_address>
         <size>0x8</size>
         <input_file_ref idref="fl-e5"/>
      </object_component>
      <object_component id="oc-382">
         <name>.data</name>
         <load_address>0x20002a30</load_address>
         <run_address>0x20002a30</run_address>
         <size>0x4</size>
         <input_file_ref idref="fl-eb"/>
      </object_component>
      <object_component id="oc-22a">
         <name>.data:$O1$$</name>
         <load_address>0x20002a18</load_address>
         <run_address>0x20002a18</run_address>
         <size>0x8</size>
         <input_file_ref idref="fl-f8"/>
      </object_component>
      <object_component id="oc-183">
         <name>.bss:lastbuffer$3</name>
         <uninitialized>true</uninitialized>
         <run_address>0x20002978</run_address>
         <size>0x54</size>
         <input_file_ref idref="fl-8"/>
      </object_component>
      <object_component id="oc-1f8">
         <name>.bss:firmware$2</name>
         <uninitialized>true</uninitialized>
         <run_address>0x200029cc</run_address>
         <size>0x18</size>
         <input_file_ref idref="fl-e"/>
      </object_component>
      <object_component id="oc-16d">
         <name>.common:_timeout_ticks</name>
         <uninitialized>true</uninitialized>
         <run_address>0x200029e4</run_address>
         <size>0x4</size>
      </object_component>
      <object_component id="oc-213">
         <name>.common:scanPointArray</name>
         <uninitialized>true</uninitialized>
         <run_address>0x20002270</run_address>
         <size>0x438</size>
      </object_component>
      <object_component id="oc-2df">
         <name>.common:objectArray</name>
         <uninitialized>true</uninitialized>
         <run_address>0x200026a8</run_address>
         <size>0x2d0</size>
      </object_component>
      <object_component id="oc-24">
         <name>.sysmem</name>
         <uninitialized>true</uninitialized>
         <run_address>0x20001270</run_address>
         <size>0x10</size>
         <input_file_ref idref="fl-e5"/>
      </object_component>
      <object_component id="oc-51b">
         <name>.sysmem</name>
         <uninitialized>true</uninitialized>
         <run_address>0x20001270</run_address>
         <size>0x0</size>
      </object_component>
      <object_component id="oc-27">
         <name>.stack</name>
         <uninitialized>true</uninitialized>
         <run_address>0x20000270</run_address>
         <size>0x4</size>
         <input_file_ref idref="fl-ea"/>
      </object_component>
      <object_component id="oc-51a">
         <name>.stack</name>
         <uninitialized>true</uninitialized>
         <run_address>0x20000270</run_address>
         <size>0x0</size>
      </object_component>
      <object_component id="oc-c5">
         <name>.debug_info</name>
         <load_address>0x0</load_address>
         <run_address>0x0</run_address>
         <size>0x2e1</size>
         <input_file_ref idref="fl-2"/>
      </object_component>
      <object_component id="oc-16b">
         <name>.debug_info</name>
         <load_address>0x2e1</load_address>
         <run_address>0x2e1</run_address>
         <size>0xef</size>
         <input_file_ref idref="fl-2"/>
      </object_component>
      <object_component id="oc-d9">
         <name>.debug_info</name>
         <load_address>0x3d0</load_address>
         <run_address>0x3d0</run_address>
         <size>0x537</size>
         <input_file_ref idref="fl-2"/>
      </object_component>
      <object_component id="oc-77">
         <name>.debug_info</name>
         <load_address>0x907</load_address>
         <run_address>0x907</run_address>
         <size>0x26b</size>
         <input_file_ref idref="fl-2"/>
      </object_component>
      <object_component id="oc-39">
         <name>.debug_info</name>
         <load_address>0xb72</load_address>
         <run_address>0xb72</run_address>
         <size>0x84</size>
         <input_file_ref idref="fl-2"/>
      </object_component>
      <object_component id="oc-c0">
         <name>.debug_info</name>
         <load_address>0xbf6</load_address>
         <run_address>0xbf6</run_address>
         <size>0x2a4</size>
         <input_file_ref idref="fl-2"/>
      </object_component>
      <object_component id="oc-7c">
         <name>.debug_info</name>
         <load_address>0xe9a</load_address>
         <run_address>0xe9a</run_address>
         <size>0xbb</size>
         <input_file_ref idref="fl-2"/>
      </object_component>
      <object_component id="oc-eb">
         <name>.debug_info</name>
         <load_address>0xf55</load_address>
         <run_address>0xf55</run_address>
         <size>0x292</size>
         <input_file_ref idref="fl-3"/>
      </object_component>
      <object_component id="oc-30c">
         <name>.debug_info</name>
         <load_address>0x11e7</load_address>
         <run_address>0x11e7</run_address>
         <size>0x2fe</size>
         <input_file_ref idref="fl-4"/>
      </object_component>
      <object_component id="oc-3b6">
         <name>.debug_info</name>
         <load_address>0x14e5</load_address>
         <run_address>0x14e5</run_address>
         <size>0xef</size>
         <input_file_ref idref="fl-4"/>
      </object_component>
      <object_component id="oc-2d5">
         <name>.debug_info</name>
         <load_address>0x15d4</load_address>
         <run_address>0x15d4</run_address>
         <size>0x62f</size>
         <input_file_ref idref="fl-4"/>
      </object_component>
      <object_component id="oc-21c">
         <name>.debug_info</name>
         <load_address>0x1c03</load_address>
         <run_address>0x1c03</run_address>
         <size>0x5aa</size>
         <input_file_ref idref="fl-4"/>
      </object_component>
      <object_component id="oc-3b9">
         <name>.debug_info</name>
         <load_address>0x21ad</load_address>
         <run_address>0x21ad</run_address>
         <size>0x86</size>
         <input_file_ref idref="fl-4"/>
      </object_component>
      <object_component id="oc-276">
         <name>.debug_info</name>
         <load_address>0x2233</load_address>
         <run_address>0x2233</run_address>
         <size>0xcc</size>
         <input_file_ref idref="fl-4"/>
      </object_component>
      <object_component id="oc-186">
         <name>.debug_info</name>
         <load_address>0x22ff</load_address>
         <run_address>0x22ff</run_address>
         <size>0x2c</size>
         <input_file_ref idref="fl-4"/>
      </object_component>
      <object_component id="oc-221">
         <name>.debug_info</name>
         <load_address>0x232b</load_address>
         <run_address>0x232b</run_address>
         <size>0x35</size>
         <input_file_ref idref="fl-4"/>
      </object_component>
      <object_component id="oc-1ce">
         <name>.debug_info</name>
         <load_address>0x2360</load_address>
         <run_address>0x2360</run_address>
         <size>0x1a4</size>
         <input_file_ref idref="fl-5"/>
      </object_component>
      <object_component id="oc-2b5">
         <name>.debug_info</name>
         <load_address>0x2504</load_address>
         <run_address>0x2504</run_address>
         <size>0x284</size>
         <input_file_ref idref="fl-6"/>
      </object_component>
      <object_component id="oc-1d6">
         <name>.debug_info</name>
         <load_address>0x2788</load_address>
         <run_address>0x2788</run_address>
         <size>0x560</size>
         <input_file_ref idref="fl-6"/>
      </object_component>
      <object_component id="oc-11e">
         <name>.debug_info</name>
         <load_address>0x2ce8</load_address>
         <run_address>0x2ce8</run_address>
         <size>0x8b</size>
         <input_file_ref idref="fl-6"/>
      </object_component>
      <object_component id="oc-1de">
         <name>.debug_info</name>
         <load_address>0x2d73</load_address>
         <run_address>0x2d73</run_address>
         <size>0x486</size>
         <input_file_ref idref="fl-7"/>
      </object_component>
      <object_component id="oc-1db">
         <name>.debug_info</name>
         <load_address>0x31f9</load_address>
         <run_address>0x31f9</run_address>
         <size>0xf7</size>
         <input_file_ref idref="fl-7"/>
      </object_component>
      <object_component id="oc-104">
         <name>.debug_info</name>
         <load_address>0x32f0</load_address>
         <run_address>0x32f0</run_address>
         <size>0x7af</size>
         <input_file_ref idref="fl-7"/>
      </object_component>
      <object_component id="oc-185">
         <name>.debug_info</name>
         <load_address>0x3a9f</load_address>
         <run_address>0x3a9f</run_address>
         <size>0x3af</size>
         <input_file_ref idref="fl-8"/>
      </object_component>
      <object_component id="oc-10f">
         <name>.debug_info</name>
         <load_address>0x3e4e</load_address>
         <run_address>0x3e4e</run_address>
         <size>0x144</size>
         <input_file_ref idref="fl-8"/>
      </object_component>
      <object_component id="oc-e1">
         <name>.debug_info</name>
         <load_address>0x3f92</load_address>
         <run_address>0x3f92</run_address>
         <size>0x8d0</size>
         <input_file_ref idref="fl-8"/>
      </object_component>
      <object_component id="oc-2fa">
         <name>.debug_info</name>
         <load_address>0x4862</load_address>
         <run_address>0x4862</run_address>
         <size>0x3bd</size>
         <input_file_ref idref="fl-9"/>
      </object_component>
      <object_component id="oc-208">
         <name>.debug_info</name>
         <load_address>0x4c1f</load_address>
         <run_address>0x4c1f</run_address>
         <size>0x270</size>
         <input_file_ref idref="fl-9"/>
      </object_component>
      <object_component id="oc-123">
         <name>.debug_info</name>
         <load_address>0x4e8f</load_address>
         <run_address>0x4e8f</run_address>
         <size>0x4d4</size>
         <input_file_ref idref="fl-a"/>
      </object_component>
      <object_component id="oc-a3">
         <name>.debug_info</name>
         <load_address>0x5363</load_address>
         <run_address>0x5363</run_address>
         <size>0x260</size>
         <input_file_ref idref="fl-a"/>
      </object_component>
      <object_component id="oc-305">
         <name>.debug_info</name>
         <load_address>0x55c3</load_address>
         <run_address>0x55c3</run_address>
         <size>0x101</size>
         <input_file_ref idref="fl-a"/>
      </object_component>
      <object_component id="oc-217">
         <name>.debug_info</name>
         <load_address>0x56c4</load_address>
         <run_address>0x56c4</run_address>
         <size>0x5c0</size>
         <input_file_ref idref="fl-b"/>
      </object_component>
      <object_component id="oc-116">
         <name>.debug_info</name>
         <load_address>0x5c84</load_address>
         <run_address>0x5c84</run_address>
         <size>0x302</size>
         <input_file_ref idref="fl-b"/>
      </object_component>
      <object_component id="oc-2de">
         <name>.debug_info</name>
         <load_address>0x5f86</load_address>
         <run_address>0x5f86</run_address>
         <size>0x395</size>
         <input_file_ref idref="fl-d"/>
      </object_component>
      <object_component id="oc-1fe">
         <name>.debug_info</name>
         <load_address>0x631b</load_address>
         <run_address>0x631b</run_address>
         <size>0xbbc</size>
         <input_file_ref idref="fl-d"/>
      </object_component>
      <object_component id="oc-1fa">
         <name>.debug_info</name>
         <load_address>0x6ed7</load_address>
         <run_address>0x6ed7</run_address>
         <size>0x42c</size>
         <input_file_ref idref="fl-e"/>
      </object_component>
      <object_component id="oc-1f3">
         <name>.debug_info</name>
         <load_address>0x7303</load_address>
         <run_address>0x7303</run_address>
         <size>0x141</size>
         <input_file_ref idref="fl-e"/>
      </object_component>
      <object_component id="oc-1f6">
         <name>.debug_info</name>
         <load_address>0x7444</load_address>
         <run_address>0x7444</run_address>
         <size>0xf6</size>
         <input_file_ref idref="fl-e"/>
      </object_component>
      <object_component id="oc-1ed">
         <name>.debug_info</name>
         <load_address>0x753a</load_address>
         <run_address>0x753a</run_address>
         <size>0x16e</size>
         <input_file_ref idref="fl-e"/>
      </object_component>
      <object_component id="oc-10b">
         <name>.debug_info</name>
         <load_address>0x76a8</load_address>
         <run_address>0x76a8</run_address>
         <size>0x19b8</size>
         <input_file_ref idref="fl-e"/>
      </object_component>
      <object_component id="oc-2b0">
         <name>.debug_info</name>
         <load_address>0x9060</load_address>
         <run_address>0x9060</run_address>
         <size>0x314</size>
         <input_file_ref idref="fl-10"/>
      </object_component>
      <object_component id="oc-1c5">
         <name>.debug_info</name>
         <load_address>0x9374</load_address>
         <run_address>0x9374</run_address>
         <size>0x171</size>
         <input_file_ref idref="fl-10"/>
      </object_component>
      <object_component id="oc-f9">
         <name>.debug_info</name>
         <load_address>0x94e5</load_address>
         <run_address>0x94e5</run_address>
         <size>0x381</size>
         <input_file_ref idref="fl-10"/>
      </object_component>
      <object_component id="oc-3a3">
         <name>.debug_info</name>
         <load_address>0x9866</load_address>
         <run_address>0x9866</run_address>
         <size>0x44</size>
         <input_file_ref idref="fl-10"/>
      </object_component>
      <object_component id="oc-fc">
         <name>.debug_info</name>
         <load_address>0x98aa</load_address>
         <run_address>0x98aa</run_address>
         <size>0x5eb</size>
         <input_file_ref idref="fl-11"/>
      </object_component>
      <object_component id="oc-302">
         <name>.debug_info</name>
         <load_address>0x9e95</load_address>
         <run_address>0x9e95</run_address>
         <size>0x302</size>
         <input_file_ref idref="fl-12"/>
      </object_component>
      <object_component id="oc-2fc">
         <name>.debug_info</name>
         <load_address>0xa197</load_address>
         <run_address>0xa197</run_address>
         <size>0xeb</size>
         <input_file_ref idref="fl-12"/>
      </object_component>
      <object_component id="oc-2ff">
         <name>.debug_info</name>
         <load_address>0xa282</load_address>
         <run_address>0xa282</run_address>
         <size>0xeb</size>
         <input_file_ref idref="fl-12"/>
      </object_component>
      <object_component id="oc-20e">
         <name>.debug_info</name>
         <load_address>0xa36d</load_address>
         <run_address>0xa36d</run_address>
         <size>0x3ff</size>
         <input_file_ref idref="fl-12"/>
      </object_component>
      <object_component id="oc-ce">
         <name>.debug_info</name>
         <load_address>0xa76c</load_address>
         <run_address>0xa76c</run_address>
         <size>0x2c</size>
         <input_file_ref idref="fl-12"/>
      </object_component>
      <object_component id="oc-32">
         <name>.debug_info</name>
         <load_address>0xa798</load_address>
         <run_address>0xa798</run_address>
         <size>0x2cb</size>
         <input_file_ref idref="fl-13"/>
      </object_component>
      <object_component id="oc-13">
         <name>.debug_info</name>
         <load_address>0xaa63</load_address>
         <run_address>0xaa63</run_address>
         <size>0x10a</size>
         <input_file_ref idref="fl-13"/>
      </object_component>
      <object_component id="oc-2b">
         <name>.debug_info</name>
         <load_address>0xab6d</load_address>
         <run_address>0xab6d</run_address>
         <size>0x286</size>
         <input_file_ref idref="fl-13"/>
      </object_component>
      <object_component id="oc-1be">
         <name>.debug_info</name>
         <load_address>0xadf3</load_address>
         <run_address>0xadf3</run_address>
         <size>0x31f</size>
         <input_file_ref idref="fl-14"/>
      </object_component>
      <object_component id="oc-11b">
         <name>.debug_info</name>
         <load_address>0xb112</load_address>
         <run_address>0xb112</run_address>
         <size>0x129</size>
         <input_file_ref idref="fl-14"/>
      </object_component>
      <object_component id="oc-f1">
         <name>.debug_info</name>
         <load_address>0xb23b</load_address>
         <run_address>0xb23b</run_address>
         <size>0x4d2</size>
         <input_file_ref idref="fl-14"/>
      </object_component>
      <object_component id="oc-214">
         <name>.debug_info</name>
         <load_address>0xb70d</load_address>
         <run_address>0xb70d</run_address>
         <size>0x47d</size>
         <input_file_ref idref="fl-15"/>
      </object_component>
      <object_component id="oc-2db">
         <name>.debug_info</name>
         <load_address>0xbb8a</load_address>
         <run_address>0xbb8a</run_address>
         <size>0xf3</size>
         <input_file_ref idref="fl-15"/>
      </object_component>
      <object_component id="oc-202">
         <name>.debug_info</name>
         <load_address>0xbc7d</load_address>
         <run_address>0xbc7d</run_address>
         <size>0xe7b</size>
         <input_file_ref idref="fl-15"/>
      </object_component>
      <object_component id="oc-3fa">
         <name>.debug_info</name>
         <load_address>0xcaf8</load_address>
         <run_address>0xcaf8</run_address>
         <size>0x395</size>
         <input_file_ref idref="fl-d0"/>
      </object_component>
      <object_component id="oc-3f7">
         <name>.debug_info</name>
         <load_address>0xce8d</load_address>
         <run_address>0xce8d</run_address>
         <size>0x112</size>
         <input_file_ref idref="fl-d0"/>
      </object_component>
      <object_component id="oc-2f6">
         <name>.debug_info</name>
         <load_address>0xcf9f</load_address>
         <run_address>0xcf9f</run_address>
         <size>0x1d0</size>
         <input_file_ref idref="fl-d0"/>
      </object_component>
      <object_component id="oc-3eb">
         <name>.debug_info</name>
         <load_address>0xd16f</load_address>
         <run_address>0xd16f</run_address>
         <size>0x208</size>
         <input_file_ref idref="fl-d0"/>
      </object_component>
      <object_component id="oc-2ef">
         <name>.debug_info</name>
         <load_address>0xd377</load_address>
         <run_address>0xd377</run_address>
         <size>0x2ef</size>
         <input_file_ref idref="fl-d0"/>
      </object_component>
      <object_component id="oc-4ad">
         <name>.debug_info</name>
         <load_address>0xd666</load_address>
         <run_address>0xd666</run_address>
         <size>0x2c</size>
         <input_file_ref idref="fl-d0"/>
      </object_component>
      <object_component id="oc-3fb">
         <name>.debug_info</name>
         <load_address>0xd692</load_address>
         <run_address>0xd692</run_address>
         <size>0x2c</size>
         <input_file_ref idref="fl-d0"/>
      </object_component>
      <object_component id="oc-4a3">
         <name>.debug_info</name>
         <load_address>0xd6be</load_address>
         <run_address>0xd6be</run_address>
         <size>0x2c</size>
         <input_file_ref idref="fl-d0"/>
      </object_component>
      <object_component id="oc-400">
         <name>.debug_info</name>
         <load_address>0xd6ea</load_address>
         <run_address>0xd6ea</run_address>
         <size>0x16d</size>
         <input_file_ref idref="fl-d0"/>
      </object_component>
      <object_component id="oc-4a8">
         <name>.debug_info</name>
         <load_address>0xd857</load_address>
         <run_address>0xd857</run_address>
         <size>0xca</size>
         <input_file_ref idref="fl-d0"/>
      </object_component>
      <object_component id="oc-2a2">
         <name>.debug_info</name>
         <load_address>0xd921</load_address>
         <run_address>0xd921</run_address>
         <size>0x35e</size>
         <input_file_ref idref="fl-d1"/>
      </object_component>
      <object_component id="oc-28a">
         <name>.debug_info</name>
         <load_address>0xdc7f</load_address>
         <run_address>0xdc7f</run_address>
         <size>0x128</size>
         <input_file_ref idref="fl-d1"/>
      </object_component>
      <object_component id="oc-198">
         <name>.debug_info</name>
         <load_address>0xdda7</load_address>
         <run_address>0xdda7</run_address>
         <size>0xbf2</size>
         <input_file_ref idref="fl-d1"/>
      </object_component>
      <object_component id="oc-398">
         <name>.debug_info</name>
         <load_address>0xe999</load_address>
         <run_address>0xe999</run_address>
         <size>0x46</size>
         <input_file_ref idref="fl-d1"/>
      </object_component>
      <object_component id="oc-29d">
         <name>.debug_info</name>
         <load_address>0xe9df</load_address>
         <run_address>0xe9df</run_address>
         <size>0x39</size>
         <input_file_ref idref="fl-d1"/>
      </object_component>
      <object_component id="oc-381">
         <name>.debug_info</name>
         <load_address>0xea18</load_address>
         <run_address>0xea18</run_address>
         <size>0x2c5</size>
         <input_file_ref idref="fl-d2"/>
      </object_component>
      <object_component id="oc-27e">
         <name>.debug_info</name>
         <load_address>0xecdd</load_address>
         <run_address>0xecdd</run_address>
         <size>0x24e</size>
         <input_file_ref idref="fl-d2"/>
      </object_component>
      <object_component id="oc-392">
         <name>.debug_info</name>
         <load_address>0xef2b</load_address>
         <run_address>0xef2b</run_address>
         <size>0x2f8</size>
         <input_file_ref idref="fl-d4"/>
      </object_component>
      <object_component id="oc-297">
         <name>.debug_info</name>
         <load_address>0xf223</load_address>
         <run_address>0xf223</run_address>
         <size>0x225</size>
         <input_file_ref idref="fl-d4"/>
      </object_component>
      <object_component id="oc-476">
         <name>.debug_info</name>
         <load_address>0xf448</load_address>
         <run_address>0xf448</run_address>
         <size>0x39</size>
         <input_file_ref idref="fl-d4"/>
      </object_component>
      <object_component id="oc-393">
         <name>.debug_info</name>
         <load_address>0xf481</load_address>
         <run_address>0xf481</run_address>
         <size>0x2c</size>
         <input_file_ref idref="fl-d4"/>
      </object_component>
      <object_component id="oc-3d5">
         <name>.debug_info</name>
         <load_address>0xf4ad</load_address>
         <run_address>0xf4ad</run_address>
         <size>0x361</size>
         <input_file_ref idref="fl-d5"/>
      </object_component>
      <object_component id="oc-2e1">
         <name>.debug_info</name>
         <load_address>0xf80e</load_address>
         <run_address>0xf80e</run_address>
         <size>0x7ae</size>
         <input_file_ref idref="fl-d5"/>
      </object_component>
      <object_component id="oc-3e3">
         <name>.debug_info</name>
         <load_address>0xffbc</load_address>
         <run_address>0xffbc</run_address>
         <size>0x333</size>
         <input_file_ref idref="fl-d6"/>
      </object_component>
      <object_component id="oc-2e7">
         <name>.debug_info</name>
         <load_address>0x102ef</load_address>
         <run_address>0x102ef</run_address>
         <size>0x1d1</size>
         <input_file_ref idref="fl-d6"/>
      </object_component>
      <object_component id="oc-3d9">
         <name>.debug_info</name>
         <load_address>0x104c0</load_address>
         <run_address>0x104c0</run_address>
         <size>0x18d</size>
         <input_file_ref idref="fl-d6"/>
      </object_component>
      <object_component id="oc-3df">
         <name>.debug_info</name>
         <load_address>0x1064d</load_address>
         <run_address>0x1064d</run_address>
         <size>0x16d</size>
         <input_file_ref idref="fl-d6"/>
      </object_component>
      <object_component id="oc-266">
         <name>.debug_info</name>
         <load_address>0x107ba</load_address>
         <run_address>0x107ba</run_address>
         <size>0x2c</size>
         <input_file_ref idref="fl-d6"/>
      </object_component>
      <object_component id="oc-265">
         <name>.debug_info</name>
         <load_address>0x107e6</load_address>
         <run_address>0x107e6</run_address>
         <size>0x340</size>
         <input_file_ref idref="fl-d7"/>
      </object_component>
      <object_component id="oc-170">
         <name>.debug_info</name>
         <load_address>0x10b26</load_address>
         <run_address>0x10b26</run_address>
         <size>0x208</size>
         <input_file_ref idref="fl-d7"/>
      </object_component>
      <object_component id="oc-259">
         <name>.debug_info</name>
         <load_address>0x10d2e</load_address>
         <run_address>0x10d2e</run_address>
         <size>0x1c6</size>
         <input_file_ref idref="fl-d7"/>
      </object_component>
      <object_component id="oc-25f">
         <name>.debug_info</name>
         <load_address>0x10ef4</load_address>
         <run_address>0x10ef4</run_address>
         <size>0x179</size>
         <input_file_ref idref="fl-d7"/>
      </object_component>
      <object_component id="oc-26b">
         <name>.debug_info</name>
         <load_address>0x1106d</load_address>
         <run_address>0x1106d</run_address>
         <size>0x69</size>
         <input_file_ref idref="fl-d7"/>
      </object_component>
      <object_component id="oc-1a9">
         <name>.debug_info</name>
         <load_address>0x110d6</load_address>
         <run_address>0x110d6</run_address>
         <size>0x14c</size>
         <input_file_ref idref="fl-d8"/>
      </object_component>
      <object_component id="oc-28e">
         <name>.debug_info</name>
         <load_address>0x11222</load_address>
         <run_address>0x11222</run_address>
         <size>0x128</size>
         <input_file_ref idref="fl-d9"/>
      </object_component>
      <object_component id="oc-293">
         <name>.debug_info</name>
         <load_address>0x1134a</load_address>
         <run_address>0x1134a</run_address>
         <size>0x12a</size>
         <input_file_ref idref="fl-d9"/>
      </object_component>
      <object_component id="oc-1c0">
         <name>.debug_info</name>
         <load_address>0x11474</load_address>
         <run_address>0x11474</run_address>
         <size>0x13a</size>
         <input_file_ref idref="fl-da"/>
      </object_component>
      <object_component id="oc-1ae">
         <name>.debug_info</name>
         <load_address>0x115ae</load_address>
         <run_address>0x115ae</run_address>
         <size>0x13a</size>
         <input_file_ref idref="fl-db"/>
      </object_component>
      <object_component id="oc-1b4">
         <name>.debug_info</name>
         <load_address>0x116e8</load_address>
         <run_address>0x116e8</run_address>
         <size>0x12e</size>
         <input_file_ref idref="fl-dc"/>
      </object_component>
      <object_component id="oc-19e">
         <name>.debug_info</name>
         <load_address>0x11816</load_address>
         <run_address>0x11816</run_address>
         <size>0x13e</size>
         <input_file_ref idref="fl-dd"/>
      </object_component>
      <object_component id="oc-194">
         <name>.debug_info</name>
         <load_address>0x11954</load_address>
         <run_address>0x11954</run_address>
         <size>0x12c</size>
         <input_file_ref idref="fl-de"/>
      </object_component>
      <object_component id="oc-1cb">
         <name>.debug_info</name>
         <load_address>0x11a80</load_address>
         <run_address>0x11a80</run_address>
         <size>0x12c</size>
         <input_file_ref idref="fl-df"/>
      </object_component>
      <object_component id="oc-40">
         <name>.debug_info</name>
         <load_address>0x11bac</load_address>
         <run_address>0x11bac</run_address>
         <size>0x119</size>
         <input_file_ref idref="fl-e0"/>
      </object_component>
      <object_component id="oc-1a5">
         <name>.debug_info</name>
         <load_address>0x11cc5</load_address>
         <run_address>0x11cc5</run_address>
         <size>0x12e</size>
         <input_file_ref idref="fl-e1"/>
      </object_component>
      <object_component id="oc-95">
         <name>.debug_info</name>
         <load_address>0x11df3</load_address>
         <run_address>0x11df3</run_address>
         <size>0x2d4</size>
         <input_file_ref idref="fl-e2"/>
      </object_component>
      <object_component id="oc-54">
         <name>.debug_info</name>
         <load_address>0x120c7</load_address>
         <run_address>0x120c7</run_address>
         <size>0x1b5</size>
         <input_file_ref idref="fl-e2"/>
      </object_component>
      <object_component id="oc-90">
         <name>.debug_info</name>
         <load_address>0x1227c</load_address>
         <run_address>0x1227c</run_address>
         <size>0x46</size>
         <input_file_ref idref="fl-e2"/>
      </object_component>
      <object_component id="oc-49">
         <name>.debug_info</name>
         <load_address>0x122c2</load_address>
         <run_address>0x122c2</run_address>
         <size>0x2a8</size>
         <input_file_ref idref="fl-e3"/>
      </object_component>
      <object_component id="oc-1c">
         <name>.debug_info</name>
         <load_address>0x1256a</load_address>
         <run_address>0x1256a</run_address>
         <size>0x1ea</size>
         <input_file_ref idref="fl-e3"/>
      </object_component>
      <object_component id="oc-44">
         <name>.debug_info</name>
         <load_address>0x12754</load_address>
         <run_address>0x12754</run_address>
         <size>0x46</size>
         <input_file_ref idref="fl-e3"/>
      </object_component>
      <object_component id="oc-88">
         <name>.debug_info</name>
         <load_address>0x1279a</load_address>
         <run_address>0x1279a</run_address>
         <size>0x2c</size>
         <input_file_ref idref="fl-e3"/>
      </object_component>
      <object_component id="oc-86">
         <name>.debug_info</name>
         <load_address>0x127c6</load_address>
         <run_address>0x127c6</run_address>
         <size>0x29e</size>
         <input_file_ref idref="fl-e4"/>
      </object_component>
      <object_component id="oc-18">
         <name>.debug_info</name>
         <load_address>0x12a64</load_address>
         <run_address>0x12a64</run_address>
         <size>0x250</size>
         <input_file_ref idref="fl-e4"/>
      </object_component>
      <object_component id="oc-34">
         <name>.debug_info</name>
         <load_address>0x12cb4</load_address>
         <run_address>0x12cb4</run_address>
         <size>0x60</size>
         <input_file_ref idref="fl-e4"/>
      </object_component>
      <object_component id="oc-c7">
         <name>.debug_info</name>
         <load_address>0x12d14</load_address>
         <run_address>0x12d14</run_address>
         <size>0x46</size>
         <input_file_ref idref="fl-e4"/>
      </object_component>
      <object_component id="oc-81">
         <name>.debug_info</name>
         <load_address>0x12d5a</load_address>
         <run_address>0x12d5a</run_address>
         <size>0x39</size>
         <input_file_ref idref="fl-e4"/>
      </object_component>
      <object_component id="oc-70">
         <name>.debug_info</name>
         <load_address>0x12d93</load_address>
         <run_address>0x12d93</run_address>
         <size>0x3b2</size>
         <input_file_ref idref="fl-e5"/>
      </object_component>
      <object_component id="oc-25">
         <name>.debug_info</name>
         <load_address>0x13145</load_address>
         <run_address>0x13145</run_address>
         <size>0x10c</size>
         <input_file_ref idref="fl-e5"/>
      </object_component>
      <object_component id="oc-3b1">
         <name>.debug_info</name>
         <load_address>0x13251</load_address>
         <run_address>0x13251</run_address>
         <size>0x13f</size>
         <input_file_ref idref="fl-e5"/>
      </object_component>
      <object_component id="oc-2bd">
         <name>.debug_info</name>
         <load_address>0x13390</load_address>
         <run_address>0x13390</run_address>
         <size>0x168</size>
         <input_file_ref idref="fl-e5"/>
      </object_component>
      <object_component id="oc-2c5">
         <name>.debug_info</name>
         <load_address>0x134f8</load_address>
         <run_address>0x134f8</run_address>
         <size>0x18e</size>
         <input_file_ref idref="fl-e5"/>
      </object_component>
      <object_component id="oc-2cb">
         <name>.debug_info</name>
[...]
      </symbol>
      <symbol id="sm-377">
         <name>oi_update</name>
         <value>0x2d9</value>
         <object_component_ref idref="oc-107"/>
      </symbol>
      <symbol id="sm-378">
         <name>oi_uartInit</name>
         <value>0x98d</value>
         <object_component_ref idref="oc-107"/>
      </symbol>
      <symbol id="sm-3bb">
         <name>timer_val_start</name>
         <value>0x20002a08</value>
         <object_component_ref idref="oc-1c4"/>
      </symbol>
      <symbol id="sm-3bc">
         <name>overflows</name>
         <value>0x20002a14</value>
         <object_component_ref idref="oc-1c4"/>
      </symbol>
      <symbol id="sm-3bd">
         <name>timer_state</name>
         <value>0x20002a10</value>
         <object_component_ref idref="oc-1c4"/>
      </symbol>
      <symbol id="sm-3be">
         <name>TIMER3B_Handler</name>
         <value>0x4d05</value>
         <object_component_ref idref="oc-f5"/>
      </symbol>
      <symbol id="sm-3bf">
         <name>get_cycles</name>
         <value>0x4d3d</value>
         <object_component_ref idref="oc-f5"/>
      </symbol>
      <symbol id="sm-3c0">
         <name>ping_init</name>
         <value>0x4bb5</value>
         <object_component_ref idref="oc-f5"/>
      </symbol>
      <symbol id="sm-3c1">
         <name>timer_val_end</name>
         <value>0x20002a0c</value>
         <object_component_ref idref="oc-1c4"/>
      </symbol>
      <symbol id="sm-3c2">
         <name>ping_getDistance</name>
         <value>0x4d7b</value>
         <object_component_ref idref="oc-f5"/>
      </symbol>
      <symbol id="sm-3c3">
         <name>ping_trigger</name>
         <value>0x4c7f</value>
         <object_component_ref idref="oc-f5"/>
      </symbol>
      <symbol id="sm-3fc">
         <name>servo_move</name>
         <value>0x454b</value>
         <object_component_ref idref="oc-fb"/>
      </symbol>
      <symbol id="sm-3fd">
         <name>servo_init</name>
         <value>0x44d1</value>
         <object_component_ref idref="oc-fb"/>
      </symbol>
      <symbol id="sm-3fe">
         <name>PingScan</name>
         <value>0x481d</value>
         <object_component_ref idref="oc-fb"/>
      </symbol>
      <symbol id="sm-3ff">
         <name>IRScan</name>
         <value>0x47c1</value>
         <object_component_ref idref="oc-fb"/>
      </symbol>
      <symbol id="sm-400">
         <name>servo_calibrate</name>
         <value>0x45d1</value>
         <object_component_ref idref="oc-fb"/>
      </symbol>
      <symbol id="sm-427">
         <name>load_song_to_bot</name>
         <value>0x6dd9</value>
         <object_component_ref idref="oc-20d"/>
      </symbol>
      <symbol id="sm-428">
         <name>play_song</name>
         <value>0x6e61</value>
         <object_component_ref idref="oc-20d"/>
      </symbol>
      <symbol id="sm-429">
         <name>load_songs</name>
         <value>0x6e2f</value>
         <object_component_ref idref="oc-20d"/>
      </symbol>
      <symbol id="sm-445">
         <name>ResetISR</name>
         <value>0x7aed</value>
         <object_component_ref idref="oc-2a"/>
      </symbol>
      <symbol id="sm-446">
         <name>g_pfnVectors</name>
         <value>0x0</value>
         <object_component_ref idref="oc-12"/>
      </symbol>
      <symbol id="sm-485">
         <name>UART1_Handler</name>
         <value>0x56cd</value>
         <object_component_ref idref="oc-ef"/>
      </symbol>
      <symbol id="sm-486">
         <name>command_byte</name>
         <value>0x20002a28</value>
         <object_component_ref idref="oc-11a"/>
      </symbol>
      <symbol id="sm-487">
         <name>uart_sendChar</name>
         <value>0x5647</value>
         <object_component_ref idref="oc-ef"/>
      </symbol>
      <symbol id="sm-488">
         <name>uart_interrupt_init</name>
         <value>0x5561</value>
         <object_component_ref idref="oc-ef"/>
      </symbol>
      <symbol id="sm-489">
         <name>uart_sendChar4</name>
         <value>0x5663</value>
         <object_component_ref idref="oc-ef"/>
      </symbol>
      <symbol id="sm-48a">
         <name>command_flag</name>
         <value>0x20002a2c</value>
         <object_component_ref idref="oc-11a"/>
      </symbol>
      <symbol id="sm-48b">
         <name>uart_receive</name>
         <value>0x567f</value>
         <object_component_ref idref="oc-ef"/>
      </symbol>
      <symbol id="sm-48c">
         <name>uart_sendStr</name>
         <value>0x56a5</value>
         <object_component_ref idref="oc-ef"/>
      </symbol>
      <symbol id="sm-4e8">
         <name>scanPointArray</name>
         <value>0x20002270</value>
      </symbol>
      <symbol id="sm-4e9">
         <name>objectArray</name>
         <value>0x200026a8</value>
      </symbol>
      <symbol id="sm-4ea">
         <name>suck</name>
         <value>0x2aa1</value>
         <object_component_ref idref="oc-201"/>
      </symbol>
      <symbol id="sm-4eb">
         <name>clean_data</name>
         <value>0x2555</value>
         <object_component_ref idref="oc-201"/>
      </symbol>
      <symbol id="sm-4ec">
         <name>logScan</name>
         <value>0x22ad</value>
         <object_component_ref idref="oc-201"/>
      </symbol>
      <symbol id="sm-4ed">
         <name>printObjects</name>
         <value>0x247d</value>
         <object_component_ref idref="oc-201"/>
      </symbol>
      <symbol id="sm-4ee">
         <name>initalizeObject</name>
         <value>0x22ff</value>
         <object_component_ref idref="oc-201"/>
      </symbol>
      <symbol id="sm-4ef">
         <name>edge_detection</name>
         <value>0x26fb</value>
         <object_component_ref idref="oc-201"/>
      </symbol>
      <symbol id="sm-4f0">
         <name>print_obstacles</name>
         <value>0x29a1</value>
         <object_component_ref idref="oc-201"/>
      </symbol>
      <symbol id="sm-4f1">
         <name>find_smallest_object</name>
         <value>0x2855</value>
         <object_component_ref idref="oc-201"/>
      </symbol>
      <symbol id="sm-4f2">
         <name>objectDetermination</name>
         <value>0x2371</value>
         <object_component_ref idref="oc-201"/>
      </symbol>
      <symbol id="sm-4f3">
         <name>STOP_BYTE</name>
         <value>0x20002a3b</value>
         <object_component_ref idref="oc-2da"/>
      </symbol>
      <symbol id="sm-556">
         <name>__vla_dealloc</name>
         <value>0x72b9</value>
         <object_component_ref idref="oc-2f3"/>
      </symbol>
      <symbol id="sm-557">
         <name>__vla_alloc</name>
         <value>0x6275</value>
         <object_component_ref idref="oc-2ed"/>
      </symbol>
      <symbol id="sm-5ed">
         <name>pow</name>
         <value>0x18dd</value>
         <object_component_ref idref="oc-197"/>
      </symbol>
      <symbol id="sm-5ee">
         <name>powl</name>
         <value>0x18dd</value>
         <object_component_ref idref="oc-197"/>
      </symbol>
      <symbol id="sm-610">
         <name>sqrtl</name>
         <value>0x611d</value>
         <object_component_ref idref="oc-27d"/>
      </symbol>
      <symbol id="sm-611">
         <name>sqrt</name>
         <value>0x611d</value>
         <object_component_ref idref="oc-27d"/>
      </symbol>
      <symbol id="sm-639">
         <name>scalbn</name>
         <value>0x6759</value>
         <object_component_ref idref="oc-296"/>
      </symbol>
      <symbol id="sm-63a">
         <name>scalbnl</name>
         <value>0x6759</value>
         <object_component_ref idref="oc-296"/>
      </symbol>
      <symbol id="sm-63b">
         <name>ldexpl</name>
         <value>0x6759</value>
         <object_component_ref idref="oc-296"/>
      </symbol>
      <symbol id="sm-63c">
         <name>ldexp</name>
         <value>0x6759</value>
         <object_component_ref idref="oc-296"/>
      </symbol>
      <symbol id="sm-68c">
         <name>sin</name>
         <value>0x3249</value>
         <object_component_ref idref="oc-2e0"/>
      </symbol>
      <symbol id="sm-68d">
         <name>sinl</name>
         <value>0x3249</value>
         <object_component_ref idref="oc-2e0"/>
      </symbol>
      <symbol id="sm-6b4">
         <name>sprintf</name>
         <value>0x7765</value>
         <object_component_ref idref="oc-2e6"/>
      </symbol>
      <symbol id="sm-6de">
         <name>vsnprintf</name>
         <value>0x77a5</value>
         <object_component_ref idref="oc-16f"/>
      </symbol>
      <symbol id="sm-6f5">
         <name>__aeabi_dsub</name>
         <value>0x595d</value>
         <object_component_ref idref="oc-1a8"/>
      </symbol>
      <symbol id="sm-6f6">
         <name>__aeabi_dadd</name>
         <value>0x5967</value>
         <object_component_ref idref="oc-1a8"/>
      </symbol>
      <symbol id="sm-718">
         <name>__aeabi_cdcmpeq</name>
         <value>0x7039</value>
         <object_component_ref idref="oc-28c"/>
      </symbol>
      <symbol id="sm-719">
         <name>__aeabi_cdcmple</name>
         <value>0x7039</value>
         <object_component_ref idref="oc-28c"/>
      </symbol>
      <symbol id="sm-71a">
         <name>__aeabi_cdrcmple</name>
         <value>0x70bf</value>
         <object_component_ref idref="oc-291"/>
      </symbol>
      <symbol id="sm-72e">
         <name>__aeabi_ddiv</name>
         <value>0x64fd</value>
         <object_component_ref idref="oc-1bf"/>
      </symbol>
      <symbol id="sm-739">
         <name>__aeabi_dmul</name>
         <value>0x6969</value>
         <object_component_ref idref="oc-1ad"/>
      </symbol>
      <symbol id="sm-743">
         <name>__aeabi_d2iz</name>
         <value>0x76d9</value>
         <object_component_ref idref="oc-1b2"/>
      </symbol>
      <symbol id="sm-74f">
         <name>__aeabi_d2f</name>
         <value>0x7407</value>
         <object_component_ref idref="oc-19d"/>
      </symbol>
      <symbol id="sm-75a">
         <name>__aeabi_f2d</name>
         <value>0x785d</value>
         <object_component_ref idref="oc-192"/>
      </symbol>
      <symbol id="sm-764">
         <name>__aeabi_i2d</name>
         <value>0x792d</value>
         <object_component_ref idref="oc-1c8"/>
      </symbol>
      <symbol id="sm-77f">
         <name>memcpy</name>
         <value>0x6e7d</value>
         <object_component_ref idref="oc-3e"/>
      </symbol>
      <symbol id="sm-780">
         <name>__aeabi_memcpy</name>
         <value>0x6e7d</value>
         <object_component_ref idref="oc-3e"/>
      </symbol>
      <symbol id="sm-781">
         <name>__aeabi_memcpy8</name>
         <value>0x6e7d</value>
         <object_component_ref idref="oc-3e"/>
      </symbol>
      <symbol id="sm-782">
         <name>__aeabi_memcpy4</name>
         <value>0x6e7d</value>
         <object_component_ref idref="oc-3e"/>
      </symbol>
      <symbol id="sm-78c">
         <name>__aeabi_ui2d</name>
         <value>0x7985</value>
         <object_component_ref idref="oc-1a3"/>
      </symbol>
      <symbol id="sm-79e">
         <name>__TI_zero_init</name>
         <value>0x7ae1</value>
         <object_component_ref idref="oc-50"/>
      </symbol>
      <symbol id="sm-7b5">
         <name>__TI_decompress_none</name>
         <value>0x7ac7</value>
         <object_component_ref idref="oc-1b"/>
      </symbol>
      <symbol id="sm-7d8">
         <name>__TI_decompress_lzss</name>
         <value>0x7475</value>
         <object_component_ref idref="oc-15"/>
      </symbol>
      <symbol id="sm-882">
         <name>_sys_memory</name>
         <value>0x20001270</value>
         <object_component_ref idref="oc-24"/>
      </symbol>
      <symbol id="sm-883">
         <name>free</name>
         <value>0x6b5d</value>
         <object_component_ref idref="oc-1e5"/>
      </symbol>
      <symbol id="sm-884">
         <name>realloc</name>
         <value>0x6c41</value>
         <object_component_ref idref="oc-3f0"/>
      </symbol>
      <symbol id="sm-885">
         <name>memalign</name>
         <value>0x6869</value>
         <object_component_ref idref="oc-3a9"/>
      </symbol>
      <symbol id="sm-886">
         <name>calloc</name>
         <value>0x7825</value>
         <object_component_ref idref="oc-1df"/>
      </symbol>
      <symbol id="sm-887">
         <name>malloc</name>
         <value>0x7b0d</value>
         <object_component_ref idref="oc-2ba"/>
      </symbol>
      <symbol id="sm-888">
         <name>aligned_alloc</name>
         <value>0x6869</value>
         <object_component_ref idref="oc-3a9"/>
      </symbol>
      <symbol id="sm-897">
         <name>strcmp</name>
         <value>0x7a3f</value>
         <object_component_ref idref="oc-175"/>
      </symbol>
      <symbol id="sm-8a5">
         <name>strcpy</name>
         <value>0x7a6d</value>
         <object_component_ref idref="oc-17b"/>
      </symbol>
      <symbol id="sm-8b3">
         <name>strlen</name>
         <value>0x7a81</value>
         <object_component_ref idref="oc-1b7"/>
      </symbol>
      <symbol id="sm-919">
         <name>__kernel_rem_pio2</name>
         <value>0x2b11</value>
         <object_component_ref idref="oc-3c8"/>
      </symbol>
      <symbol id="sm-92c">
         <name>__stack</name>
         <value>0x20000270</value>
         <object_component_ref idref="oc-27"/>
      </symbol>
      <symbol id="sm-92d">
         <name>_c_int00_noargs</name>
         <value>0x78c9</value>
         <object_component_ref idref="oc-5c"/>
      </symbol>
      <symbol id="sm-943">
         <name>__aeabi_errno_addr</name>
         <value>0x7b05</value>
         <object_component_ref idref="oc-283"/>
      </symbol>
      <symbol id="sm-944">
         <name>errno</name>
         <value>0x20002a30</value>
         <object_component_ref idref="oc-382"/>
      </symbol>
      <symbol id="sm-94e">
         <name>__abort_execution</name>
         <value>0x7b15</value>
         <object_component_ref idref="oc-3e4"/>
      </symbol>
      <symbol id="sm-958">
         <name>copysign</name>
         <value>0x79dd</value>
         <object_component_ref idref="oc-38b"/>
      </symbol>
      <symbol id="sm-959">
         <name>copysignl</name>
         <value>0x79dd</value>
         <object_component_ref idref="oc-38b"/>
      </symbol>
      <symbol id="sm-96f">
         <name>__kernel_cos</name>
         <value>0x5fad</value>
         <object_component_ref idref="oc-3ce"/>
      </symbol>
      <symbol id="sm-986">
         <name>__kernel_sin</name>
         <value>0x5e39</value>
         <object_component_ref idref="oc-3c2"/>
      </symbol>
      <symbol id="sm-9a3">
         <name>floorl</name>
         <value>0x6a65</value>
         <object_component_ref idref="oc-488"/>
      </symbol>
      <symbol id="sm-9a4">
         <name>floor</name>
         <value>0x6a65</value>
         <object_component_ref idref="oc-488"/>
      </symbol>
      <symbol id="sm-b09">
         <name>__TI_printfi</name>
         <value>0xe8d</value>
         <object_component_ref idref="oc-252"/>
      </symbol>
      <symbol id="sm-b18">
         <name>__aeabi_memset</name>
         <value>0x71c7</value>
         <object_component_ref idref="oc-96"/>
      </symbol>
      <symbol id="sm-b19">
         <name>memset</name>
         <value>0x71cd</value>
         <object_component_ref idref="oc-96"/>
      </symbol>
      <symbol id="sm-b1a">
         <name>__aeabi_memset8</name>
         <value>0x71c7</value>
         <object_component_ref idref="oc-96"/>
      </symbol>
      <symbol id="sm-b1b">
         <name>__aeabi_memset4</name>
         <value>0x71c7</value>
         <object_component_ref idref="oc-96"/>
      </symbol>
      <symbol id="sm-b1c">
         <name>__aeabi_memclr8</name>
         <value>0x71c5</value>
         <object_component_ref idref="oc-96"/>
      </symbol>
      <symbol id="sm-b1d">
         <name>__aeabi_memclr4</name>
         <value>0x71c5</value>
         <object_component_ref idref="oc-96"/>
      </symbol>
      <symbol id="sm-b1e">
         <name>__aeabi_memclr</name>
         <value>0x71c5</value>
         <object_component_ref idref="oc-96"/>
      </symbol>
      <symbol id="sm-b2b">
         <name>__aeabi_uldivmod</name>
         <value>0x6f19</value>
         <object_component_ref idref="oc-424"/>
      </symbol>
      <symbol id="sm-b53">
         <name>__TI_auto_init_nobinit_nopinit</name>
         <value>0x7721</value>
         <object_component_ref idref="oc-130"/>
      </symbol>
      <symbol id="sm-b5d">
         <name>_system_pre_init</name>
         <value>0x7b19</value>
         <object_component_ref idref="oc-9c"/>
      </symbol>
      <symbol id="sm-b69">
         <name>C$$EXIT</name>
         <value>0x7b1d</value>
         <object_component_ref idref="oc-124"/>
      </symbol>
      <symbol id="sm-b6a">
         <name>abort</name>
         <value>0x7b1d</value>
         <object_component_ref idref="oc-124"/>
      </symbol>
      <symbol id="sm-b7f">
         <name>_nop</name>
         <value>0x18db</value>
         <object_component_ref idref="oc-30f"/>
      </symbol>
      <symbol id="sm-b80">
         <name>_lock</name>
         <value>0x20002a18</value>
         <object_component_ref idref="oc-22a"/>
      </symbol>
      <symbol id="sm-b81">
         <name>_unlock</name>
         <value>0x20002a1c</value>
         <object_component_ref idref="oc-22a"/>
      </symbol>
      <symbol id="sm-b90">
         <name>__TI_ltoa</name>
         <value>0x7597</value>
         <object_component_ref idref="oc-42a"/>
      </symbol>
      <symbol id="sm-ba7">
         <name>atoi</name>
         <value>0x768d</value>
         <object_component_ref idref="oc-33c"/>
      </symbol>
      <symbol id="sm-bb2">
         <name>_ctypes_</name>
         <value>0x7c78</value>
         <object_component_ref idref="oc-41f"/>
      </symbol>
      <symbol id="sm-bc2">
         <name>memccpy</name>
         <value>0x79c1</value>
         <object_component_ref idref="oc-360"/>
      </symbol>
      <symbol id="sm-bd2">
         <name>strchr</name>
         <value>0x7a57</value>
         <object_component_ref idref="oc-451"/>
      </symbol>
      <symbol id="sm-beb">
         <name>wcslen</name>
         <value>0x7a95</value>
         <object_component_ref idref="oc-366"/>
      </symbol>
      <symbol id="sm-c01">
         <name>frexpl</name>
         <value>0x74dd</value>
         <object_component_ref idref="oc-44b"/>
      </symbol>
      <symbol id="sm-c02">
         <name>frexp</name>
         <value>0x74dd</value>
         <object_component_ref idref="oc-44b"/>
      </symbol>
      <symbol id="sm-c0c">
         <name>__aeabi_idiv0</name>
         <value>0x488b</value>
         <object_component_ref idref="oc-4b7"/>
      </symbol>
      <symbol id="sm-c0d">
         <name>__aeabi_ldiv0</name>
         <value>0x488b</value>
         <object_component_ref idref="oc-4b7"/>
      </symbol>
      <symbol id="sm-c3c">
         <name>IntRegister</name>
         <value>0x7895</value>
         <object_component_ref idref="oc-164"/>
      </symbol>
      <symbol id="sm-c3d">
         <name>g_pfnRAMVectors</name>
         <value>0x20000000</value>
         <object_component_ref idref="oc-246"/>
      </symbol>
      <symbol id="sm-c3e">
         <name>IntMasterEnable</name>
         <value>0x7aa7</value>
         <object_component_ref idref="oc-e3"/>
      </symbol>
      <symbol id="sm-c48">
         <name>CPUcpsie</name>
         <value>0x7ad5</value>
         <object_component_ref idref="oc-18b"/>
      </symbol>
      <symbol id="sm-c49">
         <name>__TI_static_base__</name>
         <value>0x0</value>
      </symbol>
      <symbol id="sm-c4c">
         <name>__mpu_init</name>
         <value>0x0</value>
      </symbol>
      <symbol id="sm-c4d">
         <name>_system_post_cinit</name>
         <value>0x0</value>
      </symbol>
   </symbol_table>
   <title>Link successful</title>
</link_info>
