******************************************************************************
                  TI ARM Linker PC v20.2.7                     
******************************************************************************
>> Linked Wed May  6 02:13:10 2026

OUTPUT FILE NAME:   <Lab11.out>
ENTRY POINT SYMBOL: "_c_int00_noargs"  address: 000078c9


MEMORY CONFIGURATION

         name            origin    length      used     unused   attr    fill
----------------------  --------  ---------  --------  --------  ----  --------
  FLASH                 00000000   00040000  00007e53  000381ad  R  X
  SRAM                  20000000   00008000  00002a38  000055c8  RW X


SEGMENT ALLOCATION MAP

run origin  load origin   length   init length attrs members
----------  ----------- ---------- ----------- ----- -------
00000000    00000000    00007e58   00007e58    r-x
  00000000    00000000    0000026c   0000026c    r-- .intvecs
  0000026c    0000026c    000078b4   000078b4    r-x .text
  00007b20    00007b20    000002db   000002db    r-- .const
  00007e00    00007e00    00000058   00000058    r-- .cinit
20000000    20000000    00002a3c   00000000    rw-
  20000000    20000000    0000026c   00000000    rw- .vtable
  20000270    20000270    00001000   00000000    rw- .stack
  20001270    20001270    00001000   00000000    rw- .sysmem
  20002270    20002270    00000778   00000000    rw- .bss
  200029e8    200029e8    00000054   00000000    rw- .data


SECTION ALLOCATION MAP

 output                                  attributes/
section   page    origin      length       input sections
--------  ----  ----------  ----------   ----------------
.intvecs   0    00000000    0000026c     
                  00000000    0000026c     tm4c1231h6pm_startup_ccs.obj (.intvecs)

.text      0    0000026c    000078b4     
                  0000026c    00000c20     open_interface.obj (.text)
                  00000e8c    00000a4e     rtsv7M4_T_le_v4SPD16_eabi.lib : _printfi.c.obj (.text:__TI_printfi)
                  000018da    00000002                                   : _lock.c.obj (.text:_nop)
                  000018dc    000009d0                                   : e_pow.c.obj (.text:pow)
                  000022ac    00000864     utility.obj (.text)
                  00002b10    00000738     rtsv7M4_T_le_v4SPD16_eabi.lib : k_rem_pio2.c.obj (.text:__kernel_rem_pio2)
                  00003248    000005e0                                   : s_sin.c.obj (.text:sin)
                  00003828    00000470     movement.obj (.text)
                  00003c98    00000430     i2c.obj (.text)
                  000040c8    00000408     imu.obj (.text)
                  000044d0    000003ba     servo.obj (.text)
                  0000488a    00000002     rtsv7M4_T_le_v4SPD16_eabi.lib : div0.asm.obj (.text)
                  0000488c    00000328     lcd.obj (.text)
                  00004bb4    00000294     ping.obj (.text)
                  00004e48    00000270     rtsv7M4_T_le_v4SPD16_eabi.lib : _printfi.c.obj (.text:_pconv_a)
                  000050b8    00000260     manual.obj (.text)
                  00005318    00000248     Timer.obj (.text)
                  00005560    0000022c     uart-interrupt.obj (.text)
                  0000578c    000001d0     rtsv7M4_T_le_v4SPD16_eabi.lib : _printfi.c.obj (.text:_pconv_g)
                  0000595c    000001b6                                   : fd_add_t2.asm.obj (.text)
                  00005b12    00000002     --HOLE-- [fill = 0]
                  00005b14    000001a0     boundary.obj (.text)
                  00005cb4    00000184     adc.obj (.text)
                  00005e38    00000174     rtsv7M4_T_le_v4SPD16_eabi.lib : k_sin.c.obj (.text:__kernel_sin)
                  00005fac    00000170                                   : k_cos.c.obj (.text:__kernel_cos)
                  0000611c    00000158                                   : e_sqrt.c.obj (.text:sqrt)
                  00006274    0000014c                                   : vla_alloc.c.obj (.text:__vla_alloc)
                  000063c0    0000013c                                   : _printfi.c.obj (.text:_pconv_e)
                  000064fc    00000136                                   : fd_div_t2.asm.obj (.text)
                  00006632    00000002     --HOLE-- [fill = 0]
                  00006634    00000124                                   : _printfi.c.obj (.text:fcvt)
                  00006758    00000110                                   : s_scalbn.c.obj (.text:scalbn)
                  00006868    00000100                                   : memory.c.obj (.text:aligned_alloc)
                  00006968    000000fc                                   : fd_mul_t2.asm.obj (.text)
                  00006a64    000000f8                                   : s_floor.c.obj (.text:floor)
                  00006b5c    000000e4                                   : memory.c.obj (.text:free)
                  00006c40    000000e4                                   : memory.c.obj (.text:realloc)
                  00006d24    000000b1                                   : _printfi.c.obj (.text:_ltostr)
                  00006dd5    00000003     --HOLE-- [fill = 0]
                  00006dd8    000000a4     song.obj (.text)
                  00006e7c    0000009c     rtsv7M4_T_le_v4SPD16_eabi.lib : memcpy_t2.asm.obj (.text)
                  00006f18    00000096                                   : ull_div_t2.asm.obj (.text)
                  00006fae    00000002     --HOLE-- [fill = 0]
                  00006fb0    00000088     button.obj (.text)
                  00007038    00000086     rtsv7M4_T_le_v4SPD16_eabi.lib : fd_cmp_t2.asm.obj (.text:__aeabi_cdcmple)
                  000070be    00000086                                   : fd_cmp_t2.asm.obj (.text:__aeabi_cdrcmple)
                  00007144    00000080     main.obj (.text)
                  000071c4    0000007a     rtsv7M4_T_le_v4SPD16_eabi.lib : memset_t2.asm.obj (.text)
                  0000723e    00000002     --HOLE-- [fill = 0]
                  00007240    00000078                                   : vla_alloc.c.obj (.text:_ZN33_INTERNAL_11_vla_alloc_c_be8bd49b21free_dead_allocationsEPv)
                  000072b8    00000070                                   : vla_alloc.c.obj (.text:__vla_dealloc)
                  00007328    00000070                                   : memory.c.obj (.text:split)
                  00007398    0000006e                                   : _printfi.c.obj (.text:_mcpy)
                  00007406    0000006e                                   : fd_tos_t2.asm.obj (.text)
                  00007474    00000068                                   : copy_decompress_lzss.c.obj (.text:decompress:lzss:__TI_decompress_lzss)
                  000074dc    00000064                                   : s_frexp.c.obj (.text:frexp)
                  00007540    00000056                                   : _printfi.c.obj (.text:_pconv_f)
                  00007596    00000054                                   : _ltoa.c.obj (.text:__TI_ltoa)
                  000075ea    00000052                                   : _printfi.c.obj (.text:_ecpy)
                  0000763c    00000050     logMessage.obj (.text)
                  0000768c    0000004c     rtsv7M4_T_le_v4SPD16_eabi.lib : atoi.c.obj (.text:atoi)
                  000076d8    00000048                                   : fd_toi_t2.asm.obj (.text)
                  00007720    00000044                                   : autoinit.c.obj (.text:__TI_auto_init_nobinit_nopinit:__TI_auto_init_nobinit_nopinit)
                  00007764    00000040                                   : sprintf.c.obj (.text:sprintf)
                  000077a4    00000040                                   : vsnprintf.c.obj (.text:vsnprintf)
                  000077e4    0000003e                                   : _printfi.c.obj (.text:_fcpy)
                  00007822    00000002     --HOLE-- [fill = 0]
                  00007824    00000038                                   : memory.c.obj (.text:calloc)
                  0000785c    00000038                                   : fs_tod_t2.asm.obj (.text)
                  00007894    00000034     driverlib.lib : interrupt.obj (.text:IntRegister)
                  000078c8    00000034     rtsv7M4_T_le_v4SPD16_eabi.lib : boot_cortex_m.c.obj (.text:_c_int00_noargs:_c_int00_noargs)
                  000078fc    00000030                                   : vsnprintf.c.obj (.text:_outs)
                  0000792c    0000002e                                   : i_tofd_t2.asm.obj (.text)
                  0000795a    00000002     --HOLE-- [fill = 0]
                  0000795c    00000028                                   : memory.c.obj (.text:free_list_insert)
                  00007984    00000020                                   : u_tofd_t2.asm.obj (.text)
                  000079a4    0000001c                                   : memory.c.obj (.text:free_list_remove)
                  000079c0    0000001c                                   : memccpy.c.obj (.text:memccpy)
                  000079dc    0000001a                                   : s_copysign.c.obj (.text:copysign)
                  000079f6    00000018                                   : vsnprintf.c.obj (.text:_outc)
                  00007a0e    00000018                                   : sprintf.c.obj (.text:_outs)
                  00007a26    00000018     open_interface.obj (.text:oi_parseInt)
                  00007a3e    00000018     rtsv7M4_T_le_v4SPD16_eabi.lib : strcmp.c.obj (.text:strcmp)
                  00007a56    00000016                                   : strchr.c.obj (.text:strchr)
                  00007a6c    00000014                                   : strcpy.c.obj (.text:strcpy)
                  00007a80    00000014                                   : strlen.c.obj (.text:strlen)
                  00007a94    00000012                                   : wcslen.c.obj (.text:wcslen)
                  00007aa6    00000010     driverlib.lib : interrupt.obj (.text:IntMasterEnable)
                  00007ab6    00000010     lcd.obj (.text:lcd_clear)
                  00007ac6    0000000e     rtsv7M4_T_le_v4SPD16_eabi.lib : copy_decompress_none.c.obj (.text:decompress:none:__TI_decompress_none)
                  00007ad4    0000000c     driverlib.lib : cpu.obj (.text:CPUcpsie)
                  00007ae0    0000000c     rtsv7M4_T_le_v4SPD16_eabi.lib : copy_zero_init.c.obj (.text:decompress:ZI:__TI_zero_init)
                  00007aec    0000000c     tm4c1231h6pm_startup_ccs.obj (.text)
                  00007af8    0000000a     rtsv7M4_T_le_v4SPD16_eabi.lib : sprintf.c.obj (.text:_outc)
                  00007b02    00000002     --HOLE-- [fill = 0]
                  00007b04    00000008                                   : errno.c.obj (.text:__aeabi_errno_addr)
                  00007b0c    00000008                                   : memory.c.obj (.text:malloc)
                  00007b14    00000004                                   : error.c.obj (.text:__abort_execution)
                  00007b18    00000004                                   : pre_init.c.obj (.text:_system_pre_init)
                  00007b1c    00000004                                   : exit.c.obj (.text:abort:abort)

.const     0    00007b20    000002db     
                  00007b20    00000158     rtsv7M4_T_le_v4SPD16_eabi.lib : k_rem_pio2.c.obj (.const:$O1$$)
                  00007c78    00000101                                   : ctype.c.obj (.const:.string:_ctypes_)
                  00007d79    00000004     lcd.obj (.const:.string:lineAddress$1)
                  00007d7d    00000003     --HOLE-- [fill = 0]
                  00007d80    00000030     rtsv7M4_T_le_v4SPD16_eabi.lib : e_pow.c.obj (.const:$O1$$)
                  00007db0    00000014     song.obj (.const:.string:$P$T0$1)
                  00007dc4    00000014     song.obj (.const:.string:$P$T1$2)
                  00007dd8    00000010     boundary.obj (.const:$P$T0$1)
                  00007de8    0000000f     open_interface.obj (.const:.string:$P$T0$3)
                  00007df7    00000004     lcd.obj (.const:.string:lineAddresses$2)

.cinit     0    00007e00    00000058     
                  00007e00    00000024     (.cinit..data.load) [load image, compression = lzss]
                  00007e24    0000000c     (__TI_handler_table)
                  00007e30    00000008     (.cinit..bss.load) [load image, compression = zero_init]
                  00007e38    00000008     (.cinit..vtable.load) [load image, compression = zero_init]
                  00007e40    00000018     (__TI_cinit_table)

.init_array 
*          0    00000000    00000000     UNINITIALIZED

.vtable    0    20000000    0000026c     UNINITIALIZED
                  20000000    0000026c     driverlib.lib : interrupt.obj (.vtable)

.stack     0    20000270    00001000     UNINITIALIZED
                  20000270    00000004     rtsv7M4_T_le_v4SPD16_eabi.lib : boot_cortex_m.c.obj (.stack)
                  20000274    00000ffc     --HOLE--

.sysmem    0    20001270    00001000     UNINITIALIZED
                  20001270    00000010     rtsv7M4_T_le_v4SPD16_eabi.lib : memory.c.obj (.sysmem)
                  20001280    00000ff0     --HOLE--

.bss       0    20002270    00000778     UNINITIALIZED
                  20002270    00000438     (.common:scanPointArray)
                  200026a8    000002d0     (.common:objectArray)
                  20002978    00000054     lcd.obj (.bss:lastbuffer$3)
                  200029cc    00000018     open_interface.obj (.bss:firmware$2)
                  200029e4    00000004     (.common:_timeout_ticks)

.data      0    200029e8    00000054     UNINITIALIZED
                  200029e8    00000020     open_interface.obj (.data)
                  20002a08    00000010     ping.obj (.data)
                  20002a18    00000008     rtsv7M4_T_le_v4SPD16_eabi.lib : _lock.c.obj (.data:$O1$$)
                  20002a20    00000008                                   : memory.c.obj (.data:$O1$$)
                  20002a28    00000008     uart-interrupt.obj (.data)
                  20002a30    00000004     rtsv7M4_T_le_v4SPD16_eabi.lib : errno.c.obj (.data)
                  20002a34    00000004                                   : vla_alloc.c.obj (.data)
                  20002a38    00000001     Timer.obj (.data)
                  20002a39    00000001     button.obj (.data)
                  20002a3a    00000001     imu.obj (.data)
                  20002a3b    00000001     utility.obj (.data)

__llvm_prf_cnts 
*          0    20000000    00000000     UNINITIALIZED

MODULE SUMMARY

       Module                         code    ro data   rw data
       ------                         ----    -------   -------
    .\
       utility.obj                    2148    0         1801   
       open_interface.obj             3128    15        56     
       movement.obj                   1136    0         0      
       i2c.obj                        1072    0         0      
       imu.obj                        1032    0         1      
       servo.obj                      954     0         0      
       lcd.obj                        824     8         84     
       ping.obj                       660     0         16     
       tm4c1231h6pm_startup_ccs.obj   12      620       0      
       manual.obj                     608     0         0      
       Timer.obj                      584     0         5      
       uart-interrupt.obj             556     0         8      
       boundary.obj                   416     16        0      
       adc.obj                        388     0         0      
       song.obj                       164     40        0      
       button.obj                     136     0         1      
       main.obj                       128     0         0      
       logMessage.obj                 80      0         0      
    +--+------------------------------+-------+---------+---------+
       Total:                         14026   699       1972   
                                                               
    C:/ti/TivaWare_C_Series-2.2.0.295/driverlib/ccs/Debug/driverlib.lib
       interrupt.obj                  68      0         620    
       cpu.obj                        12      0         0      
    +--+------------------------------+-------+---------+---------+
       Total:                         80      0         620    
                                                               
    C:\ti\ccs1271\ccs\tools\compiler\ti-cgt-arm_20.2.7.LTS\lib\rtsv7M4_T_le_v4SPD16_eabi.lib
       _printfi.c.obj                 4851    0         0      
       e_pow.c.obj                    2512    48        0      
       k_rem_pio2.c.obj               1848    344       0      
       s_sin.c.obj                    1504    0         0      
       memory.c.obj                   956     0         8      
       vla_alloc.c.obj                564     0         4      
       fd_add_t2.asm.obj              438     0         0      
       k_sin.c.obj                    372     0         0      
       k_cos.c.obj                    368     0         0      
       e_sqrt.c.obj                   344     0         0      
       fd_div_t2.asm.obj              310     0         0      
       s_scalbn.c.obj                 272     0         0      
       fd_cmp_t2.asm.obj              268     0         0      
       ctype.c.obj                    0       257       0      
       fd_mul_t2.asm.obj              252     0         0      
       s_floor.c.obj                  248     0         0      
       memcpy_t2.asm.obj              156     0         0      
       ull_div_t2.asm.obj             150     0         0      
       vsnprintf.c.obj                136     0         0      
       memset_t2.asm.obj              122     0         0      
       fd_tos_t2.asm.obj              110     0         0      
       copy_decompress_lzss.c.obj     104     0         0      
       s_frexp.c.obj                  100     0         0      
       sprintf.c.obj                  98      0         0      
       _ltoa.c.obj                    84      0         0      
       atoi.c.obj                     76      0         0      
       fd_toi_t2.asm.obj              72      0         0      
       autoinit.c.obj                 68      0         0      
       fs_tod_t2.asm.obj              56      0         0      
       boot_cortex_m.c.obj            52      0         0      
       i_tofd_t2.asm.obj              46      0         0      
       u_tofd_t2.asm.obj              32      0         0      
       memccpy.c.obj                  28      0         0      
       s_copysign.c.obj               26      0         0      
       strcmp.c.obj                   24      0         0      
       strchr.c.obj                   22      0         0      
       strcpy.c.obj                   20      0         0      
       strlen.c.obj                   20      0         0      
       wcslen.c.obj                   18      0         0      
       copy_decompress_none.c.obj     14      0         0      
       copy_zero_init.c.obj           12      0         0      
       errno.c.obj                    8       0         4      
       _lock.c.obj                    2       0         8      
       error.c.obj                    4       0         0      
       exit.c.obj                     4       0         0      
       pre_init.c.obj                 4       0         0      
       div0.asm.obj                   2       0         0      
    +--+------------------------------+-------+---------+---------+
       Total:                         16777   649       24     
                                                               
       Heap:                          0       0         4096   
       Stack:                         0       0         4096   
       Linker Generated:              0       88        0      
    +--+------------------------------+-------+---------+---------+
       Grand Total:                   30883   1436      10808  


LINKER GENERATED COPY TABLES

__TI_cinit_table @ 00007e40 records: 3, size/record: 8, table size: 24
	.data: load addr=00007e00, load size=00000024 bytes, run addr=200029e8, run size=00000054 bytes, compression=lzss
	.bss: load addr=00007e30, load size=00000008 bytes, run addr=20002270, run size=00000778 bytes, compression=zero_init
	.vtable: load addr=00007e38, load size=00000008 bytes, run addr=20000000, run size=0000026c bytes, compression=zero_init


LINKER GENERATED HANDLER TABLE

__TI_handler_table @ 00007e24 records: 3, size/record: 4, table size: 12
	index: 0, handler: __TI_zero_init
	index: 1, handler: __TI_decompress_lzss
	index: 2, handler: __TI_decompress_none


GLOBAL SYMBOLS: SORTED ALPHABETICALLY BY Name 

address   name                          
-------   ----                          
00007b1d  C$$EXIT                       
00007ad5  CPUcpsie                      
00000bc3  GPIOF_Handler                 
000047c1  IRScan                        
00007aa7  IntMasterEnable               
00007895  IntRegister                   
0000481d  PingScan                      
00007aed  ResetISR                      
20002a3b  STOP_BYTE                     
00004d05  TIMER3B_Handler               
0000441d  TIMER4B_HANDLER               
000056cd  UART1_Handler                 
20001270  __STACK_END                   
00001000  __STACK_SIZE                  
20000470  __STACK_TOP                   
00001000  __SYSMEM_SIZE                 
00007e40  __TI_CINIT_Base               
00007e58  __TI_CINIT_Limit              
00007e24  __TI_Handler_Table_Base       
00007e30  __TI_Handler_Table_Limit      
00007721  __TI_auto_init_nobinit_nopinit
00007475  __TI_decompress_lzss          
00007ac7  __TI_decompress_none          
00007597  __TI_ltoa                     
ffffffff  __TI_pprof_out_hndl           
00000e8d  __TI_printfi                  
ffffffff  __TI_prof_data_size           
ffffffff  __TI_prof_data_start          
00000000  __TI_static_base__            
00007ae1  __TI_zero_init                
00007b15  __abort_execution             
00007039  __aeabi_cdcmpeq               
00007039  __aeabi_cdcmple               
000070bf  __aeabi_cdrcmple              
00007407  __aeabi_d2f                   
000076d9  __aeabi_d2iz                  
00005967  __aeabi_dadd                  
000064fd  __aeabi_ddiv                  
00006969  __aeabi_dmul                  
0000595d  __aeabi_dsub                  
00007b05  __aeabi_errno_addr            
0000785d  __aeabi_f2d                   
0000792d  __aeabi_i2d                   
0000488b  __aeabi_idiv0                 
0000488b  __aeabi_ldiv0                 
000071c5  __aeabi_memclr                
000071c5  __aeabi_memclr4               
000071c5  __aeabi_memclr8               
00006e7d  __aeabi_memcpy                
00006e7d  __aeabi_memcpy4               
00006e7d  __aeabi_memcpy8               
000071c7  __aeabi_memset                
000071c7  __aeabi_memset4               
000071c7  __aeabi_memset8               
00007985  __aeabi_ui2d                  
00006f19  __aeabi_uldivmod              
ffffffff  __binit__                     
ffffffff  __c_args__                    
00005fad  __kernel_cos                  
00002b11  __kernel_rem_pio2             
00005e39  __kernel_sin                  
UNDEFED   __mpu_init                    
20000270  __stack                       
20000000  __start___llvm_prf_cnts       
20000000  __stop___llvm_prf_cnts        
00006275  __vla_alloc                   
000072b9  __vla_dealloc                 
000078c9  _c_int00_noargs               
00007c78  _ctypes_                      
20002a18  _lock                         
000018db  _nop                          
20002a38  _running                      
20001270  _sys_memory                   
UNDEFED   _system_post_cinit            
00007b19  _system_pre_init              
200029e4  _timeout_ticks                
20002a1c  _unlock                       
00007b1d  abort                         
00005cb5  adc_init                      
00005d4f  adc_read                      
00006869  aligned_alloc                 
0000768d  atoi                          
ffffffff  binit                         
00003ae9  bumpLeft                      
00003b3d  bumpRight                     
00006fe5  button_getButton              
00006fb1  button_init                   
00003c19  calibrateMovement             
00007825  calloc                        
00005b93  checkBoundary                 
00002555  clean_data                    
20002a28  command_byte                  
20002a2c  command_flag                  
000079dd  copysign                      
000079dd  copysignl                     
000026fb  edge_detection                
20002a30  errno                         
00002855  find_smallest_object          
00006a65  floor                         
00006a65  floorl                        
00006b5d  free                          
000074dd  frexp                         
000074dd  frexpl                        
20002a3a  g_imu_command                 
20000000  g_pfnRAMVectors               
00000000  g_pfnVectors                  
00005b15  getFrontLeftCliffSensor       
00005b31  getFrontRightCliffSensor      
00005b23  getLeftCliffSensor            
00005b3f  getRightCliffSensor           
00004d3d  get_cycles                    
00005d7b  get_distance                  
0000097f  go_charge                     
00003f71  i2c_imu_read_register         
00003ff5  i2c_imu_read_registers        
00003d6b  i2c_imu_send_addr             
00003c99  i2c_init                      
00003dcb  i2c_send_byte                 
00003e3b  i2c_send_bytes                
00004167  imu_get_heading_deg           
000040c9  imu_init                      
0000419b  imu_set_compass_mode          
00004293  imu_set_ndof_mode             
00004143  imu_write_command             
000022ff  initalizeObject               
00007ab7  lcd_clear                     
00004a61  lcd_gotoLine                  
000048c9  lcd_init                      
00004ac7  lcd_printf                    
00004989  lcd_putc                      
000049c1  lcd_puts                      
0000488d  lcd_reverseNibble             
000049df  lcd_sendCommand               
00004a1d  lcd_sendNibble                
00004a89  lcd_setCursorPos              
00006759  ldexp                         
00006759  ldexpl                        
00006dd9  load_song_to_bot              
00006e2f  load_songs                    
0000763d  logMessage                    
00007681  logMessage_init               
000022ad  logScan                       
00007145  main                          
00007b0d  malloc                        
000050b9  man_drive                     
00006869  memalign                      
000079c1  memccpy                       
00006e7d  memcpy                        
000071cd  memset                        
200029e8  motor_cal_factor_L            
200029ec  motor_cal_factor_R            
00003967  move_backward                 
00003829  move_forward                  
200026a8  objectArray                   
00002371  objectDetermination           
0000026d  oi_alloc                      
00000aa9  oi_checkFirmware              
000002c7  oi_close                      
00000279  oi_free                       
00000ded  oi_getMotorCalibrationLeft    
00000e01  oi_getMotorCalibrationRight   
000002b1  oi_init                       
00000289  oi_init_noupdate              
00000915  oi_loadSong                   
00007a27  oi_parseInt                   
0000032b  oi_parsePacket                
0000096b  oi_play_song                  
0000084b  oi_setLeds                    
00000db1  oi_setMotorCalibration        
0000088f  oi_setWheels                  
00000b51  oi_shutoff_init               
0000098d  oi_uartInit                   
00000a31  oi_uartReceive                
00000a77  oi_uartSendBuff               
00000a15  oi_uartSendChar               
00000a59  oi_uartSendStr                
000002d9  oi_update                     
00003bad  oops                          
20002a14  overflows                     
00004d7b  ping_getDistance              
00004bb5  ping_init                     
00004c7f  ping_trigger                  
00006e61  play_song                     
000018dd  pow                           
000018dd  powl                          
0000247d  printObjects                  
00005b4d  printValues                   
000029a1  print_obstacles               
00006c41  realloc                       
00006759  scalbn                        
00006759  scalbnl                       
20002270  scanPointArray                
000045d1  servo_calibrate               
000044d1  servo_init                    
0000454b  servo_move                    
00003d05  set_slave_address             
0000439d  setup_imu_timer               
00003249  sin                           
00003249  sinl                          
00007765  sprintf                       
0000611d  sqrt                          
0000611d  sqrtl                         
00007a57  strchr                        
00007a3f  strcmp                        
00007a6d  strcpy                        
00007a81  strlen                        
00002aa1  suck                          
00005437  timer_getMicros               
000053df  timer_getMillis               
00005319  timer_init                    
000053bb  timer_pause                   
000053cd  timer_resume                  
20002a10  timer_state                   
00005391  timer_stop                    
20002a0c  timer_val_end                 
20002a08  timer_val_start               
00005491  timer_waitMicros              
000054c3  timer_waitMillis              
00003a69  turn_left                     
000039ed  turn_right                    
00005561  uart_interrupt_init           
0000567f  uart_receive                  
00005647  uart_sendChar                 
00005663  uart_sendChar4                
000056a5  uart_sendStr                  
000077a5  vsnprintf                     
00007a95  wcslen                        


GLOBAL SYMBOLS: SORTED BY Symbol Address 

address   name                          
-------   ----                          
00000000  __TI_static_base__            
00000000  g_pfnVectors                  
0000026d  oi_alloc                      
00000279  oi_free                       
00000289  oi_init_noupdate              
000002b1  oi_init                       
000002c7  oi_close                      
000002d9  oi_update                     
0000032b  oi_parsePacket                
0000084b  oi_setLeds                    
0000088f  oi_setWheels                  
00000915  oi_loadSong                   
0000096b  oi_play_song                  
0000097f  go_charge                     
0000098d  oi_uartInit                   
00000a15  oi_uartSendChar               
00000a31  oi_uartReceive                
00000a59  oi_uartSendStr                
00000a77  oi_uartSendBuff               
00000aa9  oi_checkFirmware              
00000b51  oi_shutoff_init               
00000bc3  GPIOF_Handler                 
00000db1  oi_setMotorCalibration        
00000ded  oi_getMotorCalibrationLeft    
00000e01  oi_getMotorCalibrationRight   
00000e8d  __TI_printfi                  
00001000  __STACK_SIZE                  
00001000  __SYSMEM_SIZE                 
000018db  _nop                          
000018dd  pow                           
000018dd  powl                          
000022ad  logScan                       
000022ff  initalizeObject               
00002371  objectDetermination           
0000247d  printObjects                  
00002555  clean_data                    
000026fb  edge_detection                
00002855  find_smallest_object          
000029a1  print_obstacles               
00002aa1  suck                          
00002b11  __kernel_rem_pio2             
00003249  sin                           
00003249  sinl                          
00003829  move_forward                  
00003967  move_backward                 
000039ed  turn_right                    
00003a69  turn_left                     
00003ae9  bumpLeft                      
00003b3d  bumpRight                     
00003bad  oops                          
00003c19  calibrateMovement             
00003c99  i2c_init                      
00003d05  set_slave_address             
00003d6b  i2c_imu_send_addr             
00003dcb  i2c_send_byte                 
00003e3b  i2c_send_bytes                
00003f71  i2c_imu_read_register         
00003ff5  i2c_imu_read_registers        
000040c9  imu_init                      
00004143  imu_write_command             
00004167  imu_get_heading_deg           
0000419b  imu_set_compass_mode          
00004293  imu_set_ndof_mode             
0000439d  setup_imu_timer               
0000441d  TIMER4B_HANDLER               
000044d1  servo_init                    
0000454b  servo_move                    
000045d1  servo_calibrate               
000047c1  IRScan                        
0000481d  PingScan                      
0000488b  __aeabi_idiv0                 
0000488b  __aeabi_ldiv0                 
0000488d  lcd_reverseNibble             
000048c9  lcd_init                      
00004989  lcd_putc                      
000049c1  lcd_puts                      
000049df  lcd_sendCommand               
00004a1d  lcd_sendNibble                
00004a61  lcd_gotoLine                  
00004a89  lcd_setCursorPos              
00004ac7  lcd_printf                    
00004bb5  ping_init                     
00004c7f  ping_trigger                  
00004d05  TIMER3B_Handler               
00004d3d  get_cycles                    
00004d7b  ping_getDistance              
000050b9  man_drive                     
00005319  timer_init                    
00005391  timer_stop                    
000053bb  timer_pause                   
000053cd  timer_resume                  
000053df  timer_getMillis               
00005437  timer_getMicros               
00005491  timer_waitMicros              
000054c3  timer_waitMillis              
00005561  uart_interrupt_init           
00005647  uart_sendChar                 
00005663  uart_sendChar4                
0000567f  uart_receive                  
000056a5  uart_sendStr                  
000056cd  UART1_Handler                 
0000595d  __aeabi_dsub                  
00005967  __aeabi_dadd                  
00005b15  getFrontLeftCliffSensor       
00005b23  getLeftCliffSensor            
00005b31  getFrontRightCliffSensor      
00005b3f  getRightCliffSensor           
00005b4d  printValues                   
00005b93  checkBoundary                 
00005cb5  adc_init                      
00005d4f  adc_read                      
00005d7b  get_distance                  
00005e39  __kernel_sin                  
00005fad  __kernel_cos                  
0000611d  sqrt                          
0000611d  sqrtl                         
00006275  __vla_alloc                   
000064fd  __aeabi_ddiv                  
00006759  ldexp                         
00006759  ldexpl                        
00006759  scalbn                        
00006759  scalbnl                       
00006869  aligned_alloc                 
00006869  memalign                      
00006969  __aeabi_dmul                  
00006a65  floor                         
00006a65  floorl                        
00006b5d  free                          
00006c41  realloc                       
00006dd9  load_song_to_bot              
00006e2f  load_songs                    
00006e61  play_song                     
00006e7d  __aeabi_memcpy                
00006e7d  __aeabi_memcpy4               
00006e7d  __aeabi_memcpy8               
00006e7d  memcpy                        
00006f19  __aeabi_uldivmod              
00006fb1  button_init                   
00006fe5  button_getButton              
00007039  __aeabi_cdcmpeq               
00007039  __aeabi_cdcmple               
000070bf  __aeabi_cdrcmple              
00007145  main                          
000071c5  __aeabi_memclr                
000071c5  __aeabi_memclr4               
000071c5  __aeabi_memclr8               
000071c7  __aeabi_memset                
000071c7  __aeabi_memset4               
000071c7  __aeabi_memset8               
000071cd  memset                        
000072b9  __vla_dealloc                 
00007407  __aeabi_d2f                   
00007475  __TI_decompress_lzss          
000074dd  frexp                         
000074dd  frexpl                        
00007597  __TI_ltoa                     
0000763d  logMessage                    
00007681  logMessage_init               
0000768d  atoi                          
000076d9  __aeabi_d2iz                  
00007721  __TI_auto_init_nobinit_nopinit
00007765  sprintf                       
000077a5  vsnprintf                     
00007825  calloc                        
0000785d  __aeabi_f2d                   
00007895  IntRegister                   
000078c9  _c_int00_noargs               
0000792d  __aeabi_i2d                   
00007985  __aeabi_ui2d                  
000079c1  memccpy                       
000079dd  copysign                      
000079dd  copysignl                     
00007a27  oi_parseInt                   
00007a3f  strcmp                        
00007a57  strchr                        
00007a6d  strcpy                        
00007a81  strlen                        
00007a95  wcslen                        
00007aa7  IntMasterEnable               
00007ab7  lcd_clear                     
00007ac7  __TI_decompress_none          
00007ad5  CPUcpsie                      
00007ae1  __TI_zero_init                
00007aed  ResetISR                      
00007b05  __aeabi_errno_addr            
00007b0d  malloc                        
00007b15  __abort_execution             
00007b19  _system_pre_init              
00007b1d  C$$EXIT                       
00007b1d  abort                         
00007c78  _ctypes_                      
00007e24  __TI_Handler_Table_Base       
00007e30  __TI_Handler_Table_Limit      
00007e40  __TI_CINIT_Base               
00007e58  __TI_CINIT_Limit              
20000000  __start___llvm_prf_cnts       
20000000  __stop___llvm_prf_cnts        
20000000  g_pfnRAMVectors               
20000270  __stack                       
20000470  __STACK_TOP                   
20001270  __STACK_END                   
20001270  _sys_memory                   
20002270  scanPointArray                
200026a8  objectArray                   
200029e4  _timeout_ticks                
200029e8  motor_cal_factor_L            
200029ec  motor_cal_factor_R            
20002a08  timer_val_start               
20002a0c  timer_val_end                 
20002a10  timer_state                   
20002a14  overflows                     
20002a18  _lock                         
20002a1c  _unlock                       
20002a28  command_byte                  
20002a2c  command_flag                  
20002a30  errno                         
20002a38  _running                      
20002a3a  g_imu_command                 
20002a3b  STOP_BYTE                     
ffffffff  __TI_pprof_out_hndl           
ffffffff  __TI_prof_data_size           
ffffffff  __TI_prof_data_start          
ffffffff  __binit__                     
ffffffff  __c_args__                    
ffffffff  binit                         
UNDEFED   __mpu_init                    
UNDEFED   _system_post_cinit            

[227 symbols]
