******************************************************************************
                  TI ARM Linker PC v20.2.7                     
******************************************************************************
>> Linked Wed Apr 15 10:30:19 2026

OUTPUT FILE NAME:   <Lab10.out>
ENTRY POINT SYMBOL: "_c_int00_noargs"  address: 0000328d


MEMORY CONFIGURATION

         name            origin    length      used     unused   attr    fill
----------------------  --------  ---------  --------  --------  ----  --------
  FLASH                 00000000   00040000  00003611  0003c9ef  R  X
  SRAM                  20000000   00008000  00002300  00005d00  RW X


SEGMENT ALLOCATION MAP

run origin  load origin   length   init length attrs members
----------  ----------- ---------- ----------- ----- -------
00000000    00000000    00003618   00003618    r-x
  00000000    00000000    0000026c   0000026c    r-- .intvecs
  0000026c    0000026c    0000324c   0000324c    r-x .text
  000034b8    000034b8    00000109   00000109    r-- .const
  000035c8    000035c8    00000050   00000050    r-- .cinit
20000000    20000000    00002304   00000000    rw-
  20000000    20000000    0000026c   00000000    rw- .vtable
  20000270    20000270    00001000   00000000    rw- .stack
  20001270    20001270    00001000   00000000    rw- .sysmem
  20002270    20002270    00000058   00000000    rw- .bss
  200022c8    200022c8    0000003c   00000000    rw- .data


SECTION ALLOCATION MAP

 output                                  attributes/
section   page    origin      length       input sections
--------  ----  ----------  ----------   ----------------
.intvecs   0    00000000    0000026c     
                  00000000    0000026c     tm4c1231h6pm_startup_ccs.obj (.intvecs)

.text      0    0000026c    0000324c     
                  0000026c    00000a4e     rtsv7M4_T_le_v4SPD16_eabi.lib : _printfi.c.obj (.text:__TI_printfi)
                  00000cba    00000002                                   : _lock.c.obj (.text:_nop)
                  00000cbc    00000328     lcd.obj (.text)
                  00000fe4    000002b4     ping.obj (.text)
                  00001298    00000270     rtsv7M4_T_le_v4SPD16_eabi.lib : _printfi.c.obj (.text:_pconv_a)
                  00001508    00000248     Timer.obj (.text)
                  00001750    00000210     servo.obj (.text)
                  00001960    00000208     uart-interrupt.obj (.text)
                  00001b68    000001d0     rtsv7M4_T_le_v4SPD16_eabi.lib : _printfi.c.obj (.text:_pconv_g)
                  00001d38    000001b6                                   : fd_add_t2.asm.obj (.text)
                  00001eee    00000002                                   : div0.asm.obj (.text)
                  00001ef0    0000014c                                   : vla_alloc.c.obj (.text:__vla_alloc)
                  0000203c    0000013c                                   : _printfi.c.obj (.text:_pconv_e)
                  00002178    00000136                                   : fd_div_t2.asm.obj (.text)
                  000022ae    00000002     --HOLE-- [fill = 0]
                  000022b0    00000124                                   : _printfi.c.obj (.text:fcvt)
                  000023d4    00000110                                   : s_scalbn.c.obj (.text:scalbn)
                  000024e4    00000100                                   : memory.c.obj (.text:aligned_alloc)
                  000025e4    000000fc                                   : fd_mul_t2.asm.obj (.text)
                  000026e0    000000e4                                   : memory.c.obj (.text:free)
                  000027c4    000000e4                                   : memory.c.obj (.text:realloc)
                  000028a8    000000b1                                   : _printfi.c.obj (.text:_ltostr)
                  00002959    00000001     --HOLE-- [fill = 0]
                  0000295a    0000009c                                   : memcpy_t2.asm.obj (.text)
                  000029f6    00000096                                   : ull_div_t2.asm.obj (.text)
                  00002a8c    00000086                                   : fd_cmp_t2.asm.obj (.text:__aeabi_cdcmple)
                  00002b12    00000086                                   : fd_cmp_t2.asm.obj (.text:__aeabi_cdrcmple)
                  00002b98    0000007a                                   : memset_t2.asm.obj (.text)
                  00002c12    00000002     --HOLE-- [fill = 0]
                  00002c14    00000078                                   : vla_alloc.c.obj (.text:_ZN33_INTERNAL_11_vla_alloc_c_be8bd49b21free_dead_allocationsEPv)
                  00002c8c    00000070                                   : vla_alloc.c.obj (.text:__vla_dealloc)
                  00002cfc    00000070                                   : memory.c.obj (.text:split)
                  00002d6c    0000006e                                   : _printfi.c.obj (.text:_mcpy)
                  00002dda    0000006e                                   : fd_tos_t2.asm.obj (.text)
                  00002e48    00000068                                   : copy_decompress_lzss.c.obj (.text:decompress:lzss:__TI_decompress_lzss)
                  00002eb0    00000064                                   : s_frexp.c.obj (.text:frexp)
                  00002f14    00000060     logMessage.obj (.text)
                  00002f74    00000056     rtsv7M4_T_le_v4SPD16_eabi.lib : _printfi.c.obj (.text:_pconv_f)
                  00002fca    00000002     --HOLE-- [fill = 0]
                  00002fcc    00000056     lab10.obj (.text)
                  00003022    00000054     rtsv7M4_T_le_v4SPD16_eabi.lib : _ltoa.c.obj (.text:__TI_ltoa)
                  00003076    00000052                                   : _printfi.c.obj (.text:_ecpy)
                  000030c8    0000004c                                   : atoi.c.obj (.text:atoi)
                  00003114    00000048                                   : fd_toi_t2.asm.obj (.text)
                  0000315c    00000044                                   : autoinit.c.obj (.text:__TI_auto_init_nobinit_nopinit:__TI_auto_init_nobinit_nopinit)
                  000031a0    00000040                                   : vsnprintf.c.obj (.text:vsnprintf)
                  000031e0    0000003e                                   : _printfi.c.obj (.text:_fcpy)
                  0000321e    00000038                                   : fs_tod_t2.asm.obj (.text)
                  00003256    00000002     --HOLE-- [fill = 0]
                  00003258    00000034     driverlib.lib : interrupt.obj (.text:IntRegister)
                  0000328c    00000034     rtsv7M4_T_le_v4SPD16_eabi.lib : boot_cortex_m.c.obj (.text:_c_int00_noargs:_c_int00_noargs)
                  000032c0    00000030                                   : vsnprintf.c.obj (.text:_outs)
                  000032f0    0000002e                                   : i_tofd_t2.asm.obj (.text)
                  0000331e    00000002     --HOLE-- [fill = 0]
                  00003320    00000028                                   : memory.c.obj (.text:free_list_insert)
                  00003348    00000020                                   : u_tofd_t2.asm.obj (.text)
                  00003368    0000001c                                   : copy_zero_init.c.obj (.text:decompress:ZI:__TI_zero_init_nomemset:__TI_zero_init_nomemset)
                  00003384    0000001c                                   : memory.c.obj (.text:free_list_remove)
                  000033a0    0000001c                                   : memccpy.c.obj (.text:memccpy)
                  000033bc    0000001a                                   : s_copysign.c.obj (.text:copysign)
                  000033d6    00000018                                   : vsnprintf.c.obj (.text:_outc)
                  000033ee    00000018                                   : strcmp.c.obj (.text:strcmp)
                  00003406    00000016                                   : strchr.c.obj (.text:strchr)
                  0000341c    00000014                                   : strcpy.c.obj (.text:strcpy)
                  00003430    00000014                                   : strlen.c.obj (.text:strlen)
                  00003444    00000012                                   : wcslen.c.obj (.text:wcslen)
                  00003456    00000010     driverlib.lib : interrupt.obj (.text:IntMasterEnable)
                  00003466    00000010     lcd.obj (.text:lcd_clear)
                  00003476    0000000e     rtsv7M4_T_le_v4SPD16_eabi.lib : copy_decompress_none.c.obj (.text:decompress:none:__TI_decompress_none)
                  00003484    0000000c     driverlib.lib : cpu.obj (.text:CPUcpsie)
                  00003490    0000000c     tm4c1231h6pm_startup_ccs.obj (.text)
                  0000349c    00000008     rtsv7M4_T_le_v4SPD16_eabi.lib : errno.c.obj (.text:__aeabi_errno_addr)
                  000034a4    00000008                                   : memory.c.obj (.text:malloc)
                  000034ac    00000004                                   : error.c.obj (.text:__abort_execution)
                  000034b0    00000004                                   : pre_init.c.obj (.text:_system_pre_init)
                  000034b4    00000004                                   : exit.c.obj (.text:abort:abort)

.const     0    000034b8    00000109     
                  000034b8    00000101     rtsv7M4_T_le_v4SPD16_eabi.lib : ctype.c.obj (.const:.string:_ctypes_)
                  000035b9    00000004     lcd.obj (.const:.string:lineAddress$1)
                  000035bd    00000004     lcd.obj (.const:.string:lineAddresses$2)

.cinit     0    000035c8    00000050     
                  000035c8    00000015     (.cinit..data.load) [load image, compression = lzss]
                  000035dd    00000003     --HOLE-- [fill = 0]
                  000035e0    0000000c     (__TI_handler_table)
                  000035ec    00000004     --HOLE-- [fill = 0]
                  000035f0    00000008     (.cinit..bss.load) [load image, compression = zero_init]
                  000035f8    00000008     (.cinit..vtable.load) [load image, compression = zero_init]
                  00003600    00000018     (__TI_cinit_table)

.init_array 
*          0    00000000    00000000     UNINITIALIZED

.vtable    0    20000000    0000026c     UNINITIALIZED
                  20000000    0000026c     driverlib.lib : interrupt.obj (.vtable)

.stack     0    20000270    00001000     UNINITIALIZED
                  20000270    00000004     rtsv7M4_T_le_v4SPD16_eabi.lib : boot_cortex_m.c.obj (.stack)
                  20000274    00000ffc     --HOLE--

.sysmem    0    20001270    00001000     UNINITIALIZED
                  20001270    00000010     rtsv7M4_T_le_v4SPD16_eabi.lib : memory.c.obj (.sysmem)
                  20001280    00000ff0     --HOLE--

.bss       0    20002270    00000058     UNINITIALIZED
                  20002270    00000054     lcd.obj (.bss:lastbuffer$3)
                  200022c4    00000004     (.common:_timeout_ticks)

.data      0    200022c8    0000003c     UNINITIALIZED
                  200022c8    0000000d     ping.obj (.data)
                  200022d5    00000001     Timer.obj (.data)
                  200022d6    00000002     --HOLE--
                  200022d8    0000000c     servo.obj (.data)
                  200022e4    00000008     rtsv7M4_T_le_v4SPD16_eabi.lib : _lock.c.obj (.data:$O1$$)
                  200022ec    00000008                                   : memory.c.obj (.data:$O1$$)
                  200022f4    00000008     uart-interrupt.obj (.data)
                  200022fc    00000004     rtsv7M4_T_le_v4SPD16_eabi.lib : errno.c.obj (.data)
                  20002300    00000004                                   : vla_alloc.c.obj (.data)

__llvm_prf_cnts 
*          0    20000000    00000000     UNINITIALIZED

MODULE SUMMARY

       Module                         code    ro data   rw data
       ------                         ----    -------   -------
    .\
       lcd.obj                        824     8         84     
       ping.obj                       692     0         13     
       tm4c1231h6pm_startup_ccs.obj   12      620       0      
       Timer.obj                      584     0         5      
       servo.obj                      528     0         12     
       uart-interrupt.obj             520     0         8      
       logMessage.obj                 96      0         0      
       lab10.obj                      86      0         0      
    +--+------------------------------+-------+---------+---------+
       Total:                         3342    628       122    
                                                               
    C:/ti/TivaWare_C_Series-2.2.0.295/driverlib/ccs/Debug/driverlib.lib
       interrupt.obj                  68      0         620    
       cpu.obj                        12      0         0      
    +--+------------------------------+-------+---------+---------+
       Total:                         80      0         620    
                                                               
    C:\ti\ccs1271\ccs\tools\compiler\ti-cgt-arm_20.2.7.LTS\lib\rtsv7M4_T_le_v4SPD16_eabi.lib
       _printfi.c.obj                 4851    0         0      
       memory.c.obj                   900     0         8      
       vla_alloc.c.obj                564     0         4      
       fd_add_t2.asm.obj              438     0         0      
       fd_div_t2.asm.obj              310     0         0      
       s_scalbn.c.obj                 272     0         0      
       fd_cmp_t2.asm.obj              268     0         0      
       ctype.c.obj                    0       257       0      
       fd_mul_t2.asm.obj              252     0         0      
       memcpy_t2.asm.obj              156     0         0      
       ull_div_t2.asm.obj             150     0         0      
       vsnprintf.c.obj                136     0         0      
       memset_t2.asm.obj              122     0         0      
       fd_tos_t2.asm.obj              110     0         0      
       copy_decompress_lzss.c.obj     104     0         0      
       s_frexp.c.obj                  100     0         0      
       _ltoa.c.obj                    84      0         0      
       atoi.c.obj                     76      0         0      
       fd_toi_t2.asm.obj              72      0         0      
       autoinit.c.obj                 68      0         0      
       fs_tod_t2.asm.obj              56      0         0      
       boot_cortex_m.c.obj            52      0         0      
       i_tofd_t2.asm.obj              46      0         0      
       u_tofd_t2.asm.obj              32      0         0      
       copy_zero_init.c.obj           28      0         0      
       memccpy.c.obj                  28      0         0      
       s_copysign.c.obj               26      0         0      
       strcmp.c.obj                   24      0         0      
       strchr.c.obj                   22      0         0      
       strcpy.c.obj                   20      0         0      
       strlen.c.obj                   20      0         0      
       wcslen.c.obj                   18      0         0      
       copy_decompress_none.c.obj     14      0         0      
       errno.c.obj                    8       0         4      
       _lock.c.obj                    2       0         8      
       error.c.obj                    4       0         0      
       exit.c.obj                     4       0         0      
       pre_init.c.obj                 4       0         0      
       div0.asm.obj                   2       0         0      
    +--+------------------------------+-------+---------+---------+
       Total:                         9443    257       24     
                                                               
       Heap:                          0       0         4096   
       Stack:                         0       0         4096   
       Linker Generated:              0       73        0      
    +--+------------------------------+-------+---------+---------+
       Grand Total:                   12865   958       8958   


LINKER GENERATED COPY TABLES

__TI_cinit_table @ 00003600 records: 3, size/record: 8, table size: 24
	.data: load addr=000035c8, load size=00000015 bytes, run addr=200022c8, run size=0000003c bytes, compression=lzss
	.bss: load addr=000035f0, load size=00000008 bytes, run addr=20002270, run size=00000058 bytes, compression=zero_init
	.vtable: load addr=000035f8, load size=00000008 bytes, run addr=20000000, run size=0000026c bytes, compression=zero_init


LINKER GENERATED HANDLER TABLE

__TI_handler_table @ 000035e0 records: 3, size/record: 4, table size: 12
	index: 0, handler: __TI_zero_init
	index: 1, handler: __TI_decompress_lzss
	index: 2, handler: __TI_decompress_none


GLOBAL SYMBOLS: SORTED ALPHABETICALLY BY Name 

address   name                          
-------   ----                          
000034b5  C$$EXIT                       
00003485  CPUcpsie                      
00003457  IntMasterEnable               
00003259  IntRegister                   
00003491  ResetISR                      
0000113d  TIMER3B_Handler               
00001ab1  UART1_Handler                 
20001270  __STACK_END                   
00001000  __STACK_SIZE                  
20000470  __STACK_TOP                   
00001000  __SYSMEM_SIZE                 
00003600  __TI_CINIT_Base               
00003618  __TI_CINIT_Limit              
000035e0  __TI_Handler_Table_Base       
000035ec  __TI_Handler_Table_Limit      
0000315d  __TI_auto_init_nobinit_nopinit
00002e49  __TI_decompress_lzss          
00003477  __TI_decompress_none          
00003023  __TI_ltoa                     
ffffffff  __TI_pprof_out_hndl           
0000026d  __TI_printfi                  
ffffffff  __TI_prof_data_size           
ffffffff  __TI_prof_data_start          
00000000  __TI_static_base__            
00003369  __TI_zero_init_nomemset       
000034ad  __abort_execution             
00002a8d  __aeabi_cdcmpeq               
00002a8d  __aeabi_cdcmple               
00002b13  __aeabi_cdrcmple              
00002ddb  __aeabi_d2f                   
00003115  __aeabi_d2iz                  
00001d43  __aeabi_dadd                  
00002179  __aeabi_ddiv                  
000025e5  __aeabi_dmul                  
00001d39  __aeabi_dsub                  
0000349d  __aeabi_errno_addr            
0000321f  __aeabi_f2d                   
000032f1  __aeabi_i2d                   
00001eef  __aeabi_idiv0                 
00001eef  __aeabi_ldiv0                 
00002b99  __aeabi_memclr                
00002b99  __aeabi_memclr4               
00002b99  __aeabi_memclr8               
0000295b  __aeabi_memcpy                
0000295b  __aeabi_memcpy4               
0000295b  __aeabi_memcpy8               
00002b9b  __aeabi_memset                
00002b9b  __aeabi_memset4               
00002b9b  __aeabi_memset8               
00003349  __aeabi_ui2d                  
000029f7  __aeabi_uldivmod              
ffffffff  __binit__                     
ffffffff  __c_args__                    
UNDEFED   __mpu_init                    
20000270  __stack                       
20000000  __start___llvm_prf_cnts       
20000000  __stop___llvm_prf_cnts        
00001ef1  __vla_alloc                   
00002c8d  __vla_dealloc                 
0000328d  _c_int00_noargs               
000034b8  _ctypes_                      
200022e4  _lock                         
00000cbb  _nop                          
200022d5  _running                      
20001270  _sys_memory                   
UNDEFED   _system_post_cinit            
000034b1  _system_pre_init              
200022c4  _timeout_ticks                
200022e8  _unlock                       
000034b5  abort                         
000024e5  aligned_alloc                 
000030c9  atoi                          
ffffffff  binit                         
200022f4  command_byte                  
200022f8  command_flag                  
000033bd  copysign                      
000033bd  copysignl                     
200022fc  errno                         
000026e1  free                          
00002eb1  frexp                         
00002eb1  frexpl                        
200022d0  g_end_time                    
20000000  g_pfnRAMVectors               
00000000  g_pfnVectors                  
200022cc  g_start_time                  
200022d4  g_state                       
200022e0  high_pulse_width              
00003467  lcd_clear                     
00000e91  lcd_gotoLine                  
00000cf9  lcd_init                      
00000ef7  lcd_printf                    
00000db9  lcd_putc                      
00000df1  lcd_puts                      
00000cbd  lcd_reverseNibble             
00000e0f  lcd_sendCommand               
00000e4d  lcd_sendNibble                
00000eb9  lcd_setCursorPos              
000023d5  ldexp                         
000023d5  ldexpl                        
00002f15  logMessage                    
00002f65  logMessage_init               
00002fcd  main                          
000034a5  malloc                        
200022dc  match_value                   
000024e5  memalign                      
000033a1  memccpy                       
0000295b  memcpy                        
00002ba1  memset                        
200022c8  overflow_occurence            
00001185  ping_getDistance              
00000fe5  ping_init                     
000010b5  ping_trigger                  
000027c5  realloc                       
000023d5  scalbn                        
000023d5  scalbnl                       
00001751  servo_init                    
00001803  servo_move                    
200022d8  start_value                   
00003407  strchr                        
000033ef  strcmp                        
0000341d  strcpy                        
00003431  strlen                        
00001627  timer_getMicros               
000015cf  timer_getMillis               
00001509  timer_init                    
000015ab  timer_pause                   
000015bd  timer_resume                  
00001581  timer_stop                    
00001681  timer_waitMicros              
000016b3  timer_waitMillis              
00001961  uart_interrupt_init           
00001a63  uart_receive                  
00001a47  uart_sendChar                 
00001a89  uart_sendStr                  
000031a1  vsnprintf                     
00003445  wcslen                        


GLOBAL SYMBOLS: SORTED BY Symbol Address 

address   name                          
-------   ----                          
00000000  __TI_static_base__            
00000000  g_pfnVectors                  
0000026d  __TI_printfi                  
00000cbb  _nop                          
00000cbd  lcd_reverseNibble             
00000cf9  lcd_init                      
00000db9  lcd_putc                      
00000df1  lcd_puts                      
00000e0f  lcd_sendCommand               
00000e4d  lcd_sendNibble                
00000e91  lcd_gotoLine                  
00000eb9  lcd_setCursorPos              
00000ef7  lcd_printf                    
00000fe5  ping_init                     
00001000  __STACK_SIZE                  
00001000  __SYSMEM_SIZE                 
000010b5  ping_trigger                  
0000113d  TIMER3B_Handler               
00001185  ping_getDistance              
00001509  timer_init                    
00001581  timer_stop                    
000015ab  timer_pause                   
000015bd  timer_resume                  
000015cf  timer_getMillis               
00001627  timer_getMicros               
00001681  timer_waitMicros              
000016b3  timer_waitMillis              
00001751  servo_init                    
00001803  servo_move                    
00001961  uart_interrupt_init           
00001a47  uart_sendChar                 
00001a63  uart_receive                  
00001a89  uart_sendStr                  
00001ab1  UART1_Handler                 
00001d39  __aeabi_dsub                  
00001d43  __aeabi_dadd                  
00001eef  __aeabi_idiv0                 
00001eef  __aeabi_ldiv0                 
00001ef1  __vla_alloc                   
00002179  __aeabi_ddiv                  
000023d5  ldexp                         
000023d5  ldexpl                        
000023d5  scalbn                        
000023d5  scalbnl                       
000024e5  aligned_alloc                 
000024e5  memalign                      
000025e5  __aeabi_dmul                  
000026e1  free                          
000027c5  realloc                       
0000295b  __aeabi_memcpy                
0000295b  __aeabi_memcpy4               
0000295b  __aeabi_memcpy8               
0000295b  memcpy                        
000029f7  __aeabi_uldivmod              
00002a8d  __aeabi_cdcmpeq               
00002a8d  __aeabi_cdcmple               
00002b13  __aeabi_cdrcmple              
00002b99  __aeabi_memclr                
00002b99  __aeabi_memclr4               
00002b99  __aeabi_memclr8               
00002b9b  __aeabi_memset                
00002b9b  __aeabi_memset4               
00002b9b  __aeabi_memset8               
00002ba1  memset                        
00002c8d  __vla_dealloc                 
00002ddb  __aeabi_d2f                   
00002e49  __TI_decompress_lzss          
00002eb1  frexp                         
00002eb1  frexpl                        
00002f15  logMessage                    
00002f65  logMessage_init               
00002fcd  main                          
00003023  __TI_ltoa                     
000030c9  atoi                          
00003115  __aeabi_d2iz                  
0000315d  __TI_auto_init_nobinit_nopinit
000031a1  vsnprintf                     
0000321f  __aeabi_f2d                   
00003259  IntRegister                   
0000328d  _c_int00_noargs               
000032f1  __aeabi_i2d                   
00003349  __aeabi_ui2d                  
00003369  __TI_zero_init_nomemset       
000033a1  memccpy                       
000033bd  copysign                      
000033bd  copysignl                     
000033ef  strcmp                        
00003407  strchr                        
0000341d  strcpy                        
00003431  strlen                        
00003445  wcslen                        
00003457  IntMasterEnable               
00003467  lcd_clear                     
00003477  __TI_decompress_none          
00003485  CPUcpsie                      
00003491  ResetISR                      
0000349d  __aeabi_errno_addr            
000034a5  malloc                        
000034ad  __abort_execution             
000034b1  _system_pre_init              
000034b5  C$$EXIT                       
000034b5  abort                         
000034b8  _ctypes_                      
000035e0  __TI_Handler_Table_Base       
000035ec  __TI_Handler_Table_Limit      
00003600  __TI_CINIT_Base               
00003618  __TI_CINIT_Limit              
20000000  __start___llvm_prf_cnts       
20000000  __stop___llvm_prf_cnts        
20000000  g_pfnRAMVectors               
20000270  __stack                       
20000470  __STACK_TOP                   
20001270  __STACK_END                   
20001270  _sys_memory                   
200022c4  _timeout_ticks                
200022c8  overflow_occurence            
200022cc  g_start_time                  
200022d0  g_end_time                    
200022d4  g_state                       
200022d5  _running                      
200022d8  start_value                   
200022dc  match_value                   
200022e0  high_pulse_width              
200022e4  _lock                         
200022e8  _unlock                       
200022f4  command_byte                  
200022f8  command_flag                  
200022fc  errno                         
ffffffff  __TI_pprof_out_hndl           
ffffffff  __TI_prof_data_size           
ffffffff  __TI_prof_data_start          
ffffffff  __binit__                     
ffffffff  __c_args__                    
ffffffff  binit                         
UNDEFED   __mpu_init                    
UNDEFED   _system_post_cinit            

[136 symbols]
