******************************************************************************
                  TI ARM Linker PC v20.2.7                     
******************************************************************************
>> Linked Sat May  2 02:23:12 2026

OUTPUT FILE NAME:   <Lab11.out>
ENTRY POINT SYMBOL: "_c_int00_noargs"  address: 00005729


MEMORY CONFIGURATION

         name            origin    length      used     unused   attr    fill
----------------------  --------  ---------  --------  --------  ----  --------
  FLASH                 00000000   00040000  00005b0f  0003a4f1  R  X
  SRAM                  20000000   00008000  00002767  00005899  RW X


SEGMENT ALLOCATION MAP

run origin  load origin   length   init length attrs members
----------  ----------- ---------- ----------- ----- -------
00000000    00000000    00005b18   00005b18    r-x
  00000000    00000000    0000026c   0000026c    r-- .intvecs
  0000026c    0000026c    000056f0   000056f0    r-x .text
  00005960    00005960    0000015b   0000015b    r-- .const
  00005ac0    00005ac0    00000058   00000058    r-- .cinit
20000000    20000000    0000276b   00000000    rw-
  20000000    20000000    0000026c   00000000    rw- .vtable
  20000270    20000270    00001000   00000000    rw- .stack
  20001270    20001270    00001000   00000000    rw- .sysmem
  20002270    20002270    000004a8   00000000    rw- .bss
  20002718    20002718    00000053   00000000    rw- .data


SECTION ALLOCATION MAP

 output                                  attributes/
section   page    origin      length       input sections
--------  ----  ----------  ----------   ----------------
.intvecs   0    00000000    0000026c     
                  00000000    0000026c     tm4c1231h6pm_startup_ccs.obj (.intvecs)

.text      0    0000026c    000056f0     
                  0000026c    00000c20     open_interface.obj (.text)
                  00000e8c    00000a4e     rtsv7M4_T_le_v4SPD16_eabi.lib : _printfi.c.obj (.text:__TI_printfi)
                  000018da    00000002                                   : _lock.c.obj (.text:_nop)
                  000018dc    000009d0                                   : e_pow.c.obj (.text:pow)
                  000022ac    00000438     movement.obj (.text)
                  000026e4    00000394     servo.obj (.text)
                  00002a78    00000390     manual.obj (.text)
                  00002e08    00000328     lcd.obj (.text)
                  00003130    00000294     ping.obj (.text)
                  000033c4    00000270     rtsv7M4_T_le_v4SPD16_eabi.lib : _printfi.c.obj (.text:_pconv_a)
                  00003634    00000248     Timer.obj (.text)
                  0000387c    00000208     uart-interrupt.obj (.text)
                  00003a84    000001d0     rtsv7M4_T_le_v4SPD16_eabi.lib : _printfi.c.obj (.text:_pconv_g)
                  00003c54    000001b6                                   : fd_add_t2.asm.obj (.text)
                  00003e0a    00000002                                   : div0.asm.obj (.text)
                  00003e0c    000001a0     boundary.obj (.text)
                  00003fac    00000184     adc.obj (.text)
                  00004130    00000158     rtsv7M4_T_le_v4SPD16_eabi.lib : e_sqrt.c.obj (.text:sqrt)
                  00004288    0000014c                                   : vla_alloc.c.obj (.text:__vla_alloc)
                  000043d4    0000013c                                   : _printfi.c.obj (.text:_pconv_e)
                  00004510    00000136                                   : fd_div_t2.asm.obj (.text)
                  00004646    00000002     --HOLE-- [fill = 0]
                  00004648    00000124                                   : _printfi.c.obj (.text:fcvt)
                  0000476c    00000110                                   : s_scalbn.c.obj (.text:scalbn)
                  0000487c    00000100                                   : memory.c.obj (.text:aligned_alloc)
                  0000497c    000000fc                                   : fd_mul_t2.asm.obj (.text)
                  00004a78    000000e4                                   : memory.c.obj (.text:free)
                  00004b5c    000000e4                                   : memory.c.obj (.text:realloc)
                  00004c40    000000b1                                   : _printfi.c.obj (.text:_ltostr)
                  00004cf1    00000003     --HOLE-- [fill = 0]
                  00004cf4    000000a8     main.obj (.text)
                  00004d9c    0000009c     rtsv7M4_T_le_v4SPD16_eabi.lib : memcpy_t2.asm.obj (.text)
                  00004e38    00000096                                   : ull_div_t2.asm.obj (.text)
                  00004ece    00000002     --HOLE-- [fill = 0]
                  00004ed0    00000088     button.obj (.text)
                  00004f58    00000086     rtsv7M4_T_le_v4SPD16_eabi.lib : fd_cmp_t2.asm.obj (.text:__aeabi_cdcmple)
                  00004fde    00000086                                   : fd_cmp_t2.asm.obj (.text:__aeabi_cdrcmple)
                  00005064    0000007a                                   : memset_t2.asm.obj (.text)
                  000050de    00000002     --HOLE-- [fill = 0]
                  000050e0    00000078                                   : vla_alloc.c.obj (.text:_ZN33_INTERNAL_11_vla_alloc_c_be8bd49b21free_dead_allocationsEPv)
                  00005158    00000070                                   : vla_alloc.c.obj (.text:__vla_dealloc)
                  000051c8    00000070                                   : memory.c.obj (.text:split)
                  00005238    0000006e                                   : _printfi.c.obj (.text:_mcpy)
                  000052a6    0000006e                                   : fd_tos_t2.asm.obj (.text)
                  00005314    00000068                                   : copy_decompress_lzss.c.obj (.text:decompress:lzss:__TI_decompress_lzss)
                  0000537c    00000064                                   : s_frexp.c.obj (.text:frexp)
                  000053e0    00000056                                   : _printfi.c.obj (.text:_pconv_f)
                  00005436    00000054                                   : _ltoa.c.obj (.text:__TI_ltoa)
                  0000548a    00000052                                   : _printfi.c.obj (.text:_ecpy)
                  000054dc    00000050     logMessage.obj (.text)
                  0000552c    0000004c     rtsv7M4_T_le_v4SPD16_eabi.lib : atoi.c.obj (.text:atoi)
                  00005578    00000048                                   : fd_toi_t2.asm.obj (.text)
                  000055c0    00000044                                   : autoinit.c.obj (.text:__TI_auto_init_nobinit_nopinit:__TI_auto_init_nobinit_nopinit)
                  00005604    00000040                                   : vsnprintf.c.obj (.text:vsnprintf)
                  00005644    0000003e                                   : _printfi.c.obj (.text:_fcpy)
                  00005682    00000002     --HOLE-- [fill = 0]
                  00005684    00000038                                   : memory.c.obj (.text:calloc)
                  000056bc    00000038                                   : fs_tod_t2.asm.obj (.text)
                  000056f4    00000034     driverlib.lib : interrupt.obj (.text:IntRegister)
                  00005728    00000034     rtsv7M4_T_le_v4SPD16_eabi.lib : boot_cortex_m.c.obj (.text:_c_int00_noargs:_c_int00_noargs)
                  0000575c    00000030                                   : vsnprintf.c.obj (.text:_outs)
                  0000578c    0000002e                                   : i_tofd_t2.asm.obj (.text)
                  000057ba    00000002     --HOLE-- [fill = 0]
                  000057bc    00000028                                   : memory.c.obj (.text:free_list_insert)
                  000057e4    00000020                                   : u_tofd_t2.asm.obj (.text)
                  00005804    0000001c                                   : memory.c.obj (.text:free_list_remove)
                  00005820    0000001c                                   : memccpy.c.obj (.text:memccpy)
                  0000583c    0000001a                                   : s_copysign.c.obj (.text:copysign)
                  00005856    00000018                                   : vsnprintf.c.obj (.text:_outc)
                  0000586e    00000018     open_interface.obj (.text:oi_parseInt)
                  00005886    00000018     rtsv7M4_T_le_v4SPD16_eabi.lib : strcmp.c.obj (.text:strcmp)
                  0000589e    00000016                                   : strchr.c.obj (.text:strchr)
                  000058b4    00000014                                   : strcpy.c.obj (.text:strcpy)
                  000058c8    00000014                                   : strlen.c.obj (.text:strlen)
                  000058dc    00000012                                   : wcslen.c.obj (.text:wcslen)
                  000058ee    00000010     driverlib.lib : interrupt.obj (.text:IntMasterEnable)
                  000058fe    00000010     lcd.obj (.text:lcd_clear)
                  0000590e    0000000e     rtsv7M4_T_le_v4SPD16_eabi.lib : copy_decompress_none.c.obj (.text:decompress:none:__TI_decompress_none)
                  0000591c    0000000c     driverlib.lib : cpu.obj (.text:CPUcpsie)
                  00005928    0000000c     rtsv7M4_T_le_v4SPD16_eabi.lib : copy_zero_init.c.obj (.text:decompress:ZI:__TI_zero_init)
                  00005934    0000000c     tm4c1231h6pm_startup_ccs.obj (.text)
                  00005940    00000008     rtsv7M4_T_le_v4SPD16_eabi.lib : errno.c.obj (.text:__aeabi_errno_addr)
                  00005948    00000008                                   : memory.c.obj (.text:malloc)
                  00005950    00000004                                   : error.c.obj (.text:__abort_execution)
                  00005954    00000004                                   : pre_init.c.obj (.text:_system_pre_init)
                  00005958    00000004                                   : exit.c.obj (.text:abort:abort)

.const     0    00005960    0000015b     
                  00005960    00000101     rtsv7M4_T_le_v4SPD16_eabi.lib : ctype.c.obj (.const:.string:_ctypes_)
                  00005a61    00000004     lcd.obj (.const:.string:lineAddress$1)
                  00005a65    00000003     --HOLE-- [fill = 0]
                  00005a68    00000030     rtsv7M4_T_le_v4SPD16_eabi.lib : e_pow.c.obj (.const:$O1$$)
                  00005a98    00000010     boundary.obj (.const:$P$T0$1)
                  00005aa8    0000000f     open_interface.obj (.const:.string:$P$T0$3)
                  00005ab7    00000004     lcd.obj (.const:.string:lineAddresses$2)

.cinit     0    00005ac0    00000058     
                  00005ac0    00000024     (.cinit..data.load) [load image, compression = lzss]
                  00005ae4    0000000c     (__TI_handler_table)
                  00005af0    00000008     (.cinit..bss.load) [load image, compression = zero_init]
                  00005af8    00000008     (.cinit..vtable.load) [load image, compression = zero_init]
                  00005b00    00000018     (__TI_cinit_table)

.init_array 
*          0    00000000    00000000     UNINITIALIZED

.vtable    0    20000000    0000026c     UNINITIALIZED
                  20000000    0000026c     driverlib.lib : interrupt.obj (.vtable)

.stack     0    20000270    00001000     UNINITIALIZED
                  20000270    00000004     rtsv7M4_T_le_v4SPD16_eabi.lib : boot_cortex_m.c.obj (.stack)
                  20000274    00000ffc     --HOLE--

.sysmem    0    20001270    00001000     UNINITIALIZED
                  20001270    00000010     rtsv7M4_T_le_v4SPD16_eabi.lib : memory.c.obj (.sysmem)
                  20001280    00000ff0     --HOLE--

.bss       0    20002270    000004a8     UNINITIALIZED
                  20002270    00000438     (.common:scanPointArray)
                  200026a8    00000054     lcd.obj (.bss:lastbuffer$3)
                  200026fc    00000018     open_interface.obj (.bss:firmware$2)
                  20002714    00000004     (.common:_timeout_ticks)

.data      0    20002718    00000053     UNINITIALIZED
                  20002718    00000020     open_interface.obj (.data)
                  20002738    00000010     ping.obj (.data)
                  20002748    00000008     rtsv7M4_T_le_v4SPD16_eabi.lib : _lock.c.obj (.data:$O1$$)
                  20002750    00000008                                   : memory.c.obj (.data:$O1$$)
                  20002758    00000008     uart-interrupt.obj (.data)
                  20002760    00000004     rtsv7M4_T_le_v4SPD16_eabi.lib : errno.c.obj (.data)
                  20002764    00000004                                   : vla_alloc.c.obj (.data)
                  20002768    00000001     Timer.obj (.data)
                  20002769    00000001     button.obj (.data)
                  2000276a    00000001     utility.obj (.data)

__llvm_prf_cnts 
*          0    20000000    00000000     UNINITIALIZED

MODULE SUMMARY

       Module                         code    ro data   rw data
       ------                         ----    -------   -------
    .\
       open_interface.obj             3128    15        56     
       manual.obj                     912     0         1080   
       movement.obj                   1080    0         0      
       lcd.obj                        824     8         84     
       servo.obj                      916     0         0      
       ping.obj                       660     0         16     
       tm4c1231h6pm_startup_ccs.obj   12      620       0      
       Timer.obj                      584     0         5      
       uart-interrupt.obj             520     0         8      
       boundary.obj                   416     16        0      
       adc.obj                        388     0         0      
       main.obj                       168     0         0      
       button.obj                     136     0         1      
       logMessage.obj                 80      0         0      
       utility.obj                    0       0         1      
    +--+------------------------------+-------+---------+---------+
       Total:                         9824    659       1251   
                                                               
    C:/ti/TivaWare_C_Series-2.2.0.295/driverlib/ccs/Debug/driverlib.lib
       interrupt.obj                  68      0         620    
       cpu.obj                        12      0         0      
    +--+------------------------------+-------+---------+---------+
       Total:                         80      0         620    
                                                               
    C:\ti\ccs1271\ccs\tools\compiler\ti-cgt-arm_20.2.7.LTS\lib\rtsv7M4_T_le_v4SPD16_eabi.lib
       _printfi.c.obj                 4851    0         0      
       e_pow.c.obj                    2512    48        0      
       memory.c.obj                   956     0         8      
       vla_alloc.c.obj                564     0         4      
       fd_add_t2.asm.obj              438     0         0      
       e_sqrt.c.obj                   344     0         0      
       fd_div_t2.asm.obj              310     0         0      
       s_scalbn.c.obj                 272     0         0      
       fd_cmp_t2.asm.obj              268     0         0      
       ctype.c.obj                    0       257       0      
       fd_mul_t2.asm.obj              252     0         0      
       memcpy_t2.asm.obj              156     0         0      
       ull_div_t2.asm.obj             150     0         0      
       vsnprintf.c.obj                136     0         0      
       memset_t2.asm.obj              122     0         0      
       fd_tos_t2.asm.obj              110     0         0      
       copy_decompress_lzss.c.obj     104     0         0      
       s_frexp.c.obj                  100     0         0      
       _ltoa.c.obj                    84      0         0      
       atoi.c.obj                     76      0         0      
       fd_toi_t2.asm.obj              72      0         0      
       autoinit.c.obj                 68      0         0      
       fs_tod_t2.asm.obj              56      0         0      
       boot_cortex_m.c.obj            52      0         0      
       i_tofd_t2.asm.obj              46      0         0      
       u_tofd_t2.asm.obj              32      0         0      
       memccpy.c.obj                  28      0         0      
       s_copysign.c.obj               26      0         0      
       strcmp.c.obj                   24      0         0      
       strchr.c.obj                   22      0         0      
       strcpy.c.obj                   20      0         0      
       strlen.c.obj                   20      0         0      
       wcslen.c.obj                   18      0         0      
       copy_decompress_none.c.obj     14      0         0      
       copy_zero_init.c.obj           12      0         0      
       errno.c.obj                    8       0         4      
       _lock.c.obj                    2       0         8      
       error.c.obj                    4       0         0      
       exit.c.obj                     4       0         0      
       pre_init.c.obj                 4       0         0      
       div0.asm.obj                   2       0         0      
    +--+------------------------------+-------+---------+---------+
       Total:                         12339   305       24     
                                                               
       Heap:                          0       0         4096   
       Stack:                         0       0         4096   
       Linker Generated:              0       88        0      
    +--+------------------------------+-------+---------+---------+
       Grand Total:                   22243   1052      10087  


LINKER GENERATED COPY TABLES

__TI_cinit_table @ 00005b00 records: 3, size/record: 8, table size: 24
	.data: load addr=00005ac0, load size=00000024 bytes, run addr=20002718, run size=00000053 bytes, compression=lzss
	.bss: load addr=00005af0, load size=00000008 bytes, run addr=20002270, run size=000004a8 bytes, compression=zero_init
	.vtable: load addr=00005af8, load size=00000008 bytes, run addr=20000000, run size=0000026c bytes, compression=zero_init


LINKER GENERATED HANDLER TABLE

__TI_handler_table @ 00005ae4 records: 3, size/record: 4, table size: 12
	index: 0, handler: __TI_zero_init
	index: 1, handler: __TI_decompress_lzss
	index: 2, handler: __TI_decompress_none


GLOBAL SYMBOLS: SORTED ALPHABETICALLY BY Name 

address   name                          
-------   ----                          
00005959  C$$EXIT                       
0000591d  CPUcpsie                      
00000bc3  GPIOF_Handler                 
000029c1  IRScan                        
000058ef  IntMasterEnable               
000056f5  IntRegister                   
000029f9  PingScan                      
00005935  ResetISR                      
2000276a  STOP_BYTE                     
00003281  TIMER3B_Handler               
000039cd  UART1_Handler                 
20001270  __STACK_END                   
00001000  __STACK_SIZE                  
20000470  __STACK_TOP                   
00001000  __SYSMEM_SIZE                 
00005b00  __TI_CINIT_Base               
00005b18  __TI_CINIT_Limit              
00005ae4  __TI_Handler_Table_Base       
00005af0  __TI_Handler_Table_Limit      
000055c1  __TI_auto_init_nobinit_nopinit
00005315  __TI_decompress_lzss          
0000590f  __TI_decompress_none          
00005437  __TI_ltoa                     
ffffffff  __TI_pprof_out_hndl           
00000e8d  __TI_printfi                  
ffffffff  __TI_prof_data_size           
ffffffff  __TI_prof_data_start          
00000000  __TI_static_base__            
00005929  __TI_zero_init                
00005951  __abort_execution             
00004f59  __aeabi_cdcmpeq               
00004f59  __aeabi_cdcmple               
00004fdf  __aeabi_cdrcmple              
000052a7  __aeabi_d2f                   
00005579  __aeabi_d2iz                  
00003c5f  __aeabi_dadd                  
00004511  __aeabi_ddiv                  
0000497d  __aeabi_dmul                  
00003c55  __aeabi_dsub                  
00005941  __aeabi_errno_addr            
000056bd  __aeabi_f2d                   
0000578d  __aeabi_i2d                   
00003e0b  __aeabi_idiv0                 
00003e0b  __aeabi_ldiv0                 
00005065  __aeabi_memclr                
00005065  __aeabi_memclr4               
00005065  __aeabi_memclr8               
00004d9d  __aeabi_memcpy                
00004d9d  __aeabi_memcpy4               
00004d9d  __aeabi_memcpy8               
00005067  __aeabi_memset                
00005067  __aeabi_memset4               
00005067  __aeabi_memset8               
000057e5  __aeabi_ui2d                  
00004e39  __aeabi_uldivmod              
ffffffff  __binit__                     
ffffffff  __c_args__                    
UNDEFED   __mpu_init                    
20000270  __stack                       
20000000  __start___llvm_prf_cnts       
20000000  __stop___llvm_prf_cnts        
00004289  __vla_alloc                   
00005159  __vla_dealloc                 
00005729  _c_int00_noargs               
00005960  _ctypes_                      
20002748  _lock                         
000018db  _nop                          
20002768  _running                      
20001270  _sys_memory                   
UNDEFED   _system_post_cinit            
00005955  _system_pre_init              
20002714  _timeout_ticks                
2000274c  _unlock                       
00005959  abort                         
00003fad  adc_init                      
00004047  adc_read                      
0000487d  aligned_alloc                 
0000552d  atoi                          
ffffffff  binit                         
0000256d  bumpLeft                      
000025c1  bumpRight                     
00004f05  button_getButton              
00004ed1  button_init                   
00005685  calloc                        
00003e8b  checkBoundary                 
20002758  command_byte                  
2000275c  command_flag                  
0000583d  copysign                      
0000583d  copysignl                     
20002760  errno                         
00004a79  free                          
0000537d  frexp                         
0000537d  frexpl                        
20000000  g_pfnRAMVectors               
00000000  g_pfnVectors                  
00003e0d  getFrontLeftCliffSensor       
00003e29  getFrontRightCliffSensor      
00003e1b  getLeftCliffSensor            
00003e37  getRightCliffSensor           
000032b9  get_cycles                    
00004073  get_distance                  
0000097f  go_charge                     
000058ff  lcd_clear                     
00002fdd  lcd_gotoLine                  
00002e45  lcd_init                      
00003043  lcd_printf                    
00002f05  lcd_putc                      
00002f3d  lcd_puts                      
00002e09  lcd_reverseNibble             
00002f5b  lcd_sendCommand               
00002f99  lcd_sendNibble                
00003005  lcd_setCursorPos              
0000476d  ldexp                         
0000476d  ldexpl                        
000054dd  logMessage                    
00005521  logMessage_init               
00002a79  logScan                       
00004cf5  main                          
00005949  malloc                        
00002ac7  man_drive                     
0000487d  memalign                      
00005821  memccpy                       
00004d9d  memcpy                        
0000506d  memset                        
20002718  motor_cal_factor_L            
2000271c  motor_cal_factor_R            
000023eb  move_backward                 
000022ad  move_forward                  
0000026d  oi_alloc                      
00000aa9  oi_checkFirmware              
000002c7  oi_close                      
00000279  oi_free                       
00000ded  oi_getMotorCalibrationLeft    
00000e01  oi_getMotorCalibrationRight   
000002b1  oi_init                       
00000289  oi_init_noupdate              
00000915  oi_loadSong                   
0000586f  oi_parseInt                   
0000032b  oi_parsePacket                
0000096b  oi_play_song                  
0000084b  oi_setLeds                    
00000db1  oi_setMotorCalibration        
0000088f  oi_setWheels                  
00000b51  oi_shutoff_init               
0000098d  oi_uartInit                   
00000a31  oi_uartReceive                
00000a77  oi_uartSendBuff               
00000a15  oi_uartSendChar               
00000a59  oi_uartSendStr                
000002d9  oi_update                     
00002631  oops                          
20002744  overflows                     
000032f7  ping_getDistance              
00003131  ping_init                     
000031fb  ping_trigger                  
000018dd  pow                           
000018dd  powl                          
00003e45  printValues                   
00004b5d  realloc                       
0000476d  scalbn                        
0000476d  scalbnl                       
20002270  scanPointArray                
000027e5  servo_calibrate               
000026e5  servo_init                    
0000275f  servo_move                    
00004131  sqrt                          
00004131  sqrtl                         
0000589f  strchr                        
00005887  strcmp                        
000058b5  strcpy                        
000058c9  strlen                        
00003753  timer_getMicros               
000036fb  timer_getMillis               
00003635  timer_init                    
000036d7  timer_pause                   
000036e9  timer_resume                  
20002740  timer_state                   
000036ad  timer_stop                    
2000273c  timer_val_end                 
20002738  timer_val_start               
000037ad  timer_waitMicros              
000037df  timer_waitMillis              
000024ed  turn_left                     
00002471  turn_right                    
0000387d  uart_interrupt_init           
0000397f  uart_receive                  
00003963  uart_sendChar                 
000039a5  uart_sendStr                  
00005605  vsnprintf                     
000058dd  wcslen                        


GLOBAL SYMBOLS: SORTED BY Symbol Address 

address   name                          
-------   ----                          
00000000  __TI_static_base__            
00000000  g_pfnVectors                  
0000026d  oi_alloc                      
00000279  oi_free                       
00000289  oi_init_noupdate              
000002b1  oi_init                       
000002c7  oi_close                      
000002d9  oi_update                     
0000032b  oi_parsePacket                
0000084b  oi_setLeds                    
0000088f  oi_setWheels                  
00000915  oi_loadSong                   
0000096b  oi_play_song                  
0000097f  go_charge                     
0000098d  oi_uartInit                   
00000a15  oi_uartSendChar               
00000a31  oi_uartReceive                
00000a59  oi_uartSendStr                
00000a77  oi_uartSendBuff               
00000aa9  oi_checkFirmware              
00000b51  oi_shutoff_init               
00000bc3  GPIOF_Handler                 
00000db1  oi_setMotorCalibration        
00000ded  oi_getMotorCalibrationLeft    
00000e01  oi_getMotorCalibrationRight   
00000e8d  __TI_printfi                  
00001000  __STACK_SIZE                  
00001000  __SYSMEM_SIZE                 
000018db  _nop                          
000018dd  pow                           
000018dd  powl                          
000022ad  move_forward                  
000023eb  move_backward                 
00002471  turn_right                    
000024ed  turn_left                     
0000256d  bumpLeft                      
000025c1  bumpRight                     
00002631  oops                          
000026e5  servo_init                    
0000275f  servo_move                    
000027e5  servo_calibrate               
000029c1  IRScan                        
000029f9  PingScan                      
00002a79  logScan                       
00002ac7  man_drive                     
00002e09  lcd_reverseNibble             
00002e45  lcd_init                      
00002f05  lcd_putc                      
00002f3d  lcd_puts                      
00002f5b  lcd_sendCommand               
00002f99  lcd_sendNibble                
00002fdd  lcd_gotoLine                  
00003005  lcd_setCursorPos              
00003043  lcd_printf                    
00003131  ping_init                     
000031fb  ping_trigger                  
00003281  TIMER3B_Handler               
000032b9  get_cycles                    
000032f7  ping_getDistance              
00003635  timer_init                    
000036ad  timer_stop                    
000036d7  timer_pause                   
000036e9  timer_resume                  
000036fb  timer_getMillis               
00003753  timer_getMicros               
000037ad  timer_waitMicros              
000037df  timer_waitMillis              
0000387d  uart_interrupt_init           
00003963  uart_sendChar                 
0000397f  uart_receive                  
000039a5  uart_sendStr                  
000039cd  UART1_Handler                 
00003c55  __aeabi_dsub                  
00003c5f  __aeabi_dadd                  
00003e0b  __aeabi_idiv0                 
00003e0b  __aeabi_ldiv0                 
00003e0d  getFrontLeftCliffSensor       
00003e1b  getLeftCliffSensor            
00003e29  getFrontRightCliffSensor      
00003e37  getRightCliffSensor           
00003e45  printValues                   
00003e8b  checkBoundary                 
00003fad  adc_init                      
00004047  adc_read                      
00004073  get_distance                  
00004131  sqrt                          
00004131  sqrtl                         
00004289  __vla_alloc                   
00004511  __aeabi_ddiv                  
0000476d  ldexp                         
0000476d  ldexpl                        
0000476d  scalbn                        
0000476d  scalbnl                       
0000487d  aligned_alloc                 
0000487d  memalign                      
0000497d  __aeabi_dmul                  
00004a79  free                          
00004b5d  realloc                       
00004cf5  main                          
00004d9d  __aeabi_memcpy                
00004d9d  __aeabi_memcpy4               
00004d9d  __aeabi_memcpy8               
00004d9d  memcpy                        
00004e39  __aeabi_uldivmod              
00004ed1  button_init                   
00004f05  button_getButton              
00004f59  __aeabi_cdcmpeq               
00004f59  __aeabi_cdcmple               
00004fdf  __aeabi_cdrcmple              
00005065  __aeabi_memclr                
00005065  __aeabi_memclr4               
00005065  __aeabi_memclr8               
00005067  __aeabi_memset                
00005067  __aeabi_memset4               
00005067  __aeabi_memset8               
0000506d  memset                        
00005159  __vla_dealloc                 
000052a7  __aeabi_d2f                   
00005315  __TI_decompress_lzss          
0000537d  frexp                         
0000537d  frexpl                        
00005437  __TI_ltoa                     
000054dd  logMessage                    
00005521  logMessage_init               
0000552d  atoi                          
00005579  __aeabi_d2iz                  
000055c1  __TI_auto_init_nobinit_nopinit
00005605  vsnprintf                     
00005685  calloc                        
000056bd  __aeabi_f2d                   
000056f5  IntRegister                   
00005729  _c_int00_noargs               
0000578d  __aeabi_i2d                   
000057e5  __aeabi_ui2d                  
00005821  memccpy                       
0000583d  copysign                      
0000583d  copysignl                     
0000586f  oi_parseInt                   
00005887  strcmp                        
0000589f  strchr                        
000058b5  strcpy                        
000058c9  strlen                        
000058dd  wcslen                        
000058ef  IntMasterEnable               
000058ff  lcd_clear                     
0000590f  __TI_decompress_none          
0000591d  CPUcpsie                      
00005929  __TI_zero_init                
00005935  ResetISR                      
00005941  __aeabi_errno_addr            
00005949  malloc                        
00005951  __abort_execution             
00005955  _system_pre_init              
00005959  C$$EXIT                       
00005959  abort                         
00005960  _ctypes_                      
00005ae4  __TI_Handler_Table_Base       
00005af0  __TI_Handler_Table_Limit      
00005b00  __TI_CINIT_Base               
00005b18  __TI_CINIT_Limit              
20000000  __start___llvm_prf_cnts       
20000000  __stop___llvm_prf_cnts        
20000000  g_pfnRAMVectors               
20000270  __stack                       
20000470  __STACK_TOP                   
20001270  __STACK_END                   
20001270  _sys_memory                   
20002270  scanPointArray                
20002714  _timeout_ticks                
20002718  motor_cal_factor_L            
2000271c  motor_cal_factor_R            
20002738  timer_val_start               
2000273c  timer_val_end                 
20002740  timer_state                   
20002744  overflows                     
20002748  _lock                         
2000274c  _unlock                       
20002758  command_byte                  
2000275c  command_flag                  
20002760  errno                         
20002768  _running                      
2000276a  STOP_BYTE                     
ffffffff  __TI_pprof_out_hndl           
ffffffff  __TI_prof_data_size           
ffffffff  __TI_prof_data_start          
ffffffff  __binit__                     
ffffffff  __c_args__                    
ffffffff  binit                         
UNDEFED   __mpu_init                    
UNDEFED   _system_post_cinit            

[190 symbols]
