******************************************************************************
                  TI ARM Linker PC v20.2.7                     
******************************************************************************
>> Linked Tue Mar 24 17:20:20 2026

OUTPUT FILE NAME:   <Lab7.out>
ENTRY POINT SYMBOL: "_c_int00_noargs"  address: 000042ad


MEMORY CONFIGURATION

         name            origin    length      used     unused   attr    fill
----------------------  --------  ---------  --------  --------  ----  --------
  FLASH                 00000000   00040000  00004670  0003b990  R  X
  SRAM                  20000000   00008000  00002606  000059fa  RW X


SEGMENT ALLOCATION MAP

run origin  load origin   length   init length attrs members
----------  ----------- ---------- ----------- ----- -------
00000000    00000000    00004670   00004670    r-x
  00000000    00000000    0000026c   0000026c    r-- .intvecs
  0000026c    0000026c    00004294   00004294    r-x .text
  00004500    00004500    00000118   00000118    r-- .const
  00004618    00004618    00000058   00000058    r-- .cinit
20000000    20000000    0000260d   00000000    rw-
  20000000    20000000    0000026c   00000000    rw- .vtable
  20000270    20000270    00001000   00000000    rw- .stack
  20001270    20001270    00001000   00000000    rw- .sysmem
  20002270    20002270    00000359   00000000    rw- .bss
  200025cc    200025cc    00000041   00000000    rw- .data


SECTION ALLOCATION MAP

 output                                  attributes/
section   page    origin      length       input sections
--------  ----  ----------  ----------   ----------------
.intvecs   0    00000000    0000026c     
                  00000000    0000026c     tm4c1231h6pm_startup_ccs.obj (.intvecs)

.text      0    0000026c    00004294     
                  0000026c    00000c20     open_interface.obj (.text)
                  00000e8c    00000a4e     rtsv7M4_T_le_v4SPD16_eabi.lib : _printfi.c.obj (.text:__TI_printfi)
                  000018da    00000002                                   : _lock.c.obj (.text:_nop)
                  000018dc    00000560     lab7.obj (.text)
                  00001e3c    00000328     lcd.obj (.text)
                  00002164    00000270     rtsv7M4_T_le_v4SPD16_eabi.lib : _printfi.c.obj (.text:_pconv_a)
                  000023d4    00000260     libcybotScan.lib : cyBot_Scan.obj (.text)
                  00002634    00000248     Timer.obj (.text)
                  0000287c    00000208     uart-interrupt.obj (.text)
                  00002a84    000001ec     libcybotScan.lib : ping.obj (.text)
                  00002c70    000001d0     rtsv7M4_T_le_v4SPD16_eabi.lib : _printfi.c.obj (.text:_pconv_g)
                  00002e40    000001b6                                   : fd_add_t2.asm.obj (.text)
                  00002ff6    00000002                                   : div0.asm.obj (.text)
                  00002ff8    00000158     libcybotScan.lib : servo.obj (.text)
                  00003150    0000013c     rtsv7M4_T_le_v4SPD16_eabi.lib : _printfi.c.obj (.text:_pconv_e)
                  0000328c    00000136                                   : fd_div_t2.asm.obj (.text)
                  000033c2    00000002     --HOLE-- [fill = 0]
                  000033c4    00000124                                   : _printfi.c.obj (.text:fcvt)
                  000034e8    00000118     libcybotScan.lib : ir.obj (.text)
                  00003600    00000110     rtsv7M4_T_le_v4SPD16_eabi.lib : s_scalbn.c.obj (.text:scalbn)
                  00003710    00000100                                   : memory.c.obj (.text:aligned_alloc)
                  00003810    000000fc                                   : fd_mul_t2.asm.obj (.text)
                  0000390c    000000e4                                   : memory.c.obj (.text:free)
                  000039f0    000000b1                                   : _printfi.c.obj (.text:_ltostr)
                  00003aa1    00000001     --HOLE-- [fill = 0]
                  00003aa2    0000009c                                   : memcpy_t2.asm.obj (.text)
                  00003b3e    00000096                                   : ull_div_t2.asm.obj (.text)
                  00003bd4    00000086                                   : fd_cmp_t2.asm.obj (.text:__aeabi_cdcmple)
                  00003c5a    00000086                                   : fd_cmp_t2.asm.obj (.text:__aeabi_cdrcmple)
                  00003ce0    0000007a                                   : memset_t2.asm.obj (.text)
                  00003d5a    00000002     --HOLE-- [fill = 0]
                  00003d5c    00000070                                   : memory.c.obj (.text:split)
                  00003dcc    0000006e                                   : _printfi.c.obj (.text:_mcpy)
                  00003e3a    0000006e                                   : fd_tos_t2.asm.obj (.text)
                  00003ea8    00000068                                   : copy_decompress_lzss.c.obj (.text:decompress:lzss:__TI_decompress_lzss)
                  00003f10    00000064                                   : s_frexp.c.obj (.text:frexp)
                  00003f74    00000056                                   : _printfi.c.obj (.text:_pconv_f)
                  00003fca    00000054                                   : _ltoa.c.obj (.text:__TI_ltoa)
                  0000401e    00000052                                   : _printfi.c.obj (.text:_ecpy)
                  00004070    0000004c                                   : atoi.c.obj (.text:atoi)
                  000040bc    00000048                                   : fd_toi_t2.asm.obj (.text)
                  00004104    00000044                                   : autoinit.c.obj (.text:__TI_auto_init_nobinit_nopinit:__TI_auto_init_nobinit_nopinit)
                  00004148    00000040                                   : sprintf.c.obj (.text:sprintf)
                  00004188    00000040                                   : vsnprintf.c.obj (.text:vsnprintf)
                  000041c8    0000003e                                   : _printfi.c.obj (.text:_fcpy)
                  00004206    00000002     --HOLE-- [fill = 0]
                  00004208    00000038                                   : memory.c.obj (.text:calloc)
                  00004240    00000038                                   : fs_tod_t2.asm.obj (.text)
                  00004278    00000034     driverlib.lib : interrupt.obj (.text:IntRegister)
                  000042ac    00000034     rtsv7M4_T_le_v4SPD16_eabi.lib : boot_cortex_m.c.obj (.text:_c_int00_noargs:_c_int00_noargs)
                  000042e0    00000030                                   : vsnprintf.c.obj (.text:_outs)
                  00004310    0000002e                                   : i_tofd_t2.asm.obj (.text)
                  0000433e    00000002     --HOLE-- [fill = 0]
                  00004340    00000028                                   : memory.c.obj (.text:free_list_insert)
                  00004368    00000020                                   : u_tofd_t2.asm.obj (.text)
                  00004388    0000001c                                   : memory.c.obj (.text:free_list_remove)
                  000043a4    0000001c                                   : memccpy.c.obj (.text:memccpy)
                  000043c0    0000001a                                   : s_copysign.c.obj (.text:copysign)
                  000043da    00000018                                   : vsnprintf.c.obj (.text:_outc)
                  000043f2    00000018                                   : sprintf.c.obj (.text:_outs)
                  0000440a    00000018     open_interface.obj (.text:oi_parseInt)
                  00004422    00000018     rtsv7M4_T_le_v4SPD16_eabi.lib : strcmp.c.obj (.text:strcmp)
                  0000443a    00000016                                   : strchr.c.obj (.text:strchr)
                  00004450    00000014                                   : strcpy.c.obj (.text:strcpy)
                  00004464    00000014                                   : strlen.c.obj (.text:strlen)
                  00004478    00000012                                   : wcslen.c.obj (.text:wcslen)
                  0000448a    00000010     driverlib.lib : interrupt.obj (.text:IntMasterEnable)
                  0000449a    00000010     lcd.obj (.text:lcd_clear)
                  000044aa    0000000e     rtsv7M4_T_le_v4SPD16_eabi.lib : copy_decompress_none.c.obj (.text:decompress:none:__TI_decompress_none)
                  000044b8    0000000c     driverlib.lib : cpu.obj (.text:CPUcpsie)
                  000044c4    0000000c     rtsv7M4_T_le_v4SPD16_eabi.lib : copy_zero_init.c.obj (.text:decompress:ZI:__TI_zero_init)
                  000044d0    0000000c     tm4c1231h6pm_startup_ccs.obj (.text)
                  000044dc    0000000a     rtsv7M4_T_le_v4SPD16_eabi.lib : sprintf.c.obj (.text:_outc)
                  000044e6    00000002     --HOLE-- [fill = 0]
                  000044e8    00000008                                   : errno.c.obj (.text:__aeabi_errno_addr)
                  000044f0    00000008                                   : memory.c.obj (.text:malloc)
                  000044f8    00000004                                   : pre_init.c.obj (.text:_system_pre_init)
                  000044fc    00000004                                   : exit.c.obj (.text:abort:abort)

.const     0    00004500    00000118     
                  00004500    00000101     rtsv7M4_T_le_v4SPD16_eabi.lib : ctype.c.obj (.const:.string:_ctypes_)
                  00004601    0000000f     open_interface.obj (.const:.string:$P$T0$3)
                  00004610    00000004     lcd.obj (.const:.string:lineAddress$1)
                  00004614    00000004     lcd.obj (.const:.string:lineAddresses$2)

.cinit     0    00004618    00000058     
                  00004618    0000001f     (.cinit..data.load) [load image, compression = lzss]
                  00004637    00000001     --HOLE-- [fill = 0]
                  00004638    0000000c     (__TI_handler_table)
                  00004644    00000004     --HOLE-- [fill = 0]
                  00004648    00000008     (.cinit..bss.load) [load image, compression = zero_init]
                  00004650    00000008     (.cinit..vtable.load) [load image, compression = zero_init]
                  00004658    00000018     (__TI_cinit_table)

.init_array 
*          0    00000000    00000000     UNINITIALIZED

.vtable    0    20000000    0000026c     UNINITIALIZED
                  20000000    0000026c     driverlib.lib : interrupt.obj (.vtable)

.stack     0    20000270    00001000     UNINITIALIZED
                  20000270    00000004     rtsv7M4_T_le_v4SPD16_eabi.lib : boot_cortex_m.c.obj (.stack)
                  20000274    00000ffc     --HOLE--

.sysmem    0    20001270    00001000     UNINITIALIZED
                  20001270    00000010     rtsv7M4_T_le_v4SPD16_eabi.lib : memory.c.obj (.sysmem)
                  20001280    00000ff0     --HOLE--

.bss       0    20002270    00000359     UNINITIALIZED
                  20002270    00000168     (.common:angle_array)
                  200023d8    00000168     (.common:dist_array)
                  20002540    00000054     lcd.obj (.bss:lastbuffer$3)
                  20002594    00000018     open_interface.obj (.bss:firmware$2)
                  200025ac    00000004     (.common:_timeout_ticks)
                  200025b0    00000004     (.common:fallingEdge)
                  200025b4    00000004     (.common:isr_int_value)
                  200025b8    00000004     (.common:left_calibration_value)
                  200025bc    00000004     (.common:pulseLength)
                  200025c0    00000004     (.common:right_calibration_value)
                  200025c4    00000004     (.common:risingEdge)
                  200025c8    00000001     (.common:isRisingEdge)

.data      0    200025cc    00000041     UNINITIALIZED
                  200025cc    00000020     open_interface.obj (.data)
                  200025ec    00000008     rtsv7M4_T_le_v4SPD16_eabi.lib : _lock.c.obj (.data:$O1$$)
                  200025f4    00000008                                   : memory.c.obj (.data:$O1$$)
                  200025fc    00000008     uart-interrupt.obj (.data)
                  20002604    00000004     libcybotScan.lib : cyBot_Scan.obj (.data)
                  20002608    00000004     rtsv7M4_T_le_v4SPD16_eabi.lib : errno.c.obj (.data)
                  2000260c    00000001     Timer.obj (.data)

__llvm_prf_cnts 
*          0    20000000    00000000     UNINITIALIZED

MODULE SUMMARY

       Module                         code    ro data   rw data
       ------                         ----    -------   -------
    .\
       open_interface.obj             3128    15        56     
       lab7.obj                       1376    0         728    
       lcd.obj                        824     8         84     
       tm4c1231h6pm_startup_ccs.obj   12      620       0      
       Timer.obj                      584     0         5      
       uart-interrupt.obj             520     0         8      
    +--+------------------------------+-------+---------+---------+
       Total:                         6444    643       881    
                                                               
    ../libcybotScan.lib
       cyBot_Scan.obj                 608     0         4      
       ping.obj                       492     0         13     
       servo.obj                      344     0         0      
       ir.obj                         280     0         4      
    +--+------------------------------+-------+---------+---------+
       Total:                         1724    0         21     
                                                               
    C:/ti/TivaWare_C_Series-2.2.0.295/driverlib/ccs/Debug/driverlib.lib
       interrupt.obj                  68      0         620    
       cpu.obj                        12      0         0      
    +--+------------------------------+-------+---------+---------+
       Total:                         80      0         620    
                                                               
    C:\ti\ccs1271\ccs\tools\compiler\ti-cgt-arm_20.2.7.LTS\lib\rtsv7M4_T_le_v4SPD16_eabi.lib
       _printfi.c.obj                 4851    0         0      
       memory.c.obj                   728     0         8      
       fd_add_t2.asm.obj              438     0         0      
       fd_div_t2.asm.obj              310     0         0      
       s_scalbn.c.obj                 272     0         0      
       fd_cmp_t2.asm.obj              268     0         0      
       ctype.c.obj                    0       257       0      
       fd_mul_t2.asm.obj              252     0         0      
       memcpy_t2.asm.obj              156     0         0      
       ull_div_t2.asm.obj             150     0         0      
       vsnprintf.c.obj                136     0         0      
       memset_t2.asm.obj              122     0         0      
       fd_tos_t2.asm.obj              110     0         0      
       copy_decompress_lzss.c.obj     104     0         0      
       s_frexp.c.obj                  100     0         0      
       sprintf.c.obj                  98      0         0      
       _ltoa.c.obj                    84      0         0      
       atoi.c.obj                     76      0         0      
       fd_toi_t2.asm.obj              72      0         0      
       autoinit.c.obj                 68      0         0      
       fs_tod_t2.asm.obj              56      0         0      
       boot_cortex_m.c.obj            52      0         0      
       i_tofd_t2.asm.obj              46      0         0      
       u_tofd_t2.asm.obj              32      0         0      
       memccpy.c.obj                  28      0         0      
       s_copysign.c.obj               26      0         0      
       strcmp.c.obj                   24      0         0      
       strchr.c.obj                   22      0         0      
       strcpy.c.obj                   20      0         0      
       strlen.c.obj                   20      0         0      
       wcslen.c.obj                   18      0         0      
       copy_decompress_none.c.obj     14      0         0      
       copy_zero_init.c.obj           12      0         0      
       errno.c.obj                    8       0         4      
       _lock.c.obj                    2       0         8      
       exit.c.obj                     4       0         0      
       pre_init.c.obj                 4       0         0      
       div0.asm.obj                   2       0         0      
    +--+------------------------------+-------+---------+---------+
       Total:                         8785    257       20     
                                                               
       Heap:                          0       0         4096   
       Stack:                         0       0         4096   
       Linker Generated:              0       83        0      
    +--+------------------------------+-------+---------+---------+
       Grand Total:                   17033   983       9734   


LINKER GENERATED COPY TABLES

__TI_cinit_table @ 00004658 records: 3, size/record: 8, table size: 24
	.data: load addr=00004618, load size=0000001f bytes, run addr=200025cc, run size=00000041 bytes, compression=lzss
	.bss: load addr=00004648, load size=00000008 bytes, run addr=20002270, run size=00000359 bytes, compression=zero_init
	.vtable: load addr=00004650, load size=00000008 bytes, run addr=20000000, run size=0000026c bytes, compression=zero_init


LINKER GENERATED HANDLER TABLE

__TI_handler_table @ 00004638 records: 3, size/record: 4, table size: 12
	index: 0, handler: __TI_zero_init
	index: 1, handler: __TI_decompress_lzss
	index: 2, handler: __TI_decompress_none


GLOBAL SYMBOLS: SORTED ALPHABETICALLY BY Name 

address   name                          
-------   ----                          
00003581  ADC0SS0_Handler               
000044fd  C$$EXIT                       
000044b9  CPUcpsie                      
00000bc3  GPIOF_Handler                 
0000448b  IntMasterEnable               
00004279  IntRegister                   
000044d1  ResetISR                      
00002b75  TIMER3B_Handler               
000029cd  UART1_Handler                 
20001270  __STACK_END                   
00001000  __STACK_SIZE                  
20000470  __STACK_TOP                   
00001000  __SYSMEM_SIZE                 
00004658  __TI_CINIT_Base               
00004670  __TI_CINIT_Limit              
00004638  __TI_Handler_Table_Base       
00004644  __TI_Handler_Table_Limit      
00004105  __TI_auto_init_nobinit_nopinit
00003ea9  __TI_decompress_lzss          
000044ab  __TI_decompress_none          
00003fcb  __TI_ltoa                     
ffffffff  __TI_pprof_out_hndl           
00000e8d  __TI_printfi                  
ffffffff  __TI_prof_data_size           
ffffffff  __TI_prof_data_start          
00000000  __TI_static_base__            
000044c5  __TI_zero_init                
00003bd5  __aeabi_cdcmpeq               
00003bd5  __aeabi_cdcmple               
00003c5b  __aeabi_cdrcmple              
00003e3b  __aeabi_d2f                   
000040bd  __aeabi_d2iz                  
00002e4b  __aeabi_dadd                  
0000328d  __aeabi_ddiv                  
00003811  __aeabi_dmul                  
00002e41  __aeabi_dsub                  
000044e9  __aeabi_errno_addr            
00004241  __aeabi_f2d                   
00004311  __aeabi_i2d                   
00002ff7  __aeabi_idiv0                 
00002ff7  __aeabi_ldiv0                 
00003ce1  __aeabi_memclr                
00003ce1  __aeabi_memclr4               
00003ce1  __aeabi_memclr8               
00003aa3  __aeabi_memcpy                
00003aa3  __aeabi_memcpy4               
00003aa3  __aeabi_memcpy8               
00003ce3  __aeabi_memset                
00003ce3  __aeabi_memset4               
00003ce3  __aeabi_memset8               
00004369  __aeabi_ui2d                  
00003b3f  __aeabi_uldivmod              
ffffffff  __binit__                     
ffffffff  __c_args__                    
UNDEFED   __mpu_init                    
20000270  __stack                       
20000000  __start___llvm_prf_cnts       
20000000  __stop___llvm_prf_cnts        
000042ad  _c_int00_noargs               
00004500  _ctypes_                      
200025ec  _lock                         
000018db  _nop                          
2000260c  _running                      
20001270  _sys_memory                   
UNDEFED   _system_post_cinit            
000044f9  _system_pre_init              
200025ac  _timeout_ticks                
200025f0  _unlock                       
000044fd  abort                         
00003711  aligned_alloc                 
20002270  angle_array                   
00004071  atoi                          
ffffffff  binit                         
00004209  calloc                        
200025fc  command_byte                  
20002600  command_flag                  
000043c1  copysign                      
000043c1  copysignl                     
000024ad  cyBOT_SERVO_cal               
0000243b  cyBOT_Scan                    
000023e3  cyBOT_init_Scan               
20002604  cyBOT_scan_features           
000023d5  cyBOT_scan_version            
200023d8  dist_array                    
20002608  errno                         
200025b0  fallingEdge                   
000019cb  findActualWidth               
0000390d  free                          
00003f11  frexp                         
00003f11  frexpl                        
20000000  g_pfnRAMVectors               
00000000  g_pfnVectors                  
000018dd  getScan                       
0000097f  go_charge                     
00003597  ir_enableInterrupt            
00003579  ir_getDistance                
00003551  ir_getValue                   
000034e9  ir_init                       
200025c8  isRisingEdge                  
200025b4  isr_int_value                 
0000449b  lcd_clear                     
00002011  lcd_gotoLine                  
00001e79  lcd_init                      
00002077  lcd_printf                    
00001f39  lcd_putc                      
00001f71  lcd_puts                      
00001e3d  lcd_reverseNibble             
00001f8f  lcd_sendCommand               
00001fcd  lcd_sendNibble                
00002039  lcd_setCursorPos              
00003601  ldexp                         
00003601  ldexpl                        
200025b8  left_calibration_value        
00001d09  main                          
000044f1  malloc                        
00003711  memalign                      
000043a5  memccpy                       
00003aa3  memcpy                        
00003ce9  memset                        
200025cc  motor_cal_factor_L            
200025d0  motor_cal_factor_R            
00001a25  objectInfo                    
0000026d  oi_alloc                      
00000aa9  oi_checkFirmware              
000002c7  oi_close                      
00000279  oi_free                       
00000ded  oi_getMotorCalibrationLeft    
00000e01  oi_getMotorCalibrationRight   
000002b1  oi_init                       
00000289  oi_init_noupdate              
00000915  oi_loadSong                   
0000440b  oi_parseInt                   
0000032b  oi_parsePacket                
0000096b  oi_play_song                  
0000084b  oi_setLeds                    
00000db1  oi_setMotorCalibration        
0000088f  oi_setWheels                  
00000b51  oi_shutoff_init               
0000098d  oi_uartInit                   
00000a31  oi_uartReceive                
00000a77  oi_uartSendBuff               
00000a15  oi_uartSendChar               
00000a59  oi_uartSendStr                
000002d9  oi_update                     
00002bc7  ping_getDistance              
00002a85  ping_init                     
00002b0b  ping_trigger                  
00001cdb  pointPING                     
00001bc5  printObjectInfo               
200025bc  pulseLength                   
200025c0  right_calibration_value       
200025c4  risingEdge                    
00003601  scalbn                        
00003601  scalbnl                       
00002ff9  servo_init                    
00003089  servo_move                    
000030e9  servo_setPWM                  
0000307d  servo_stop                    
00001c75  smallestObjectDegrees         
00004149  sprintf                       
0000443b  strchr                        
00004423  strcmp                        
00004451  strcpy                        
00004465  strlen                        
00002753  timer_getMicros               
000026fb  timer_getMillis               
00002635  timer_init                    
000026d7  timer_pause                   
000026e9  timer_resume                  
000026ad  timer_stop                    
000027ad  timer_waitMicros              
000027df  timer_waitMillis              
0000287d  uart_interrupt_init           
0000297f  uart_receive                  
00002963  uart_sendChar                 
000029a5  uart_sendStr                  
00004189  vsnprintf                     
00004479  wcslen                        


GLOBAL SYMBOLS: SORTED BY Symbol Address 

address   name                          
-------   ----                          
00000000  __TI_static_base__            
00000000  g_pfnVectors                  
0000026d  oi_alloc                      
00000279  oi_free                       
00000289  oi_init_noupdate              
000002b1  oi_init                       
000002c7  oi_close                      
000002d9  oi_update                     
0000032b  oi_parsePacket                
0000084b  oi_setLeds                    
0000088f  oi_setWheels                  
00000915  oi_loadSong                   
0000096b  oi_play_song                  
0000097f  go_charge                     
0000098d  oi_uartInit                   
00000a15  oi_uartSendChar               
00000a31  oi_uartReceive                
00000a59  oi_uartSendStr                
00000a77  oi_uartSendBuff               
00000aa9  oi_checkFirmware              
00000b51  oi_shutoff_init               
00000bc3  GPIOF_Handler                 
00000db1  oi_setMotorCalibration        
00000ded  oi_getMotorCalibrationLeft    
00000e01  oi_getMotorCalibrationRight   
00000e8d  __TI_printfi                  
00001000  __STACK_SIZE                  
00001000  __SYSMEM_SIZE                 
000018db  _nop                          
000018dd  getScan                       
000019cb  findActualWidth               
00001a25  objectInfo                    
00001bc5  printObjectInfo               
00001c75  smallestObjectDegrees         
00001cdb  pointPING                     
00001d09  main                          
00001e3d  lcd_reverseNibble             
00001e79  lcd_init                      
00001f39  lcd_putc                      
00001f71  lcd_puts                      
00001f8f  lcd_sendCommand               
00001fcd  lcd_sendNibble                
00002011  lcd_gotoLine                  
00002039  lcd_setCursorPos              
00002077  lcd_printf                    
000023d5  cyBOT_scan_version            
000023e3  cyBOT_init_Scan               
0000243b  cyBOT_Scan                    
000024ad  cyBOT_SERVO_cal               
00002635  timer_init                    
000026ad  timer_stop                    
000026d7  timer_pause                   
000026e9  timer_resume                  
000026fb  timer_getMillis               
00002753  timer_getMicros               
000027ad  timer_waitMicros              
000027df  timer_waitMillis              
0000287d  uart_interrupt_init           
00002963  uart_sendChar                 
0000297f  uart_receive                  
000029a5  uart_sendStr                  
000029cd  UART1_Handler                 
00002a85  ping_init                     
00002b0b  ping_trigger                  
00002b75  TIMER3B_Handler               
00002bc7  ping_getDistance              
00002e41  __aeabi_dsub                  
00002e4b  __aeabi_dadd                  
00002ff7  __aeabi_idiv0                 
00002ff7  __aeabi_ldiv0                 
00002ff9  servo_init                    
0000307d  servo_stop                    
00003089  servo_move                    
000030e9  servo_setPWM                  
0000328d  __aeabi_ddiv                  
000034e9  ir_init                       
00003551  ir_getValue                   
00003579  ir_getDistance                
00003581  ADC0SS0_Handler               
00003597  ir_enableInterrupt            
00003601  ldexp                         
00003601  ldexpl                        
00003601  scalbn                        
00003601  scalbnl                       
00003711  aligned_alloc                 
00003711  memalign                      
00003811  __aeabi_dmul                  
0000390d  free                          
00003aa3  __aeabi_memcpy                
00003aa3  __aeabi_memcpy4               
00003aa3  __aeabi_memcpy8               
00003aa3  memcpy                        
00003b3f  __aeabi_uldivmod              
00003bd5  __aeabi_cdcmpeq               
00003bd5  __aeabi_cdcmple               
00003c5b  __aeabi_cdrcmple              
00003ce1  __aeabi_memclr                
00003ce1  __aeabi_memclr4               
00003ce1  __aeabi_memclr8               
00003ce3  __aeabi_memset                
00003ce3  __aeabi_memset4               
00003ce3  __aeabi_memset8               
00003ce9  memset                        
00003e3b  __aeabi_d2f                   
00003ea9  __TI_decompress_lzss          
00003f11  frexp                         
00003f11  frexpl                        
00003fcb  __TI_ltoa                     
00004071  atoi                          
000040bd  __aeabi_d2iz                  
00004105  __TI_auto_init_nobinit_nopinit
00004149  sprintf                       
00004189  vsnprintf                     
00004209  calloc                        
00004241  __aeabi_f2d                   
00004279  IntRegister                   
000042ad  _c_int00_noargs               
00004311  __aeabi_i2d                   
00004369  __aeabi_ui2d                  
000043a5  memccpy                       
000043c1  copysign                      
000043c1  copysignl                     
0000440b  oi_parseInt                   
00004423  strcmp                        
0000443b  strchr                        
00004451  strcpy                        
00004465  strlen                        
00004479  wcslen                        
0000448b  IntMasterEnable               
0000449b  lcd_clear                     
000044ab  __TI_decompress_none          
000044b9  CPUcpsie                      
000044c5  __TI_zero_init                
000044d1  ResetISR                      
000044e9  __aeabi_errno_addr            
000044f1  malloc                        
000044f9  _system_pre_init              
000044fd  C$$EXIT                       
000044fd  abort                         
00004500  _ctypes_                      
00004638  __TI_Handler_Table_Base       
00004644  __TI_Handler_Table_Limit      
00004658  __TI_CINIT_Base               
00004670  __TI_CINIT_Limit              
20000000  __start___llvm_prf_cnts       
20000000  __stop___llvm_prf_cnts        
20000000  g_pfnRAMVectors               
20000270  __stack                       
20000470  __STACK_TOP                   
20001270  __STACK_END                   
20001270  _sys_memory                   
20002270  angle_array                   
200023d8  dist_array                    
200025ac  _timeout_ticks                
200025b0  fallingEdge                   
200025b4  isr_int_value                 
200025b8  left_calibration_value        
200025bc  pulseLength                   
200025c0  right_calibration_value       
200025c4  risingEdge                    
200025c8  isRisingEdge                  
200025cc  motor_cal_factor_L            
200025d0  motor_cal_factor_R            
200025ec  _lock                         
200025f0  _unlock                       
200025fc  command_byte                  
20002600  command_flag                  
20002604  cyBOT_scan_features           
20002608  errno                         
2000260c  _running                      
ffffffff  __TI_pprof_out_hndl           
ffffffff  __TI_prof_data_size           
ffffffff  __TI_prof_data_start          
ffffffff  __binit__                     
ffffffff  __c_args__                    
ffffffff  binit                         
UNDEFED   __mpu_init                    
UNDEFED   _system_post_cinit            

[178 symbols]
