******************************************************************************
                  TI ARM Linker PC v20.2.7                     
******************************************************************************
>> Linked Wed Apr  8 10:57:38 2026

OUTPUT FILE NAME:   <Lab9.out>
ENTRY POINT SYMBOL: "_c_int00_noargs"  address: 000030c9


MEMORY CONFIGURATION

         name            origin    length      used     unused   attr    fill
----------------------  --------  ---------  --------  --------  ----  --------
  FLASH                 00000000   00040000  00003445  0003cbbb  R  X
  SRAM                  20000000   00008000  000022f4  00005d0c  RW X


SEGMENT ALLOCATION MAP

run origin  load origin   length   init length attrs members
----------  ----------- ---------- ----------- ----- -------
00000000    00000000    00003448   00003448    r-x
  00000000    00000000    0000026c   0000026c    r-- .intvecs
  0000026c    0000026c    00003088   00003088    r-x .text
  000032f4    000032f4    00000109   00000109    r-- .const
  00003400    00003400    00000048   00000048    r-- .cinit
20000000    20000000    000022f8   00000000    rw-
  20000000    20000000    0000026c   00000000    rw- .vtable
  20000270    20000270    00001000   00000000    rw- .stack
  20001270    20001270    00001000   00000000    rw- .sysmem
  20002270    20002270    00000058   00000000    rw- .bss
  200022c8    200022c8    00000030   00000000    rw- .data


SECTION ALLOCATION MAP

 output                                  attributes/
section   page    origin      length       input sections
--------  ----  ----------  ----------   ----------------
.intvecs   0    00000000    0000026c     
                  00000000    0000026c     tm4c1231h6pm_startup_ccs.obj (.intvecs)

.text      0    0000026c    00003088     
                  0000026c    00000a4e     rtsv7M4_T_le_v4SPD16_eabi.lib : _printfi.c.obj (.text:__TI_printfi)
                  00000cba    00000002                                   : _lock.c.obj (.text:_nop)
                  00000cbc    00000328     lcd.obj (.text)
                  00000fe4    000002b4     ping.obj (.text)
                  00001298    00000270     rtsv7M4_T_le_v4SPD16_eabi.lib : _printfi.c.obj (.text:_pconv_a)
                  00001508    00000248     Timer.obj (.text)
                  00001750    00000208     uart-interrupt.obj (.text)
                  00001958    000001d0     rtsv7M4_T_le_v4SPD16_eabi.lib : _printfi.c.obj (.text:_pconv_g)
                  00001b28    000001b6                                   : fd_add_t2.asm.obj (.text)
                  00001cde    00000002                                   : div0.asm.obj (.text)
                  00001ce0    0000014c                                   : vla_alloc.c.obj (.text:__vla_alloc)
                  00001e2c    0000013c                                   : _printfi.c.obj (.text:_pconv_e)
                  00001f68    00000136                                   : fd_div_t2.asm.obj (.text)
                  0000209e    00000002     --HOLE-- [fill = 0]
                  000020a0    00000124                                   : _printfi.c.obj (.text:fcvt)
                  000021c4    00000110                                   : s_scalbn.c.obj (.text:scalbn)
                  000022d4    00000104     lab9.obj (.text)
                  000023d8    00000100     rtsv7M4_T_le_v4SPD16_eabi.lib : memory.c.obj (.text:aligned_alloc)
                  000024d8    000000fc                                   : fd_mul_t2.asm.obj (.text)
                  000025d4    000000e4                                   : memory.c.obj (.text:free)
                  000026b8    000000e4                                   : memory.c.obj (.text:realloc)
                  0000279c    000000b1                                   : _printfi.c.obj (.text:_ltostr)
                  0000284d    00000001     --HOLE-- [fill = 0]
                  0000284e    0000009c                                   : memcpy_t2.asm.obj (.text)
                  000028ea    00000096                                   : ull_div_t2.asm.obj (.text)
                  00002980    00000086                                   : fd_cmp_t2.asm.obj (.text:__aeabi_cdcmple)
                  00002a06    00000086                                   : fd_cmp_t2.asm.obj (.text:__aeabi_cdrcmple)
                  00002a8c    0000007a                                   : memset_t2.asm.obj (.text)
                  00002b06    00000002     --HOLE-- [fill = 0]
                  00002b08    00000078                                   : vla_alloc.c.obj (.text:_ZN33_INTERNAL_11_vla_alloc_c_be8bd49b21free_dead_allocationsEPv)
                  00002b80    00000070                                   : vla_alloc.c.obj (.text:__vla_dealloc)
                  00002bf0    00000070                                   : memory.c.obj (.text:split)
                  00002c60    0000006e                                   : _printfi.c.obj (.text:_mcpy)
                  00002cce    0000006e                                   : fd_tos_t2.asm.obj (.text)
                  00002d3c    00000068                                   : copy_decompress_lzss.c.obj (.text:decompress:lzss:__TI_decompress_lzss)
                  00002da4    00000064                                   : s_frexp.c.obj (.text:frexp)
                  00002e08    00000056                                   : _printfi.c.obj (.text:_pconv_f)
                  00002e5e    00000054                                   : _ltoa.c.obj (.text:__TI_ltoa)
                  00002eb2    00000052                                   : _printfi.c.obj (.text:_ecpy)
                  00002f04    0000004c                                   : atoi.c.obj (.text:atoi)
                  00002f50    00000048                                   : fd_toi_t2.asm.obj (.text)
                  00002f98    00000044                                   : autoinit.c.obj (.text:__TI_auto_init_nobinit_nopinit:__TI_auto_init_nobinit_nopinit)
                  00002fdc    00000040                                   : vsnprintf.c.obj (.text:vsnprintf)
                  0000301c    0000003e                                   : _printfi.c.obj (.text:_fcpy)
                  0000305a    00000038                                   : fs_tod_t2.asm.obj (.text)
                  00003092    00000002     --HOLE-- [fill = 0]
                  00003094    00000034     driverlib.lib : interrupt.obj (.text:IntRegister)
                  000030c8    00000034     rtsv7M4_T_le_v4SPD16_eabi.lib : boot_cortex_m.c.obj (.text:_c_int00_noargs:_c_int00_noargs)
                  000030fc    00000030                                   : vsnprintf.c.obj (.text:_outs)
                  0000312c    0000002e                                   : i_tofd_t2.asm.obj (.text)
                  0000315a    00000002     --HOLE-- [fill = 0]
                  0000315c    00000028                                   : memory.c.obj (.text:free_list_insert)
                  00003184    00000020                                   : u_tofd_t2.asm.obj (.text)
                  000031a4    0000001c                                   : copy_zero_init.c.obj (.text:decompress:ZI:__TI_zero_init_nomemset:__TI_zero_init_nomemset)
                  000031c0    0000001c                                   : memory.c.obj (.text:free_list_remove)
                  000031dc    0000001c                                   : memccpy.c.obj (.text:memccpy)
                  000031f8    0000001a                                   : s_copysign.c.obj (.text:copysign)
                  00003212    00000018                                   : vsnprintf.c.obj (.text:_outc)
                  0000322a    00000018                                   : strcmp.c.obj (.text:strcmp)
                  00003242    00000016                                   : strchr.c.obj (.text:strchr)
                  00003258    00000014                                   : strcpy.c.obj (.text:strcpy)
                  0000326c    00000014                                   : strlen.c.obj (.text:strlen)
                  00003280    00000012                                   : wcslen.c.obj (.text:wcslen)
                  00003292    00000010     driverlib.lib : interrupt.obj (.text:IntMasterEnable)
                  000032a2    00000010     lcd.obj (.text:lcd_clear)
                  000032b2    0000000e     rtsv7M4_T_le_v4SPD16_eabi.lib : copy_decompress_none.c.obj (.text:decompress:none:__TI_decompress_none)
                  000032c0    0000000c     driverlib.lib : cpu.obj (.text:CPUcpsie)
                  000032cc    0000000c     tm4c1231h6pm_startup_ccs.obj (.text)
                  000032d8    00000008     rtsv7M4_T_le_v4SPD16_eabi.lib : errno.c.obj (.text:__aeabi_errno_addr)
                  000032e0    00000008                                   : memory.c.obj (.text:malloc)
                  000032e8    00000004                                   : error.c.obj (.text:__abort_execution)
                  000032ec    00000004                                   : pre_init.c.obj (.text:_system_pre_init)
                  000032f0    00000004                                   : exit.c.obj (.text:abort:abort)

.const     0    000032f4    00000109     
                  000032f4    00000101     rtsv7M4_T_le_v4SPD16_eabi.lib : ctype.c.obj (.const:.string:_ctypes_)
                  000033f5    00000004     lcd.obj (.const:.string:lineAddress$1)
                  000033f9    00000004     lcd.obj (.const:.string:lineAddresses$2)

.cinit     0    00003400    00000048     
                  00003400    00000014     (.cinit..data.load) [load image, compression = lzss]
                  00003414    0000000c     (__TI_handler_table)
                  00003420    00000008     (.cinit..bss.load) [load image, compression = zero_init]
                  00003428    00000008     (.cinit..vtable.load) [load image, compression = zero_init]
                  00003430    00000018     (__TI_cinit_table)

.init_array 
*          0    00000000    00000000     UNINITIALIZED

.vtable    0    20000000    0000026c     UNINITIALIZED
                  20000000    0000026c     driverlib.lib : interrupt.obj (.vtable)

.stack     0    20000270    00001000     UNINITIALIZED
                  20000270    00000004     rtsv7M4_T_le_v4SPD16_eabi.lib : boot_cortex_m.c.obj (.stack)
                  20000274    00000ffc     --HOLE--

.sysmem    0    20001270    00001000     UNINITIALIZED
                  20001270    00000010     rtsv7M4_T_le_v4SPD16_eabi.lib : memory.c.obj (.sysmem)
                  20001280    00000ff0     --HOLE--

.bss       0    20002270    00000058     UNINITIALIZED
                  20002270    00000054     lcd.obj (.bss:lastbuffer$3)
                  200022c4    00000004     (.common:_timeout_ticks)

.data      0    200022c8    00000030     UNINITIALIZED
                  200022c8    0000000d     ping.obj (.data)
                  200022d5    00000001     Timer.obj (.data)
                  200022d6    00000002     --HOLE--
                  200022d8    00000008     rtsv7M4_T_le_v4SPD16_eabi.lib : _lock.c.obj (.data:$O1$$)
                  200022e0    00000008                                   : memory.c.obj (.data:$O1$$)
                  200022e8    00000008     uart-interrupt.obj (.data)
                  200022f0    00000004     rtsv7M4_T_le_v4SPD16_eabi.lib : errno.c.obj (.data)
                  200022f4    00000004                                   : vla_alloc.c.obj (.data)

__llvm_prf_cnts 
*          0    20000000    00000000     UNINITIALIZED

MODULE SUMMARY

       Module                         code    ro data   rw data
       ------                         ----    -------   -------
    .\
       lcd.obj                        824     8         84     
       ping.obj                       692     0         13     
       tm4c1231h6pm_startup_ccs.obj   12      620       0      
       Timer.obj                      584     0         5      
       uart-interrupt.obj             520     0         8      
       lab9.obj                       260     0         0      
    +--+------------------------------+-------+---------+---------+
       Total:                         2892    628       110    
                                                               
    C:/ti/TivaWare_C_Series-2.2.0.295/driverlib/ccs/Debug/driverlib.lib
       interrupt.obj                  68      0         620    
       cpu.obj                        12      0         0      
    +--+------------------------------+-------+---------+---------+
       Total:                         80      0         620    
                                                               
    C:\ti\ccs1271\ccs\tools\compiler\ti-cgt-arm_20.2.7.LTS\lib\rtsv7M4_T_le_v4SPD16_eabi.lib
       _printfi.c.obj                 4851    0         0      
       memory.c.obj                   900     0         8      
       vla_alloc.c.obj                564     0         4      
       fd_add_t2.asm.obj              438     0         0      
       fd_div_t2.asm.obj              310     0         0      
       s_scalbn.c.obj                 272     0         0      
       fd_cmp_t2.asm.obj              268     0         0      
       ctype.c.obj                    0       257       0      
       fd_mul_t2.asm.obj              252     0         0      
       memcpy_t2.asm.obj              156     0         0      
       ull_div_t2.asm.obj             150     0         0      
       vsnprintf.c.obj                136     0         0      
       memset_t2.asm.obj              122     0         0      
       fd_tos_t2.asm.obj              110     0         0      
       copy_decompress_lzss.c.obj     104     0         0      
       s_frexp.c.obj                  100     0         0      
       _ltoa.c.obj                    84      0         0      
       atoi.c.obj                     76      0         0      
       fd_toi_t2.asm.obj              72      0         0      
       autoinit.c.obj                 68      0         0      
       fs_tod_t2.asm.obj              56      0         0      
       boot_cortex_m.c.obj            52      0         0      
       i_tofd_t2.asm.obj              46      0         0      
       u_tofd_t2.asm.obj              32      0         0      
       copy_zero_init.c.obj           28      0         0      
       memccpy.c.obj                  28      0         0      
       s_copysign.c.obj               26      0         0      
       strcmp.c.obj                   24      0         0      
       strchr.c.obj                   22      0         0      
       strcpy.c.obj                   20      0         0      
       strlen.c.obj                   20      0         0      
       wcslen.c.obj                   18      0         0      
       copy_decompress_none.c.obj     14      0         0      
       errno.c.obj                    8       0         4      
       _lock.c.obj                    2       0         8      
       error.c.obj                    4       0         0      
       exit.c.obj                     4       0         0      
       pre_init.c.obj                 4       0         0      
       div0.asm.obj                   2       0         0      
    +--+------------------------------+-------+---------+---------+
       Total:                         9443    257       24     
                                                               
       Heap:                          0       0         4096   
       Stack:                         0       0         4096   
       Linker Generated:              0       72        0      
    +--+------------------------------+-------+---------+---------+
       Grand Total:                   12415   957       8946   


LINKER GENERATED COPY TABLES

__TI_cinit_table @ 00003430 records: 3, size/record: 8, table size: 24
	.data: load addr=00003400, load size=00000014 bytes, run addr=200022c8, run size=00000030 bytes, compression=lzss
	.bss: load addr=00003420, load size=00000008 bytes, run addr=20002270, run size=00000058 bytes, compression=zero_init
	.vtable: load addr=00003428, load size=00000008 bytes, run addr=20000000, run size=0000026c bytes, compression=zero_init


LINKER GENERATED HANDLER TABLE

__TI_handler_table @ 00003414 records: 3, size/record: 4, table size: 12
	index: 0, handler: __TI_zero_init
	index: 1, handler: __TI_decompress_lzss
	index: 2, handler: __TI_decompress_none


GLOBAL SYMBOLS: SORTED ALPHABETICALLY BY Name 

address   name                          
-------   ----                          
000032f1  C$$EXIT                       
000032c1  CPUcpsie                      
00003293  IntMasterEnable               
00003095  IntRegister                   
000032cd  ResetISR                      
0000113d  TIMER3B_Handler               
000018a1  UART1_Handler                 
20001270  __STACK_END                   
00001000  __STACK_SIZE                  
20000470  __STACK_TOP                   
00001000  __SYSMEM_SIZE                 
00003430  __TI_CINIT_Base               
00003448  __TI_CINIT_Limit              
00003414  __TI_Handler_Table_Base       
00003420  __TI_Handler_Table_Limit      
00002f99  __TI_auto_init_nobinit_nopinit
00002d3d  __TI_decompress_lzss          
000032b3  __TI_decompress_none          
00002e5f  __TI_ltoa                     
ffffffff  __TI_pprof_out_hndl           
0000026d  __TI_printfi                  
ffffffff  __TI_prof_data_size           
ffffffff  __TI_prof_data_start          
00000000  __TI_static_base__            
000031a5  __TI_zero_init_nomemset       
000032e9  __abort_execution             
00002981  __aeabi_cdcmpeq               
00002981  __aeabi_cdcmple               
00002a07  __aeabi_cdrcmple              
00002ccf  __aeabi_d2f                   
00002f51  __aeabi_d2iz                  
00001b33  __aeabi_dadd                  
00001f69  __aeabi_ddiv                  
000024d9  __aeabi_dmul                  
00001b29  __aeabi_dsub                  
000032d9  __aeabi_errno_addr            
0000305b  __aeabi_f2d                   
0000312d  __aeabi_i2d                   
00001cdf  __aeabi_idiv0                 
00001cdf  __aeabi_ldiv0                 
00002a8d  __aeabi_memclr                
00002a8d  __aeabi_memclr4               
00002a8d  __aeabi_memclr8               
0000284f  __aeabi_memcpy                
0000284f  __aeabi_memcpy4               
0000284f  __aeabi_memcpy8               
00002a8f  __aeabi_memset                
00002a8f  __aeabi_memset4               
00002a8f  __aeabi_memset8               
00003185  __aeabi_ui2d                  
000028eb  __aeabi_uldivmod              
ffffffff  __binit__                     
ffffffff  __c_args__                    
UNDEFED   __mpu_init                    
20000270  __stack                       
20000000  __start___llvm_prf_cnts       
20000000  __stop___llvm_prf_cnts        
00001ce1  __vla_alloc                   
00002b81  __vla_dealloc                 
000030c9  _c_int00_noargs               
000032f4  _ctypes_                      
200022d8  _lock                         
00000cbb  _nop                          
200022d5  _running                      
20001270  _sys_memory                   
UNDEFED   _system_post_cinit            
000032ed  _system_pre_init              
200022c4  _timeout_ticks                
200022dc  _unlock                       
000032f1  abort                         
000023d9  aligned_alloc                 
00002f05  atoi                          
ffffffff  binit                         
200022e8  command_byte                  
200022ec  command_flag                  
000031f9  copysign                      
000031f9  copysignl                     
200022f0  errno                         
000025d5  free                          
00002da5  frexp                         
00002da5  frexpl                        
200022d0  g_end_time                    
20000000  g_pfnRAMVectors               
00000000  g_pfnVectors                  
200022cc  g_start_time                  
200022d4  g_state                       
000032a3  lcd_clear                     
00000e91  lcd_gotoLine                  
00000cf9  lcd_init                      
00000ef7  lcd_printf                    
00000db9  lcd_putc                      
00000df1  lcd_puts                      
00000cbd  lcd_reverseNibble             
00000e0f  lcd_sendCommand               
00000e4d  lcd_sendNibble                
00000eb9  lcd_setCursorPos              
000021c5  ldexp                         
000021c5  ldexpl                        
000022d5  logMessage                    
0000232f  main                          
000032e1  malloc                        
000023d9  memalign                      
000031dd  memccpy                       
0000284f  memcpy                        
00002a95  memset                        
200022c8  overflow_occurence            
00001185  ping_getDistance              
00000fe5  ping_init                     
000010b5  ping_trigger                  
000026b9  realloc                       
00002321  resetGlobals                  
000021c5  scalbn                        
000021c5  scalbnl                       
00003243  strchr                        
0000322b  strcmp                        
00003259  strcpy                        
0000326d  strlen                        
00001627  timer_getMicros               
000015cf  timer_getMillis               
00001509  timer_init                    
000015ab  timer_pause                   
000015bd  timer_resume                  
00001581  timer_stop                    
00001681  timer_waitMicros              
000016b3  timer_waitMillis              
00001751  uart_interrupt_init           
00001853  uart_receive                  
00001837  uart_sendChar                 
00001879  uart_sendStr                  
00002fdd  vsnprintf                     
00003281  wcslen                        


GLOBAL SYMBOLS: SORTED BY Symbol Address 

address   name                          
-------   ----                          
00000000  __TI_static_base__            
00000000  g_pfnVectors                  
0000026d  __TI_printfi                  
00000cbb  _nop                          
00000cbd  lcd_reverseNibble             
00000cf9  lcd_init                      
00000db9  lcd_putc                      
00000df1  lcd_puts                      
00000e0f  lcd_sendCommand               
00000e4d  lcd_sendNibble                
00000e91  lcd_gotoLine                  
00000eb9  lcd_setCursorPos              
00000ef7  lcd_printf                    
00000fe5  ping_init                     
00001000  __STACK_SIZE                  
00001000  __SYSMEM_SIZE                 
000010b5  ping_trigger                  
0000113d  TIMER3B_Handler               
00001185  ping_getDistance              
00001509  timer_init                    
00001581  timer_stop                    
000015ab  timer_pause                   
000015bd  timer_resume                  
000015cf  timer_getMillis               
00001627  timer_getMicros               
00001681  timer_waitMicros              
000016b3  timer_waitMillis              
00001751  uart_interrupt_init           
00001837  uart_sendChar                 
00001853  uart_receive                  
00001879  uart_sendStr                  
000018a1  UART1_Handler                 
00001b29  __aeabi_dsub                  
00001b33  __aeabi_dadd                  
00001cdf  __aeabi_idiv0                 
00001cdf  __aeabi_ldiv0                 
00001ce1  __vla_alloc                   
00001f69  __aeabi_ddiv                  
000021c5  ldexp                         
000021c5  ldexpl                        
000021c5  scalbn                        
000021c5  scalbnl                       
000022d5  logMessage                    
00002321  resetGlobals                  
0000232f  main                          
000023d9  aligned_alloc                 
000023d9  memalign                      
000024d9  __aeabi_dmul                  
000025d5  free                          
000026b9  realloc                       
0000284f  __aeabi_memcpy                
0000284f  __aeabi_memcpy4               
0000284f  __aeabi_memcpy8               
0000284f  memcpy                        
000028eb  __aeabi_uldivmod              
00002981  __aeabi_cdcmpeq               
00002981  __aeabi_cdcmple               
00002a07  __aeabi_cdrcmple              
00002a8d  __aeabi_memclr                
00002a8d  __aeabi_memclr4               
00002a8d  __aeabi_memclr8               
00002a8f  __aeabi_memset                
00002a8f  __aeabi_memset4               
00002a8f  __aeabi_memset8               
00002a95  memset                        
00002b81  __vla_dealloc                 
00002ccf  __aeabi_d2f                   
00002d3d  __TI_decompress_lzss          
00002da5  frexp                         
00002da5  frexpl                        
00002e5f  __TI_ltoa                     
00002f05  atoi                          
00002f51  __aeabi_d2iz                  
00002f99  __TI_auto_init_nobinit_nopinit
00002fdd  vsnprintf                     
0000305b  __aeabi_f2d                   
00003095  IntRegister                   
000030c9  _c_int00_noargs               
0000312d  __aeabi_i2d                   
00003185  __aeabi_ui2d                  
000031a5  __TI_zero_init_nomemset       
000031dd  memccpy                       
000031f9  copysign                      
000031f9  copysignl                     
0000322b  strcmp                        
00003243  strchr                        
00003259  strcpy                        
0000326d  strlen                        
00003281  wcslen                        
00003293  IntMasterEnable               
000032a3  lcd_clear                     
000032b3  __TI_decompress_none          
000032c1  CPUcpsie                      
000032cd  ResetISR                      
000032d9  __aeabi_errno_addr            
000032e1  malloc                        
000032e9  __abort_execution             
000032ed  _system_pre_init              
000032f1  C$$EXIT                       
000032f1  abort                         
000032f4  _ctypes_                      
00003414  __TI_Handler_Table_Base       
00003420  __TI_Handler_Table_Limit      
00003430  __TI_CINIT_Base               
00003448  __TI_CINIT_Limit              
20000000  __start___llvm_prf_cnts       
20000000  __stop___llvm_prf_cnts        
20000000  g_pfnRAMVectors               
20000270  __stack                       
20000470  __STACK_TOP                   
20001270  __STACK_END                   
20001270  _sys_memory                   
200022c4  _timeout_ticks                
200022c8  overflow_occurence            
200022cc  g_start_time                  
200022d0  g_end_time                    
200022d4  g_state                       
200022d5  _running                      
200022d8  _lock                         
200022dc  _unlock                       
200022e8  command_byte                  
200022ec  command_flag                  
200022f0  errno                         
ffffffff  __TI_pprof_out_hndl           
ffffffff  __TI_prof_data_size           
ffffffff  __TI_prof_data_start          
ffffffff  __binit__                     
ffffffff  __c_args__                    
ffffffff  binit                         
UNDEFED   __mpu_init                    
UNDEFED   _system_post_cinit            

[131 symbols]
