
**** Build of configuration Debug for project Lab11 ****

"C:\\ti\\ccs1271\\ccs\\utils\\bin\\gmake" -k -j 24 all -O 
 
Building file: "../map.c"
Invoking: Arm Compiler
"C:/ti/ccs1271/ccs/tools/compiler/ti-cgt-arm_20.2.7.LTS/bin/armcl" -mv7M4 --code_state=16 --float_support=FPv4SPD16 -me --include_path="U:/CPRE288-Final-Project/CPRE288Workspace/Lab11" --include_path="C:/ti/TivaWare_C_Series-2.2.0.295" --include_path="C:/ti/ccs1271/ccs/tools/compiler/ti-cgt-arm_20.2.7.LTS/include" --define=ccs="ccs" --define=PART_TM4C1231H6PM -g --gcc --diag_warning=225 --diag_wrap=off --display_error_number --abi=eabi --preproc_with_compile --preproc_dependency="map.d_raw"  "../map.c"
Finished building: "../map.c"
 
Building file: "../main.c"
Invoking: Arm Compiler
"C:/ti/ccs1271/ccs/tools/compiler/ti-cgt-arm_20.2.7.LTS/bin/armcl" -mv7M4 --code_state=16 --float_support=FPv4SPD16 -me --include_path="U:/CPRE288-Final-Project/CPRE288Workspace/Lab11" --include_path="C:/ti/TivaWare_C_Series-2.2.0.295" --include_path="C:/ti/ccs1271/ccs/tools/compiler/ti-cgt-arm_20.2.7.LTS/include" --define=ccs="ccs" --define=PART_TM4C1231H6PM -g --gcc --diag_warning=225 --diag_wrap=off --display_error_number --abi=eabi --preproc_with_compile --preproc_dependency="main.d_raw"  "../main.c"
Finished building: "../main.c"
 
Building file: "../manual.c"
Invoking: Arm Compiler
"C:/ti/ccs1271/ccs/tools/compiler/ti-cgt-arm_20.2.7.LTS/bin/armcl" -mv7M4 --code_state=16 --float_support=FPv4SPD16 -me --include_path="U:/CPRE288-Final-Project/CPRE288Workspace/Lab11" --include_path="C:/ti/TivaWare_C_Series-2.2.0.295" --include_path="C:/ti/ccs1271/ccs/tools/compiler/ti-cgt-arm_20.2.7.LTS/include" --define=ccs="ccs" --define=PART_TM4C1231H6PM -g --gcc --diag_warning=225 --diag_wrap=off --display_error_number --abi=eabi --preproc_with_compile --preproc_dependency="manual.d_raw"  "../manual.c"
Finished building: "../manual.c"
 
Building file: "../movement.c"
Invoking: Arm Compiler
"C:/ti/ccs1271/ccs/tools/compiler/ti-cgt-arm_20.2.7.LTS/bin/armcl" -mv7M4 --code_state=16 --float_support=FPv4SPD16 -me --include_path="U:/CPRE288-Final-Project/CPRE288Workspace/Lab11" --include_path="C:/ti/TivaWare_C_Series-2.2.0.295" --include_path="C:/ti/ccs1271/ccs/tools/compiler/ti-cgt-arm_20.2.7.LTS/include" --define=ccs="ccs" --define=PART_TM4C1231H6PM -g --gcc --diag_warning=225 --diag_wrap=off --display_error_number --abi=eabi --preproc_with_compile --preproc_dependency="movement.d_raw"  "../movement.c"
Finished building: "../movement.c"
 
Building file: "../utility.c"
Invoking: Arm Compiler
"C:/ti/ccs1271/ccs/tools/compiler/ti-cgt-arm_20.2.7.LTS/bin/armcl" -mv7M4 --code_state=16 --float_support=FPv4SPD16 -me --include_path="U:/CPRE288-Final-Project/CPRE288Workspace/Lab11" --include_path="C:/ti/TivaWare_C_Series-2.2.0.295" --include_path="C:/ti/ccs1271/ccs/tools/compiler/ti-cgt-arm_20.2.7.LTS/include" --define=ccs="ccs" --define=PART_TM4C1231H6PM -g --gcc --diag_warning=225 --diag_wrap=off --display_error_number --abi=eabi --preproc_with_compile --preproc_dependency="utility.d_raw"  "../utility.c"
Finished building: "../utility.c"
 
Building target: "Lab11.out"
Invoking: Arm Linker
"C:/ti/ccs1271/ccs/tools/compiler/ti-cgt-arm_20.2.7.LTS/bin/armcl" -mv7M4 --code_state=16 --float_support=FPv4SPD16 -me --define=ccs="ccs" --define=PART_TM4C1231H6PM -g --gcc --diag_warning=225 --diag_wrap=off --display_error_number --abi=eabi -z -m"Lab11.map" --heap_size=4096 --stack_size=4096 -i"C:/ti/ccs1271/ccs/tools/compiler/ti-cgt-arm_20.2.7.LTS/lib" -i"C:/ti/ccs1271/ccs/tools/compiler/ti-cgt-arm_20.2.7.LTS/include" --reread_libs --diag_wrap=off --display_error_number --warn_sections --xml_link_info="Lab11_linkInfo.xml" --rom_model -o "Lab11.out" "./Timer.obj" "./adc.obj" "./boundary.obj" "./button.obj" "./lcd.obj" "./logMessage.obj" "./main.obj" "./manual.obj" "./map.obj" "./movement.obj" "./open_interface.obj" "./ping.obj" "./servo.obj" "./tm4c1231h6pm_startup_ccs.obj" "./uart-interrupt.obj" "./utility.obj" "../tm4c1231h6pm.cmd"  -llibc.a -l"C:/ti/TivaWare_C_Series-2.2.0.295/driverlib/ccs/Debug/driverlib.lib" 
<Linking>
Finished building target: "Lab11.out"
 

**** Build Finished ****
