******************************************************************************
                  TI ARM Linker PC v20.2.7                     
******************************************************************************
>> Linked Mon Apr 13 16:00:53 2026

OUTPUT FILE NAME:   <Lab9.out>
ENTRY POINT SYMBOL: "_c_int00_noargs"  address: 00003511


MEMORY CONFIGURATION

         name            origin    length      used     unused   attr    fill
----------------------  --------  ---------  --------  --------  ----  --------
  FLASH                 00000000   00040000  0000388d  0003c773  R  X
  SRAM                  20000000   00008000  00002304  00005cfc  RW X


SEGMENT ALLOCATION MAP

run origin  load origin   length   init length attrs members
----------  ----------- ---------- ----------- ----- -------
00000000    00000000    00003890   00003890    r-x
  00000000    00000000    0000026c   0000026c    r-- .intvecs
  0000026c    0000026c    000034d0   000034d0    r-x .text
  0000373c    0000373c    00000109   00000109    r-- .const
  00003848    00003848    00000048   00000048    r-- .cinit
20000000    20000000    00002308   00000000    rw-
  20000000    20000000    0000026c   00000000    rw- .vtable
  20000270    20000270    00001000   00000000    rw- .stack
  20001270    20001270    00001000   00000000    rw- .sysmem
  20002270    20002270    00000064   00000000    rw- .bss
  200022d4    200022d4    00000034   00000000    rw- .data


SECTION ALLOCATION MAP

 output                                  attributes/
section   page    origin      length       input sections
--------  ----  ----------  ----------   ----------------
.intvecs   0    00000000    0000026c     
                  00000000    0000026c     tm4c1231h6pm_startup_ccs.obj (.intvecs)

.text      0    0000026c    000034d0     
                  0000026c    00000a4e     rtsv7M4_T_le_v4SPD16_eabi.lib : _printfi.c.obj (.text:__TI_printfi)
                  00000cba    00000002                                   : _lock.c.obj (.text:_nop)
                  00000cbc    00000328     lcd.obj (.text)
                  00000fe4    000002b4     ping.obj (.text)
                  00001298    00000270     rtsv7M4_T_le_v4SPD16_eabi.lib : _printfi.c.obj (.text:_pconv_a)
                  00001508    00000260     libcybotScan.lib : cyBot_Scan.obj (.text)
                  00001768    00000248     Timer.obj (.text)
                  000019b0    00000208     uart-interrupt.obj (.text)
                  00001bb8    000001d0     rtsv7M4_T_le_v4SPD16_eabi.lib : _printfi.c.obj (.text:_pconv_g)
                  00001d88    000001b6                                   : fd_add_t2.asm.obj (.text)
                  00001f3e    00000002                                   : div0.asm.obj (.text)
                  00001f40    00000158     libcybotScan.lib : servo.obj (.text)
                  00002098    0000014c     rtsv7M4_T_le_v4SPD16_eabi.lib : vla_alloc.c.obj (.text:__vla_alloc)
                  000021e4    0000013c                                   : _printfi.c.obj (.text:_pconv_e)
                  00002320    00000136                                   : fd_div_t2.asm.obj (.text)
                  00002456    00000002     --HOLE-- [fill = 0]
                  00002458    00000124                                   : _printfi.c.obj (.text:fcvt)
                  0000257c    00000118     libcybotScan.lib : ir.obj (.text)
                  00002694    00000110     rtsv7M4_T_le_v4SPD16_eabi.lib : s_scalbn.c.obj (.text:scalbn)
                  000027a4    00000100                                   : memory.c.obj (.text:aligned_alloc)
                  000028a4    000000fc                                   : fd_mul_t2.asm.obj (.text)
                  000029a0    000000e4                                   : memory.c.obj (.text:free)
                  00002a84    000000e4                                   : memory.c.obj (.text:realloc)
                  00002b68    000000b1                                   : _printfi.c.obj (.text:_ltostr)
                  00002c19    00000001     --HOLE-- [fill = 0]
                  00002c1a    0000009c                                   : memcpy_t2.asm.obj (.text)
                  00002cb6    00000096                                   : ull_div_t2.asm.obj (.text)
                  00002d4c    00000086                                   : fd_cmp_t2.asm.obj (.text:__aeabi_cdcmple)
                  00002dd2    00000086                                   : fd_cmp_t2.asm.obj (.text:__aeabi_cdrcmple)
                  00002e58    0000007c     lab9.obj (.text)
                  00002ed4    0000007a     rtsv7M4_T_le_v4SPD16_eabi.lib : memset_t2.asm.obj (.text)
                  00002f4e    00000002     --HOLE-- [fill = 0]
                  00002f50    00000078                                   : vla_alloc.c.obj (.text:_ZN33_INTERNAL_11_vla_alloc_c_be8bd49b21free_dead_allocationsEPv)
                  00002fc8    00000070                                   : vla_alloc.c.obj (.text:__vla_dealloc)
                  00003038    00000070                                   : memory.c.obj (.text:split)
                  000030a8    0000006e                                   : _printfi.c.obj (.text:_mcpy)
                  00003116    0000006e                                   : fd_tos_t2.asm.obj (.text)
                  00003184    00000068                                   : copy_decompress_lzss.c.obj (.text:decompress:lzss:__TI_decompress_lzss)
                  000031ec    00000064                                   : s_frexp.c.obj (.text:frexp)
                  00003250    00000056                                   : _printfi.c.obj (.text:_pconv_f)
                  000032a6    00000054                                   : _ltoa.c.obj (.text:__TI_ltoa)
                  000032fa    00000052                                   : _printfi.c.obj (.text:_ecpy)
                  0000334c    0000004c                                   : atoi.c.obj (.text:atoi)
                  00003398    00000048                                   : fd_toi_t2.asm.obj (.text)
                  000033e0    00000044                                   : autoinit.c.obj (.text:__TI_auto_init_nobinit_nopinit:__TI_auto_init_nobinit_nopinit)
                  00003424    00000040                                   : vsnprintf.c.obj (.text:vsnprintf)
                  00003464    0000003e                                   : _printfi.c.obj (.text:_fcpy)
                  000034a2    00000038                                   : fs_tod_t2.asm.obj (.text)
                  000034da    00000002     --HOLE-- [fill = 0]
                  000034dc    00000034     driverlib.lib : interrupt.obj (.text:IntRegister)
                  00003510    00000034     rtsv7M4_T_le_v4SPD16_eabi.lib : boot_cortex_m.c.obj (.text:_c_int00_noargs:_c_int00_noargs)
                  00003544    00000030                                   : vsnprintf.c.obj (.text:_outs)
                  00003574    0000002e                                   : i_tofd_t2.asm.obj (.text)
                  000035a2    00000002     --HOLE-- [fill = 0]
                  000035a4    00000028                                   : memory.c.obj (.text:free_list_insert)
                  000035cc    00000020                                   : u_tofd_t2.asm.obj (.text)
                  000035ec    0000001c                                   : copy_zero_init.c.obj (.text:decompress:ZI:__TI_zero_init_nomemset:__TI_zero_init_nomemset)
                  00003608    0000001c                                   : memory.c.obj (.text:free_list_remove)
                  00003624    0000001c                                   : memccpy.c.obj (.text:memccpy)
                  00003640    0000001a                                   : s_copysign.c.obj (.text:copysign)
                  0000365a    00000018                                   : vsnprintf.c.obj (.text:_outc)
                  00003672    00000018                                   : strcmp.c.obj (.text:strcmp)
                  0000368a    00000016                                   : strchr.c.obj (.text:strchr)
                  000036a0    00000014                                   : strcpy.c.obj (.text:strcpy)
                  000036b4    00000014                                   : strlen.c.obj (.text:strlen)
                  000036c8    00000012                                   : wcslen.c.obj (.text:wcslen)
                  000036da    00000010     driverlib.lib : interrupt.obj (.text:IntMasterEnable)
                  000036ea    00000010     lcd.obj (.text:lcd_clear)
                  000036fa    0000000e     rtsv7M4_T_le_v4SPD16_eabi.lib : copy_decompress_none.c.obj (.text:decompress:none:__TI_decompress_none)
                  00003708    0000000c     driverlib.lib : cpu.obj (.text:CPUcpsie)
                  00003714    0000000c     tm4c1231h6pm_startup_ccs.obj (.text)
                  00003720    00000008     rtsv7M4_T_le_v4SPD16_eabi.lib : errno.c.obj (.text:__aeabi_errno_addr)
                  00003728    00000008                                   : memory.c.obj (.text:malloc)
                  00003730    00000004                                   : error.c.obj (.text:__abort_execution)
                  00003734    00000004                                   : pre_init.c.obj (.text:_system_pre_init)
                  00003738    00000004                                   : exit.c.obj (.text:abort:abort)

.const     0    0000373c    00000109     
                  0000373c    00000101     rtsv7M4_T_le_v4SPD16_eabi.lib : ctype.c.obj (.const:.string:_ctypes_)
                  0000383d    00000004     lcd.obj (.const:.string:lineAddress$1)
                  00003841    00000004     lcd.obj (.const:.string:lineAddresses$2)

.cinit     0    00003848    00000048     
                  00003848    00000014     (.cinit..data.load) [load image, compression = lzss]
                  0000385c    0000000c     (__TI_handler_table)
                  00003868    00000008     (.cinit..bss.load) [load image, compression = zero_init]
                  00003870    00000008     (.cinit..vtable.load) [load image, compression = zero_init]
                  00003878    00000018     (__TI_cinit_table)

.init_array 
*          0    00000000    00000000     UNINITIALIZED

.vtable    0    20000000    0000026c     UNINITIALIZED
                  20000000    0000026c     driverlib.lib : interrupt.obj (.vtable)

.stack     0    20000270    00001000     UNINITIALIZED
                  20000270    00000004     rtsv7M4_T_le_v4SPD16_eabi.lib : boot_cortex_m.c.obj (.stack)
                  20000274    00000ffc     --HOLE--

.sysmem    0    20001270    00001000     UNINITIALIZED
                  20001270    00000010     rtsv7M4_T_le_v4SPD16_eabi.lib : memory.c.obj (.sysmem)
                  20001280    00000ff0     --HOLE--

.bss       0    20002270    00000064     UNINITIALIZED
                  20002270    00000054     lcd.obj (.bss:lastbuffer$3)
                  200022c4    00000004     (.common:_timeout_ticks)
                  200022c8    00000004     (.common:isr_int_value)
                  200022cc    00000004     (.common:left_calibration_value)
                  200022d0    00000004     (.common:right_calibration_value)

.data      0    200022d4    00000034     UNINITIALIZED
                  200022d4    0000000d     ping.obj (.data)
                  200022e1    00000001     Timer.obj (.data)
                  200022e2    00000002     --HOLE--
                  200022e4    00000008     rtsv7M4_T_le_v4SPD16_eabi.lib : _lock.c.obj (.data:$O1$$)
                  200022ec    00000008                                   : memory.c.obj (.data:$O1$$)
                  200022f4    00000008     uart-interrupt.obj (.data)
                  200022fc    00000004     libcybotScan.lib : cyBot_Scan.obj (.data)
                  20002300    00000004     rtsv7M4_T_le_v4SPD16_eabi.lib : errno.c.obj (.data)
                  20002304    00000004                                   : vla_alloc.c.obj (.data)

__llvm_prf_cnts 
*          0    20000000    00000000     UNINITIALIZED

MODULE SUMMARY

       Module                         code    ro data   rw data
       ------                         ----    -------   -------
    .\
       lcd.obj                        824     8         84     
       ping.obj                       692     0         13     
       tm4c1231h6pm_startup_ccs.obj   12      620       0      
       Timer.obj                      584     0         5      
       uart-interrupt.obj             520     0         8      
       lab9.obj                       124     0         0      
       Scan.obj                       0       0         8      
    +--+------------------------------+-------+---------+---------+
       Total:                         2756    628       118    
                                                               
    ../libcybotScan.lib
       cyBot_Scan.obj                 608     0         4      
       servo.obj                      344     0         0      
       ir.obj                         280     0         4      
    +--+------------------------------+-------+---------+---------+
       Total:                         1232    0         8      
                                                               
    C:/ti/TivaWare_C_Series-2.2.0.295/driverlib/ccs/Debug/driverlib.lib
       interrupt.obj                  68      0         620    
       cpu.obj                        12      0         0      
    +--+------------------------------+-------+---------+---------+
       Total:                         80      0         620    
                                                               
    C:\ti\ccs1271\ccs\tools\compiler\ti-cgt-arm_20.2.7.LTS\lib\rtsv7M4_T_le_v4SPD16_eabi.lib
       _printfi.c.obj                 4851    0         0      
       memory.c.obj                   900     0         8      
       vla_alloc.c.obj                564     0         4      
       fd_add_t2.asm.obj              438     0         0      
       fd_div_t2.asm.obj              310     0         0      
       s_scalbn.c.obj                 272     0         0      
       fd_cmp_t2.asm.obj              268     0         0      
       ctype.c.obj                    0       257       0      
       fd_mul_t2.asm.obj              252     0         0      
       memcpy_t2.asm.obj              156     0         0      
       ull_div_t2.asm.obj             150     0         0      
       vsnprintf.c.obj                136     0         0      
       memset_t2.asm.obj              122     0         0      
       fd_tos_t2.asm.obj              110     0         0      
       copy_decompress_lzss.c.obj     104     0         0      
       s_frexp.c.obj                  100     0         0      
       _ltoa.c.obj                    84      0         0      
       atoi.c.obj                     76      0         0      
       fd_toi_t2.asm.obj              72      0         0      
       autoinit.c.obj                 68      0         0      
       fs_tod_t2.asm.obj              56      0         0      
       boot_cortex_m.c.obj            52      0         0      
       i_tofd_t2.asm.obj              46      0         0      
       u_tofd_t2.asm.obj              32      0         0      
       copy_zero_init.c.obj           28      0         0      
       memccpy.c.obj                  28      0         0      
       s_copysign.c.obj               26      0         0      
       strcmp.c.obj                   24      0         0      
       strchr.c.obj                   22      0         0      
       strcpy.c.obj                   20      0         0      
       strlen.c.obj                   20      0         0      
       wcslen.c.obj                   18      0         0      
       copy_decompress_none.c.obj     14      0         0      
       errno.c.obj                    8       0         4      
       _lock.c.obj                    2       0         8      
       error.c.obj                    4       0         0      
       exit.c.obj                     4       0         0      
       pre_init.c.obj                 4       0         0      
       div0.asm.obj                   2       0         0      
    +--+------------------------------+-------+---------+---------+
       Total:                         9443    257       24     
                                                               
       Heap:                          0       0         4096   
       Stack:                         0       0         4096   
       Linker Generated:              0       72        0      
    +--+------------------------------+-------+---------+---------+
       Grand Total:                   13511   957       8962   


LINKER GENERATED COPY TABLES

__TI_cinit_table @ 00003878 records: 3, size/record: 8, table size: 24
	.data: load addr=00003848, load size=00000014 bytes, run addr=200022d4, run size=00000034 bytes, compression=lzss
	.bss: load addr=00003868, load size=00000008 bytes, run addr=20002270, run size=00000064 bytes, compression=zero_init
	.vtable: load addr=00003870, load size=00000008 bytes, run addr=20000000, run size=0000026c bytes, compression=zero_init


LINKER GENERATED HANDLER TABLE

__TI_handler_table @ 0000385c records: 3, size/record: 4, table size: 12
	index: 0, handler: __TI_zero_init
	index: 1, handler: __TI_decompress_lzss
	index: 2, handler: __TI_decompress_none


GLOBAL SYMBOLS: SORTED ALPHABETICALLY BY Name 

address   name                          
-------   ----                          
00002615  ADC0SS0_Handler               
00003739  C$$EXIT                       
00003709  CPUcpsie                      
000036db  IntMasterEnable               
000034dd  IntRegister                   
00003715  ResetISR                      
0000113d  TIMER3B_Handler               
00001b01  UART1_Handler                 
20001270  __STACK_END                   
00001000  __STACK_SIZE                  
20000470  __STACK_TOP                   
00001000  __SYSMEM_SIZE                 
00003878  __TI_CINIT_Base               
00003890  __TI_CINIT_Limit              
0000385c  __TI_Handler_Table_Base       
00003868  __TI_Handler_Table_Limit      
000033e1  __TI_auto_init_nobinit_nopinit
00003185  __TI_decompress_lzss          
000036fb  __TI_decompress_none          
000032a7  __TI_ltoa                     
ffffffff  __TI_pprof_out_hndl           
0000026d  __TI_printfi                  
ffffffff  __TI_prof_data_size           
ffffffff  __TI_prof_data_start          
00000000  __TI_static_base__            
000035ed  __TI_zero_init_nomemset       
00003731  __abort_execution             
00002d4d  __aeabi_cdcmpeq               
00002d4d  __aeabi_cdcmple               
00002dd3  __aeabi_cdrcmple              
00003117  __aeabi_d2f                   
00003399  __aeabi_d2iz                  
00001d93  __aeabi_dadd                  
00002321  __aeabi_ddiv                  
000028a5  __aeabi_dmul                  
00001d89  __aeabi_dsub                  
00003721  __aeabi_errno_addr            
000034a3  __aeabi_f2d                   
00003575  __aeabi_i2d                   
00001f3f  __aeabi_idiv0                 
00001f3f  __aeabi_ldiv0                 
00002ed5  __aeabi_memclr                
00002ed5  __aeabi_memclr4               
00002ed5  __aeabi_memclr8               
00002c1b  __aeabi_memcpy                
00002c1b  __aeabi_memcpy4               
00002c1b  __aeabi_memcpy8               
00002ed7  __aeabi_memset                
00002ed7  __aeabi_memset4               
00002ed7  __aeabi_memset8               
000035cd  __aeabi_ui2d                  
00002cb7  __aeabi_uldivmod              
ffffffff  __binit__                     
ffffffff  __c_args__                    
UNDEFED   __mpu_init                    
20000270  __stack                       
20000000  __start___llvm_prf_cnts       
20000000  __stop___llvm_prf_cnts        
00002099  __vla_alloc                   
00002fc9  __vla_dealloc                 
00003511  _c_int00_noargs               
0000373c  _ctypes_                      
200022e4  _lock                         
00000cbb  _nop                          
200022e1  _running                      
20001270  _sys_memory                   
UNDEFED   _system_post_cinit            
00003735  _system_pre_init              
200022c4  _timeout_ticks                
200022e8  _unlock                       
00003739  abort                         
000027a5  aligned_alloc                 
0000334d  atoi                          
ffffffff  binit                         
200022f4  command_byte                  
200022f8  command_flag                  
00003641  copysign                      
00003641  copysignl                     
000015e1  cyBOT_SERVO_cal               
0000156f  cyBOT_Scan                    
00001517  cyBOT_init_Scan               
200022fc  cyBOT_scan_features           
00001509  cyBOT_scan_version            
20002300  errno                         
000029a1  free                          
000031ed  frexp                         
000031ed  frexpl                        
200022dc  g_end_time                    
20000000  g_pfnRAMVectors               
00000000  g_pfnVectors                  
200022d8  g_start_time                  
200022e0  g_state                       
0000262b  ir_enableInterrupt            
0000260d  ir_getDistance                
000025e5  ir_getValue                   
0000257d  ir_init                       
200022c8  isr_int_value                 
000036eb  lcd_clear                     
00000e91  lcd_gotoLine                  
00000cf9  lcd_init                      
00000ef7  lcd_printf                    
00000db9  lcd_putc                      
00000df1  lcd_puts                      
00000cbd  lcd_reverseNibble             
00000e0f  lcd_sendCommand               
00000e4d  lcd_sendNibble                
00000eb9  lcd_setCursorPos              
00002695  ldexp                         
00002695  ldexpl                        
200022cc  left_calibration_value        
00002e59  logMessage                    
00002eb3  main                          
00003729  malloc                        
000027a5  memalign                      
00003625  memccpy                       
00002c1b  memcpy                        
00002edd  memset                        
200022d4  overflow_occurence            
00001185  ping_getDistance              
00000fe5  ping_init                     
000010b5  ping_trigger                  
00002a85  realloc                       
00002ea5  resetGlobals                  
200022d0  right_calibration_value       
00002695  scalbn                        
00002695  scalbnl                       
00001f41  servo_init                    
00001fd1  servo_move                    
00002031  servo_setPWM                  
00001fc5  servo_stop                    
0000368b  strchr                        
00003673  strcmp                        
000036a1  strcpy                        
000036b5  strlen                        
00001887  timer_getMicros               
0000182f  timer_getMillis               
00001769  timer_init                    
0000180b  timer_pause                   
0000181d  timer_resume                  
000017e1  timer_stop                    
000018e1  timer_waitMicros              
00001913  timer_waitMillis              
000019b1  uart_interrupt_init           
00001ab3  uart_receive                  
00001a97  uart_sendChar                 
00001ad9  uart_sendStr                  
00003425  vsnprintf                     
000036c9  wcslen                        


GLOBAL SYMBOLS: SORTED BY Symbol Address 

address   name                          
-------   ----                          
00000000  __TI_static_base__            
00000000  g_pfnVectors                  
0000026d  __TI_printfi                  
00000cbb  _nop                          
00000cbd  lcd_reverseNibble             
00000cf9  lcd_init                      
00000db9  lcd_putc                      
00000df1  lcd_puts                      
00000e0f  lcd_sendCommand               
00000e4d  lcd_sendNibble                
00000e91  lcd_gotoLine                  
00000eb9  lcd_setCursorPos              
00000ef7  lcd_printf                    
00000fe5  ping_init                     
00001000  __STACK_SIZE                  
00001000  __SYSMEM_SIZE                 
000010b5  ping_trigger                  
0000113d  TIMER3B_Handler               
00001185  ping_getDistance              
00001509  cyBOT_scan_version            
00001517  cyBOT_init_Scan               
0000156f  cyBOT_Scan                    
000015e1  cyBOT_SERVO_cal               
00001769  timer_init                    
000017e1  timer_stop                    
0000180b  timer_pause                   
0000181d  timer_resume                  
0000182f  timer_getMillis               
00001887  timer_getMicros               
000018e1  timer_waitMicros              
00001913  timer_waitMillis              
000019b1  uart_interrupt_init           
00001a97  uart_sendChar                 
00001ab3  uart_receive                  
00001ad9  uart_sendStr                  
00001b01  UART1_Handler                 
00001d89  __aeabi_dsub                  
00001d93  __aeabi_dadd                  
00001f3f  __aeabi_idiv0                 
00001f3f  __aeabi_ldiv0                 
00001f41  servo_init                    
00001fc5  servo_stop                    
00001fd1  servo_move                    
00002031  servo_setPWM                  
00002099  __vla_alloc                   
00002321  __aeabi_ddiv                  
0000257d  ir_init                       
000025e5  ir_getValue                   
0000260d  ir_getDistance                
00002615  ADC0SS0_Handler               
0000262b  ir_enableInterrupt            
00002695  ldexp                         
00002695  ldexpl                        
00002695  scalbn                        
00002695  scalbnl                       
000027a5  aligned_alloc                 
000027a5  memalign                      
000028a5  __aeabi_dmul                  
000029a1  free                          
00002a85  realloc                       
00002c1b  __aeabi_memcpy                
00002c1b  __aeabi_memcpy4               
00002c1b  __aeabi_memcpy8               
00002c1b  memcpy                        
00002cb7  __aeabi_uldivmod              
00002d4d  __aeabi_cdcmpeq               
00002d4d  __aeabi_cdcmple               
00002dd3  __aeabi_cdrcmple              
00002e59  logMessage                    
00002ea5  resetGlobals                  
00002eb3  main                          
00002ed5  __aeabi_memclr                
00002ed5  __aeabi_memclr4               
00002ed5  __aeabi_memclr8               
00002ed7  __aeabi_memset                
00002ed7  __aeabi_memset4               
00002ed7  __aeabi_memset8               
00002edd  memset                        
00002fc9  __vla_dealloc                 
00003117  __aeabi_d2f                   
00003185  __TI_decompress_lzss          
000031ed  frexp                         
000031ed  frexpl                        
000032a7  __TI_ltoa                     
0000334d  atoi                          
00003399  __aeabi_d2iz                  
000033e1  __TI_auto_init_nobinit_nopinit
00003425  vsnprintf                     
000034a3  __aeabi_f2d                   
000034dd  IntRegister                   
00003511  _c_int00_noargs               
00003575  __aeabi_i2d                   
000035cd  __aeabi_ui2d                  
000035ed  __TI_zero_init_nomemset       
00003625  memccpy                       
00003641  copysign                      
00003641  copysignl                     
00003673  strcmp                        
0000368b  strchr                        
000036a1  strcpy                        
000036b5  strlen                        
000036c9  wcslen                        
000036db  IntMasterEnable               
000036eb  lcd_clear                     
000036fb  __TI_decompress_none          
00003709  CPUcpsie                      
00003715  ResetISR                      
00003721  __aeabi_errno_addr            
00003729  malloc                        
00003731  __abort_execution             
00003735  _system_pre_init              
00003739  C$$EXIT                       
00003739  abort                         
0000373c  _ctypes_                      
0000385c  __TI_Handler_Table_Base       
00003868  __TI_Handler_Table_Limit      
00003878  __TI_CINIT_Base               
00003890  __TI_CINIT_Limit              
20000000  __start___llvm_prf_cnts       
20000000  __stop___llvm_prf_cnts        
20000000  g_pfnRAMVectors               
20000270  __stack                       
20000470  __STACK_TOP                   
20001270  __STACK_END                   
20001270  _sys_memory                   
200022c4  _timeout_ticks                
200022c8  isr_int_value                 
200022cc  left_calibration_value        
200022d0  right_calibration_value       
200022d4  overflow_occurence            
200022d8  g_start_time                  
200022dc  g_end_time                    
200022e0  g_state                       
200022e1  _running                      
200022e4  _lock                         
200022e8  _unlock                       
200022f4  command_byte                  
200022f8  command_flag                  
200022fc  cyBOT_scan_features           
20002300  errno                         
ffffffff  __TI_pprof_out_hndl           
ffffffff  __TI_prof_data_size           
ffffffff  __TI_prof_data_start          
ffffffff  __binit__                     
ffffffff  __c_args__                    
ffffffff  binit                         
UNDEFED   __mpu_init                    
UNDEFED   _system_post_cinit            

[148 symbols]
