******************************************************************************
                  TI ARM Linker PC v20.2.7                     
******************************************************************************
>> Linked Mon Apr 13 16:03:47 2026

OUTPUT FILE NAME:   <Lab3.out>
ENTRY POINT SYMBOL: "_c_int00_noargs"  address: 000040f1


MEMORY CONFIGURATION

         name            origin    length      used     unused   attr    fill
----------------------  --------  ---------  --------  --------  ----  --------
  FLASH                 00000000   00040000  0000448c  0003bb74  R  X
  SRAM                  20000000   00008000  00002636  000059ca  RW X


SEGMENT ALLOCATION MAP

run origin  load origin   length   init length attrs members
----------  ----------- ---------- ----------- ----- -------
00000000    00000000    00004490   00004490    r-x
  00000000    00000000    0000026c   0000026c    r-- .intvecs
  0000026c    0000026c    000040b8   000040b8    r-x .text
  00004324    00004324    00000118   00000118    r-- .const
  00004440    00004440    00000050   00000050    r-- .cinit
20000000    20000000    0000263d   00000000    rw-
  20000000    20000000    0000026c   00000000    rw- .vtable
  20000270    20000270    00001000   00000000    rw- .stack
  20001270    20001270    00001000   00000000    rw- .sysmem
  20002270    20002270    0000038d   00000000    rw- .bss
  20002600    20002600    0000003d   00000000    rw- .data


SECTION ALLOCATION MAP

 output                                  attributes/
section   page    origin      length       input sections
--------  ----  ----------  ----------   ----------------
.intvecs   0    00000000    0000026c     
                  00000000    0000026c     tm4c1231h6pm_startup_ccs.obj (.intvecs)

.text      0    0000026c    000040b8     
                  0000026c    00000c20     open_interface.obj (.text)
                  00000e8c    00000a4e     rtsv7M4_T_le_v4SPD16_eabi.lib : _printfi.c.obj (.text:__TI_printfi)
                  000018da    00000002                                   : _lock.c.obj (.text:_nop)
                  000018dc    0000044e     lab3test.obj (.text)
                  00001d2a    00000002     rtsv7M4_T_le_v4SPD16_eabi.lib : div0.asm.obj (.text)
                  00001d2c    00000328     lcd.obj (.text)
                  00002054    00000270     rtsv7M4_T_le_v4SPD16_eabi.lib : _printfi.c.obj (.text:_pconv_a)
                  000022c4    00000260     libcybotScan.lib : cyBot_Scan.obj (.text)
                  00002524    00000248     Timer.obj (.text)
                  0000276c    000001ec     libcybotScan.lib : ping.obj (.text)
                  00002958    000001d0     rtsv7M4_T_le_v4SPD16_eabi.lib : _printfi.c.obj (.text:_pconv_g)
                  00002b28    000001b6                                   : fd_add_t2.asm.obj (.text)
                  00002cde    00000002     --HOLE-- [fill = 0]
                  00002ce0    0000015c     libcybotUART.lib : uart.obj (.text)
                  00002e3c    00000158     libcybotScan.lib : servo.obj (.text)
                  00002f94    0000013c     rtsv7M4_T_le_v4SPD16_eabi.lib : _printfi.c.obj (.text:_pconv_e)
                  000030d0    00000136                                   : fd_div_t2.asm.obj (.text)
                  00003206    00000002     --HOLE-- [fill = 0]
                  00003208    00000124                                   : _printfi.c.obj (.text:fcvt)
                  0000332c    00000118     libcybotScan.lib : ir.obj (.text)
                  00003444    00000110     rtsv7M4_T_le_v4SPD16_eabi.lib : s_scalbn.c.obj (.text:scalbn)
                  00003554    00000100                                   : memory.c.obj (.text:aligned_alloc)
                  00003654    000000fc                                   : fd_mul_t2.asm.obj (.text)
                  00003750    000000e4                                   : memory.c.obj (.text:free)
                  00003834    000000b1                                   : _printfi.c.obj (.text:_ltostr)
                  000038e5    00000001     --HOLE-- [fill = 0]
                  000038e6    0000009c                                   : memcpy_t2.asm.obj (.text)
                  00003982    00000096                                   : ull_div_t2.asm.obj (.text)
                  00003a18    00000086                                   : fd_cmp_t2.asm.obj (.text:__aeabi_cdcmple)
                  00003a9e    00000086                                   : fd_cmp_t2.asm.obj (.text:__aeabi_cdrcmple)
                  00003b24    0000007a                                   : memset_t2.asm.obj (.text)
                  00003b9e    00000002     --HOLE-- [fill = 0]
                  00003ba0    00000070                                   : memory.c.obj (.text:split)
                  00003c10    0000006e                                   : _printfi.c.obj (.text:_mcpy)
                  00003c7e    0000006e                                   : fd_tos_t2.asm.obj (.text)
                  00003cec    00000068                                   : copy_decompress_lzss.c.obj (.text:decompress:lzss:__TI_decompress_lzss)
                  00003d54    00000064                                   : s_frexp.c.obj (.text:frexp)
                  00003db8    00000056                                   : _printfi.c.obj (.text:_pconv_f)
                  00003e0e    00000054                                   : _ltoa.c.obj (.text:__TI_ltoa)
                  00003e62    00000052                                   : _printfi.c.obj (.text:_ecpy)
                  00003eb4    0000004c                                   : atoi.c.obj (.text:atoi)
                  00003f00    00000048                                   : fd_toi_t2.asm.obj (.text)
                  00003f48    00000044                                   : autoinit.c.obj (.text:__TI_auto_init_nobinit_nopinit:__TI_auto_init_nobinit_nopinit)
                  00003f8c    00000040                                   : sprintf.c.obj (.text:sprintf)
                  00003fcc    00000040                                   : vsnprintf.c.obj (.text:vsnprintf)
                  0000400c    0000003e                                   : _printfi.c.obj (.text:_fcpy)
                  0000404a    00000002     --HOLE-- [fill = 0]
                  0000404c    00000038                                   : memory.c.obj (.text:calloc)
                  00004084    00000038                                   : fs_tod_t2.asm.obj (.text)
                  000040bc    00000034     driverlib.lib : interrupt.obj (.text:IntRegister)
                  000040f0    00000034     rtsv7M4_T_le_v4SPD16_eabi.lib : boot_cortex_m.c.obj (.text:_c_int00_noargs:_c_int00_noargs)
                  00004124    00000030                                   : vsnprintf.c.obj (.text:_outs)
                  00004154    0000002e                                   : i_tofd_t2.asm.obj (.text)
                  00004182    00000002     --HOLE-- [fill = 0]
                  00004184    00000028                                   : memory.c.obj (.text:free_list_insert)
                  000041ac    0000001c                                   : memory.c.obj (.text:free_list_remove)
                  000041c8    0000001c                                   : memccpy.c.obj (.text:memccpy)
                  000041e4    0000001a                                   : s_copysign.c.obj (.text:copysign)
                  000041fe    00000018                                   : vsnprintf.c.obj (.text:_outc)
                  00004216    00000018                                   : sprintf.c.obj (.text:_outs)
                  0000422e    00000018     open_interface.obj (.text:oi_parseInt)
                  00004246    00000018     rtsv7M4_T_le_v4SPD16_eabi.lib : strcmp.c.obj (.text:strcmp)
                  0000425e    00000016                                   : strchr.c.obj (.text:strchr)
                  00004274    00000014                                   : strcpy.c.obj (.text:strcpy)
                  00004288    00000014                                   : strlen.c.obj (.text:strlen)
                  0000429c    00000012                                   : wcslen.c.obj (.text:wcslen)
                  000042ae    00000010     driverlib.lib : interrupt.obj (.text:IntMasterEnable)
                  000042be    00000010     lcd.obj (.text:lcd_clear)
                  000042ce    0000000e     rtsv7M4_T_le_v4SPD16_eabi.lib : copy_decompress_none.c.obj (.text:decompress:none:__TI_decompress_none)
                  000042dc    0000000c     driverlib.lib : cpu.obj (.text:CPUcpsie)
                  000042e8    0000000c     rtsv7M4_T_le_v4SPD16_eabi.lib : copy_zero_init.c.obj (.text:decompress:ZI:__TI_zero_init)
                  000042f4    0000000c     tm4c1231h6pm_startup_ccs.obj (.text)
                  00004300    0000000a     rtsv7M4_T_le_v4SPD16_eabi.lib : sprintf.c.obj (.text:_outc)
                  0000430a    00000002     --HOLE-- [fill = 0]
                  0000430c    00000008                                   : errno.c.obj (.text:__aeabi_errno_addr)
                  00004314    00000008                                   : memory.c.obj (.text:malloc)
                  0000431c    00000004                                   : pre_init.c.obj (.text:_system_pre_init)
                  00004320    00000004                                   : exit.c.obj (.text:abort:abort)

.const     0    00004324    00000118     
                  00004324    00000101     rtsv7M4_T_le_v4SPD16_eabi.lib : ctype.c.obj (.const:.string:_ctypes_)
                  00004425    0000000f     open_interface.obj (.const:.string:$P$T0$3)
                  00004434    00000004     lcd.obj (.const:.string:lineAddress$1)
                  00004438    00000004     lcd.obj (.const:.string:lineAddresses$2)

.cinit     0    00004440    00000050     
                  00004440    00000019     (.cinit..data.load) [load image, compression = lzss]
                  00004459    00000003     --HOLE-- [fill = 0]
                  0000445c    0000000c     (__TI_handler_table)
                  00004468    00000008     (.cinit..bss.load) [load image, compression = zero_init]
                  00004470    00000008     (.cinit..vtable.load) [load image, compression = zero_init]
                  00004478    00000018     (__TI_cinit_table)

.init_array 
*          0    00000000    00000000     UNINITIALIZED

.vtable    0    20000000    0000026c     UNINITIALIZED
                  20000000    0000026c     driverlib.lib : interrupt.obj (.vtable)

.stack     0    20000270    00001000     UNINITIALIZED
                  20000270    00000004     rtsv7M4_T_le_v4SPD16_eabi.lib : boot_cortex_m.c.obj (.stack)
                  20000274    00000ffc     --HOLE--

.sysmem    0    20001270    00001000     UNINITIALIZED
                  20001270    00000010     rtsv7M4_T_le_v4SPD16_eabi.lib : memory.c.obj (.sysmem)
                  20001280    00000ff0     --HOLE--

.bss       0    20002270    0000038d     UNINITIALIZED
                  20002270    00000168     (.common:angle_array)
                  200023d8    00000168     (.common:dist_array)
                  20002540    00000054     lcd.obj (.bss:lastbuffer$3)
                  20002594    00000034     (.common:isr_char_buffer)
                  200025c8    00000018     open_interface.obj (.bss:firmware$2)
                  200025e0    00000004     (.common:_timeout_ticks)
                  200025e4    00000004     (.common:fallingEdge)
                  200025e8    00000004     (.common:isr_int_value)
                  200025ec    00000004     (.common:left_calibration_value)
                  200025f0    00000004     (.common:pulseLength)
                  200025f4    00000004     (.common:right_calibration_value)
                  200025f8    00000004     (.common:risingEdge)
                  200025fc    00000001     (.common:isRisingEdge)

.data      0    20002600    0000003d     UNINITIALIZED
                  20002600    00000020     open_interface.obj (.data)
                  20002620    00000008     rtsv7M4_T_le_v4SPD16_eabi.lib : _lock.c.obj (.data:$O1$$)
                  20002628    00000008                                   : memory.c.obj (.data:$O1$$)
                  20002630    00000004     libcybotScan.lib : cyBot_Scan.obj (.data)
                  20002634    00000004     libcybotUART.lib : uart.obj (.data)
                  20002638    00000004     rtsv7M4_T_le_v4SPD16_eabi.lib : errno.c.obj (.data)
                  2000263c    00000001     Timer.obj (.data)

__llvm_prf_cnts 
*          0    20000000    00000000     UNINITIALIZED

MODULE SUMMARY

       Module                         code    ro data   rw data
       ------                         ----    -------   -------
    .\
       open_interface.obj             3128    15        56     
       lab3test.obj                   1102    0         728    
       lcd.obj                        824     8         84     
       tm4c1231h6pm_startup_ccs.obj   12      620       0      
       Timer.obj                      584     0         5      
    +--+------------------------------+-------+---------+---------+
       Total:                         5650    643       873    
                                                               
    ../libcybotScan.lib
       cyBot_Scan.obj                 608     0         4      
       ping.obj                       492     0         13     
       servo.obj                      344     0         0      
       ir.obj                         280     0         4      
    +--+------------------------------+-------+---------+---------+
       Total:                         1724    0         21     
                                                               
    ../libcybotUART.lib
       uart.obj                       348     0         56     
    +--+------------------------------+-------+---------+---------+
       Total:                         348     0         56     
                                                               
    C:/ti/TivaWare_C_Series-2.2.0.295/driverlib/ccs/Debug/driverlib.lib
       interrupt.obj                  68      0         620    
       cpu.obj                        12      0         0      
    +--+------------------------------+-------+---------+---------+
       Total:                         80      0         620    
                                                               
    C:\ti\ccs1271\ccs\tools\compiler\ti-cgt-arm_20.2.7.LTS\lib\rtsv7M4_T_le_v4SPD16_eabi.lib
       _printfi.c.obj                 4851    0         0      
       memory.c.obj                   728     0         8      
       fd_add_t2.asm.obj              438     0         0      
       fd_div_t2.asm.obj              310     0         0      
       s_scalbn.c.obj                 272     0         0      
       fd_cmp_t2.asm.obj              268     0         0      
       ctype.c.obj                    0       257       0      
       fd_mul_t2.asm.obj              252     0         0      
       memcpy_t2.asm.obj              156     0         0      
       ull_div_t2.asm.obj             150     0         0      
       vsnprintf.c.obj                136     0         0      
       memset_t2.asm.obj              122     0         0      
       fd_tos_t2.asm.obj              110     0         0      
       copy_decompress_lzss.c.obj     104     0         0      
       s_frexp.c.obj                  100     0         0      
       sprintf.c.obj                  98      0         0      
       _ltoa.c.obj                    84      0         0      
       atoi.c.obj                     76      0         0      
       fd_toi_t2.asm.obj              72      0         0      
       autoinit.c.obj                 68      0         0      
       fs_tod_t2.asm.obj              56      0         0      
       boot_cortex_m.c.obj            52      0         0      
       i_tofd_t2.asm.obj              46      0         0      
       memccpy.c.obj                  28      0         0      
       s_copysign.c.obj               26      0         0      
       strcmp.c.obj                   24      0         0      
       strchr.c.obj                   22      0         0      
       strcpy.c.obj                   20      0         0      
       strlen.c.obj                   20      0         0      
       wcslen.c.obj                   18      0         0      
       copy_decompress_none.c.obj     14      0         0      
       copy_zero_init.c.obj           12      0         0      
       errno.c.obj                    8       0         4      
       _lock.c.obj                    2       0         8      
       exit.c.obj                     4       0         0      
       pre_init.c.obj                 4       0         0      
       div0.asm.obj                   2       0         0      
    +--+------------------------------+-------+---------+---------+
       Total:                         8753    257       20     
                                                               
       Heap:                          0       0         4096   
       Stack:                         0       0         4096   
       Linker Generated:              0       77        0      
    +--+------------------------------+-------+---------+---------+
       Grand Total:                   16555   977       9782   


LINKER GENERATED COPY TABLES

__TI_cinit_table @ 00004478 records: 3, size/record: 8, table size: 24
	.data: load addr=00004440, load size=00000019 bytes, run addr=20002600, run size=0000003d bytes, compression=lzss
	.bss: load addr=00004468, load size=00000008 bytes, run addr=20002270, run size=0000038d bytes, compression=zero_init
	.vtable: load addr=00004470, load size=00000008 bytes, run addr=20000000, run size=0000026c bytes, compression=zero_init


LINKER GENERATED HANDLER TABLE

__TI_handler_table @ 0000445c records: 3, size/record: 4, table size: 12
	index: 0, handler: __TI_zero_init
	index: 1, handler: __TI_decompress_lzss
	index: 2, handler: __TI_decompress_none


GLOBAL SYMBOLS: SORTED ALPHABETICALLY BY Name 

address   name                          
-------   ----                          
000033c5  ADC0SS0_Handler               
00004321  C$$EXIT                       
000042dd  CPUcpsie                      
00000bc3  GPIOF_Handler                 
000042af  IntMasterEnable               
000040bd  IntRegister                   
000042f5  ResetISR                      
0000285d  TIMER3B_Handler               
20001270  __STACK_END                   
00001000  __STACK_SIZE                  
20000470  __STACK_TOP                   
00001000  __SYSMEM_SIZE                 
00004478  __TI_CINIT_Base               
00004490  __TI_CINIT_Limit              
0000445c  __TI_Handler_Table_Base       
00004468  __TI_Handler_Table_Limit      
00003f49  __TI_auto_init_nobinit_nopinit
00003ced  __TI_decompress_lzss          
000042cf  __TI_decompress_none          
00003e0f  __TI_ltoa                     
ffffffff  __TI_pprof_out_hndl           
00000e8d  __TI_printfi                  
ffffffff  __TI_prof_data_size           
ffffffff  __TI_prof_data_start          
00000000  __TI_static_base__            
000042e9  __TI_zero_init                
00003a19  __aeabi_cdcmpeq               
00003a19  __aeabi_cdcmple               
00003a9f  __aeabi_cdrcmple              
00003c7f  __aeabi_d2f                   
00003f01  __aeabi_d2iz                  
00002b33  __aeabi_dadd                  
000030d1  __aeabi_ddiv                  
00003655  __aeabi_dmul                  
00002b29  __aeabi_dsub                  
0000430d  __aeabi_errno_addr            
00004085  __aeabi_f2d                   
00004155  __aeabi_i2d                   
00001d2b  __aeabi_idiv0                 
00001d2b  __aeabi_ldiv0                 
00003b25  __aeabi_memclr                
00003b25  __aeabi_memclr4               
00003b25  __aeabi_memclr8               
000038e7  __aeabi_memcpy                
000038e7  __aeabi_memcpy4               
000038e7  __aeabi_memcpy8               
00003b27  __aeabi_memset                
00003b27  __aeabi_memset4               
00003b27  __aeabi_memset8               
00003983  __aeabi_uldivmod              
ffffffff  __binit__                     
ffffffff  __c_args__                    
UNDEFED   __mpu_init                    
20000270  __stack                       
20000000  __start___llvm_prf_cnts       
20000000  __stop___llvm_prf_cnts        
000040f1  _c_int00_noargs               
00004324  _ctypes_                      
20002620  _lock                         
000018db  _nop                          
2000263c  _running                      
20001270  _sys_memory                   
UNDEFED   _system_post_cinit            
0000431d  _system_pre_init              
200025e0  _timeout_ticks                
20002624  _unlock                       
00004321  abort                         
00003555  aligned_alloc                 
20002270  angle_array                   
00003eb5  atoi                          
ffffffff  binit                         
0000404d  calloc                        
000041e5  copysign                      
000041e5  copysignl                     
0000239d  cyBOT_SERVO_cal               
0000232b  cyBOT_Scan                    
000022d3  cyBOT_init_Scan               
20002630  cyBOT_scan_features           
000022c5  cyBOT_scan_version            
00002de9  cyBot_UART1_Handler           
00002dcf  cyBot_getByte                 
00002ce1  cyBot_sendByte                
00002db1  cyBot_uart_flush              
00002d1f  cyBot_uart_init               
00002d07  cyBot_uart_sendBuffer         
00002ced  cyBot_uart_sendStr            
200023d8  dist_array                    
20002638  errno                         
200025e4  fallingEdge                   
00003751  free                          
00003d55  frexp                         
00003d55  frexpl                        
20000000  g_pfnRAMVectors               
00000000  g_pfnVectors                  
00001905  getScan                       
0000097f  go_charge                     
000033db  ir_enableInterrupt            
000033bd  ir_getDistance                
00003395  ir_getValue                   
0000332d  ir_init                       
200025fc  isRisingEdge                  
20002594  isr_char_buffer               
20002634  isr_counter                   
200025e8  isr_int_value                 
000042bf  lcd_clear                     
00001f01  lcd_gotoLine                  
00001d69  lcd_init                      
00001f67  lcd_printf                    
00001e29  lcd_putc                      
00001e61  lcd_puts                      
00001d2d  lcd_reverseNibble             
00001e7f  lcd_sendCommand               
00001ebd  lcd_sendNibble                
00001f29  lcd_setCursorPos              
00003445  ldexp                         
00003445  ldexpl                        
200025ec  left_calibration_value        
00001c35  main                          
00004315  malloc                        
00003555  memalign                      
000041c9  memccpy                       
000038e7  memcpy                        
00003b2d  memset                        
20002600  motor_cal_factor_L            
20002604  motor_cal_factor_R            
00001997  objectInfo                    
0000026d  oi_alloc                      
00000aa9  oi_checkFirmware              
000002c7  oi_close                      
00000279  oi_free                       
00000ded  oi_getMotorCalibrationLeft    
00000e01  oi_getMotorCalibrationRight   
000002b1  oi_init                       
00000289  oi_init_noupdate              
00000915  oi_loadSong                   
0000422f  oi_parseInt                   
0000032b  oi_parsePacket                
0000096b  oi_play_song                  
0000084b  oi_setLeds                    
00000db1  oi_setMotorCalibration        
0000088f  oi_setWheels                  
00000b51  oi_shutoff_init               
0000098d  oi_uartInit                   
00000a31  oi_uartReceive                
00000a77  oi_uartSendBuff               
00000a15  oi_uartSendChar               
00000a59  oi_uartSendStr                
000002d9  oi_update                     
000028af  ping_getDistance              
0000276d  ping_init                     
000027f3  ping_trigger                  
00001b05  printObjectInfo               
200025f0  pulseLength                   
200025f4  right_calibration_value       
200025f8  risingEdge                    
00003445  scalbn                        
00003445  scalbnl                       
000018dd  sendString                    
00002e3d  servo_init                    
00002ecd  servo_move                    
00002f2d  servo_setPWM                  
00002ec1  servo_stop                    
00001b95  smallestObjectDegrees         
00003f8d  sprintf                       
0000425f  strchr                        
00004247  strcmp                        
00004275  strcpy                        
00004289  strlen                        
00002643  timer_getMicros               
000025eb  timer_getMillis               
00002525  timer_init                    
000025c7  timer_pause                   
000025d9  timer_resume                  
0000259d  timer_stop                    
0000269d  timer_waitMicros              
000026cf  timer_waitMillis              
00003fcd  vsnprintf                     
0000429d  wcslen                        


GLOBAL SYMBOLS: SORTED BY Symbol Address 

address   name                          
-------   ----                          
00000000  __TI_static_base__            
00000000  g_pfnVectors                  
0000026d  oi_alloc                      
00000279  oi_free                       
00000289  oi_init_noupdate              
000002b1  oi_init                       
000002c7  oi_close                      
000002d9  oi_update                     
0000032b  oi_parsePacket                
0000084b  oi_setLeds                    
0000088f  oi_setWheels                  
00000915  oi_loadSong                   
0000096b  oi_play_song                  
0000097f  go_charge                     
0000098d  oi_uartInit                   
00000a15  oi_uartSendChar               
00000a31  oi_uartReceive                
00000a59  oi_uartSendStr                
00000a77  oi_uartSendBuff               
00000aa9  oi_checkFirmware              
00000b51  oi_shutoff_init               
00000bc3  GPIOF_Handler                 
00000db1  oi_setMotorCalibration        
00000ded  oi_getMotorCalibrationLeft    
00000e01  oi_getMotorCalibrationRight   
00000e8d  __TI_printfi                  
00001000  __STACK_SIZE                  
00001000  __SYSMEM_SIZE                 
000018db  _nop                          
000018dd  sendString                    
00001905  getScan                       
00001997  objectInfo                    
00001b05  printObjectInfo               
00001b95  smallestObjectDegrees         
00001c35  main                          
00001d2b  __aeabi_idiv0                 
00001d2b  __aeabi_ldiv0                 
00001d2d  lcd_reverseNibble             
00001d69  lcd_init                      
00001e29  lcd_putc                      
00001e61  lcd_puts                      
00001e7f  lcd_sendCommand               
00001ebd  lcd_sendNibble                
00001f01  lcd_gotoLine                  
00001f29  lcd_setCursorPos              
00001f67  lcd_printf                    
000022c5  cyBOT_scan_version            
000022d3  cyBOT_init_Scan               
0000232b  cyBOT_Scan                    
0000239d  cyBOT_SERVO_cal               
00002525  timer_init                    
0000259d  timer_stop                    
000025c7  timer_pause                   
000025d9  timer_resume                  
000025eb  timer_getMillis               
00002643  timer_getMicros               
0000269d  timer_waitMicros              
000026cf  timer_waitMillis              
0000276d  ping_init                     
000027f3  ping_trigger                  
0000285d  TIMER3B_Handler               
000028af  ping_getDistance              
00002b29  __aeabi_dsub                  
00002b33  __aeabi_dadd                  
00002ce1  cyBot_sendByte                
00002ced  cyBot_uart_sendStr            
00002d07  cyBot_uart_sendBuffer         
00002d1f  cyBot_uart_init               
00002db1  cyBot_uart_flush              
00002dcf  cyBot_getByte                 
00002de9  cyBot_UART1_Handler           
00002e3d  servo_init                    
00002ec1  servo_stop                    
00002ecd  servo_move                    
00002f2d  servo_setPWM                  
000030d1  __aeabi_ddiv                  
0000332d  ir_init                       
00003395  ir_getValue                   
000033bd  ir_getDistance                
000033c5  ADC0SS0_Handler               
000033db  ir_enableInterrupt            
00003445  ldexp                         
00003445  ldexpl                        
00003445  scalbn                        
00003445  scalbnl                       
00003555  aligned_alloc                 
00003555  memalign                      
00003655  __aeabi_dmul                  
00003751  free                          
000038e7  __aeabi_memcpy                
000038e7  __aeabi_memcpy4               
000038e7  __aeabi_memcpy8               
000038e7  memcpy                        
00003983  __aeabi_uldivmod              
00003a19  __aeabi_cdcmpeq               
00003a19  __aeabi_cdcmple               
00003a9f  __aeabi_cdrcmple              
00003b25  __aeabi_memclr                
00003b25  __aeabi_memclr4               
00003b25  __aeabi_memclr8               
00003b27  __aeabi_memset                
00003b27  __aeabi_memset4               
00003b27  __aeabi_memset8               
00003b2d  memset                        
00003c7f  __aeabi_d2f                   
00003ced  __TI_decompress_lzss          
00003d55  frexp                         
00003d55  frexpl                        
00003e0f  __TI_ltoa                     
00003eb5  atoi                          
00003f01  __aeabi_d2iz                  
00003f49  __TI_auto_init_nobinit_nopinit
00003f8d  sprintf                       
00003fcd  vsnprintf                     
0000404d  calloc                        
00004085  __aeabi_f2d                   
000040bd  IntRegister                   
000040f1  _c_int00_noargs               
00004155  __aeabi_i2d                   
000041c9  memccpy                       
000041e5  copysign                      
000041e5  copysignl                     
0000422f  oi_parseInt                   
00004247  strcmp                        
0000425f  strchr                        
00004275  strcpy                        
00004289  strlen                        
0000429d  wcslen                        
000042af  IntMasterEnable               
000042bf  lcd_clear                     
000042cf  __TI_decompress_none          
000042dd  CPUcpsie                      
000042e9  __TI_zero_init                
000042f5  ResetISR                      
0000430d  __aeabi_errno_addr            
00004315  malloc                        
0000431d  _system_pre_init              
00004321  C$$EXIT                       
00004321  abort                         
00004324  _ctypes_                      
0000445c  __TI_Handler_Table_Base       
00004468  __TI_Handler_Table_Limit      
00004478  __TI_CINIT_Base               
00004490  __TI_CINIT_Limit              
20000000  __start___llvm_prf_cnts       
20000000  __stop___llvm_prf_cnts        
20000000  g_pfnRAMVectors               
20000270  __stack                       
20000470  __STACK_TOP                   
20001270  __STACK_END                   
20001270  _sys_memory                   
20002270  angle_array                   
200023d8  dist_array                    
20002594  isr_char_buffer               
200025e0  _timeout_ticks                
200025e4  fallingEdge                   
200025e8  isr_int_value                 
200025ec  left_calibration_value        
200025f0  pulseLength                   
200025f4  right_calibration_value       
200025f8  risingEdge                    
200025fc  isRisingEdge                  
20002600  motor_cal_factor_L            
20002604  motor_cal_factor_R            
20002620  _lock                         
20002624  _unlock                       
20002630  cyBOT_scan_features           
20002634  isr_counter                   
20002638  errno                         
2000263c  _running                      
ffffffff  __TI_pprof_out_hndl           
ffffffff  __TI_prof_data_size           
ffffffff  __TI_prof_data_start          
ffffffff  __binit__                     
ffffffff  __c_args__                    
ffffffff  binit                         
UNDEFED   __mpu_init                    
UNDEFED   _system_post_cinit            

[178 symbols]
